== POST-CUTOVER (working tree) — expect 0 on every term ==
  0  Indexical Tuple
  0  Indexed Classifications
  0  Mandatory Perspectives
  0  (P, T, E, S)
  0  (P,T,E,S)
  0  perspective object
  0  agent_power
  0  classification_type
  0  perspectives` | Indexed
  0  Perspective Minimum
  0  Perspective Tuple
== PRE-CUTOVER (git show HEAD:...) — positive control, expect >0 ==
  1  Indexical Tuple
  1  Indexed Classifications
  1  Mandatory Perspectives
  2  (P, T, E, S)
  3  (P,T,E,S)
  4  perspective object
  8  agent_power
  2  classification_type
  1  Perspective Minimum
  1  Perspective Tuple
== POST documented-legitimate residue (allowlisted) ==
270:| Perspectival gap explanation | `commentary.perspectival_gap` |
479:rulings R1–R5 of record). There is no `perspectives[]` array — the engine computes per-seat
