PRE: 92 findings / 54 files | POST: 80 findings / 53 files
  - agricultural_contract_grower_lockin.pl CLEARED: UNRESOLVED_MANDATROPHY: Extraction 0.78 requires resolution hook.
  - company_town_scrip_economy.pl CLEARED: UNRESOLVED_MANDATROPHY: Extraction 0.78 requires resolution hook.
  - digital_colonialism_data_extraction.pl CLEARED: UNRESOLVED_MANDATROPHY: Extraction 0.78 requires resolution hook.
  + digital_colonialism_data_extraction.pl NEW: UNRESOLVED_MANDATROPHY: Extraction 0.78 requires resolution hook (legacy) or the R5 genealogy interview (founding_problem_status).
  - digital_power_concentration.pl CLEARED: UNRESOLVED_MANDATROPHY: Extraction 0.78 requires resolution hook.
  + digital_power_concentration.pl NEW: UNRESOLVED_MANDATROPHY: Extraction 0.78 requires resolution hook (legacy) or the R5 genealogy interview (founding_problem_status).
  - eldercare_guardianship_capture.pl CLEARED: UNRESOLVED_MANDATROPHY: Extraction 0.78 requires resolution hook.
  - employment_boundary_contradictions.pl CLEARED: INSUFFICIENT_VARIANCE: Found []. Need at least 2 different types across indices.
  - employment_boundary_contradictions.pl CLEARED: MISSING_PERSPECTIVE: Must include agent_power(institutional).
  - employment_boundary_contradictions.pl CLEARED: MISSING_PERSPECTIVE: Must include agent_power(powerless).
  - employment_boundary_contradictions.pl CLEARED: OUTDATED_HOOK: v4.0 requires constraint_indexing:constraint_classification/3.
  + employment_boundary_contradictions.pl NEW: MISSING_AGENT_SURFACE: requires constraint_classification/3 (legacy) or constraint_stakeholder/7 (stakeholder surface) or the sanctioned authored-empty case (disappearance_verdict = world_unchanged).
  - human_dignity_ai_governance_contradictions.pl CLEARED: INSUFFICIENT_VARIANCE: Found []. Need at least 2 different types across indices.
  - human_dignity_ai_governance_contradictions.pl CLEARED: MISSING_PERSPECTIVE: Must include agent_power(institutional).
  - human_dignity_ai_governance_contradictions.pl CLEARED: MISSING_PERSPECTIVE: Must include agent_power(powerless).
  - human_dignity_ai_governance_contradictions.pl CLEARED: OUTDATED_HOOK: v4.0 requires constraint_indexing:constraint_classification/3.
  + human_dignity_ai_governance_contradictions.pl NEW: MISSING_AGENT_SURFACE: requires constraint_classification/3 (legacy) or constraint_stakeholder/7 (stakeholder surface) or the sanctioned authored-empty case (disappearance_verdict = world_unchanged).
  - medical_debt_collection_escalation.pl CLEARED: UNRESOLVED_MANDATROPHY: Extraction 0.78 requires resolution hook.
  - probation_supervision_intensification.pl CLEARED: UNRESOLVED_MANDATROPHY: Extraction 0.72 requires resolution hook.
  - war_normalization_autonomous_weapons.pl CLEARED: UNRESOLVED_MANDATROPHY: Extraction 0.78 requires resolution hook.
