pre run: 2026-06-12T05:11:09Z | post run: 2026-06-12T05:32:07Z
constraints with changed output: 60 -> ['adjunctification_of_university_teaching', 'agenda_conditioning', 'agricultural_contract_grower_lockin', 'ai_governance_accountability', 'collapse_mechanism_ambiguity', 'collapse_timing_uncertainty', 'company_town_scrip_economy', 'competition_timeline_pressure', 'demographic_skill_mismatch', 'digital_colonialism_data_extraction', 'digital_power_concentration', 'eldercare_guardianship_capture', 'employment_boundary_flat_control', 'formalist_employment_reading', 'garment_supplychain_audit_theater', 'generational_value_divergence', 'gig_platform_algorithmic_management', 'human_dignity_ai_governance_flat_control', 'hybrid_security_reading', 'information_suppression', 'institutional_trust_erosion', 'intra_party_fragmentation', 'magisterial_integralist_reading', 'medical_debt_collection_escalation', 'optimization_artifact_risk', 'organization_floor', 'platform_flexibility_precarity_tradeoff', 'pluralist_pragmatic_reading', 'post_1998_convergence', 'probation_supervision_intensification', 'proxy_measurement_validity', 'recalibration_interpretive_validity', 'regime_change_structural_break', 'regulatory_measurement_gap', 'representation_legitimacy_gap', 'reprogramming_safety_toxicity', 'retirement_security_deficit', 'scale_ceiling', 'secular_humanist_reading', 'solar_integration_mechanism', 'substantive_employment_reading', 'surveillance_control_freedom', 'techno_optimist_reading', 'technocratic_paradigm_resistance', 'technocratic_paradigm_vs_human_primacy', 'tenant_displacement_renovation_eviction', 'thermal_dissipation_constraint', 'topology_selection', 'transfer_gap_physics', 'truth_as_common_good', 'truth_democracy_disinformation', 'union_decertification_campaign', 'veto_asymmetry', 'voltage_regulation_tradeoff', 'wage_convergence_mechanism', 'wage_convergence_sustainability', 'war_normalization_ai_weapons', 'war_normalization_autonomous_weapons', 'work_dignity_automation', 'work_displacement_dignity']
  adjunctification_of_university_teaching.maxent_probs: {"mountain": 0.0, "rope": 0.0, "tangled_rope": 0.000594, "snare": 0.999406, "scaffold": 0.0, "piton": 0.0} -> {"mountain": 0.0, "rope": 0.0, "tangled_rope": 0.000594, "snare": 0.99934, "scaffold": 0.0, "piton": 6.6e-05}
  adjunctification_of_university_teaching.raw_maxent_probs: {"mountain": 0.0, "rope": 0.0, "tangled_rope": 0.000198, "snare": 0.999802, "scaffold": 0.0, "piton": 0.0} -> {"mountain": 0.0, "rope": 0.0, "tangled_rope": 0.000198, "snare": 0.999736, "scaffold": 0.0, "piton": 6.6e-05}
  adjunctification_of_university_teaching.maxent_entropy: 0.002794 -> 0.003185
  adjunctification_of_university_teaching.maxent_indexed: CHANGED (large value)
  adjunctification_of_university_teaching.maxent_divergence: {"total_variation": 0.0, "interpretation": "near_zero"} -> {"total_variation": 5e-05, "interpretation": "near_zero"}
  adjunctification_of_university_teaching.wasserstein_profile: {"u1_u2": 0.994614, "u2_u3": 0.504573, "u3_u4": 0.509365} -> {"u1_u2": 0.994614, "u2_u3": 0.512593, "u3_u4": 0.517384}
  adjunctification_of_university_teaching.wasserstein_total_fracture: 2.008553 -> 2.024591
  adjunctification_of_university_teaching.wasserstein_incomparable_mass: {"u1": 0.0, "u2": 0.0, "u3": 0.0, "u4": 0.0} -> {"u1": 0.001915, "u2": 4.2e-05, "u3": 0.001785, "u4": 6.6e-05}
  adjunctification_of_university_teaching.arakelov_height: 0.346772 -> 0.35281
  adjunctification_of_university_teaching.signature_pressure: 0.110925 -> 0.107961
  agenda_conditioning.maxent_probs: {"mountain": 0.0, "rope": 0.0, "tangled_rope": 0.000599, "snare": 0.999401, "scaffold": 0.0, "piton": 0.0} -> {"mountain": 0.0, "rope": 0.0, "tangled_rope": 0.000599, "snare": 0.999384, "scaffold": 0.0, "piton": 1.7e-05}
  agenda_conditioning.raw_maxent_probs: {"mountain": 0.0, "rope": 0.0, "tangled_rope": 0.0002, "snare": 0.9998, "scaffold": 0.0, "piton": 0.0} -> {"mountain": 0.0, "rope": 0.0, "tangled_rope": 0.0002, "snare": 0.999783, "scaffold": 0.0, "piton": 1.7e-05}
  agenda_conditioning.maxent_entropy: 0.002815 -> 0.002931
  agenda_conditioning.maxent_indexed: CHANGED (large value)
  agenda_conditioning.maxent_divergence: {"total_variation": 0.0, "interpretation": "near_zero"} -> {"total_variation": 1.3e-05, "interpretation": "near_zero"}
  agenda_conditioning.wasserstein_profile: {"u1_u2": 0.993948, "u2_u3": 0.4482, "u3_u4": 0.453653} -> {"u1_u2": 0.993948, "u2_u3": 0.456331, "u3_u4": 0.461784}
  agenda_conditioning.wasserstein_total_fracture: 1.895801 -> 1.912063
  agenda_conditioning.wasserstein_incomparable_mass: {"u1": 0.0, "u2": 0.0, "u3": 0.0, "u4": 0.0} -> {"u1": 0.000541, "u2": 1.2e-05, "u3": 0.000433, "u4": 1.7e-05}
  agenda_conditioning.arakelov_height: 0.308892 -> 0.314579
  agenda_conditioning.signature_pressure: 0.106966 -> 0.104611
  agricultural_contract_grower_lockin.maxent_entropy: 0.006645 -> 0.006646
  agricultural_contract_grower_lockin.wasserstein_profile: {"u1_u2": 0.043418, "u2_u3": 0.187583, "u3_u4": 0.229941} -> {"u1_u2": 0.043418, "u2_u3": 0.19367, "u3_u4": 0.236027}
  agricultural_contract_grower_lockin.wasserstein_total_fracture: 0.460942 -> 0.473115
  agricultural_contract_grower_lockin.arakelov_height: 0.180603 -> 0.18535
  agricultural_contract_grower_lockin.signature_pressure: 0.069868 -> 0.069054
  ai_governance_accountability.maxent_probs: {"mountain": 0.0, "rope": 0.0, "tangled_rope": 0.003094, "snare": 0.996906, "scaffold": 0.0, "piton": 0.0} -> {"mountain": 0.0, "rope": 0.0, "tangled_rope": 0.003094, "snare": 0.996876, "scaffold": 0.0, "piton": 3e-05}
  ai_governance_accountability.raw_maxent_probs: {"mountain": 0.0, "rope": 0.0, "tangled_rope": 0.001033, "snare": 0.998966, "scaffold": 0.0, "piton": 0.0} -> {"mountain": 0.0, "rope": 0.0, "tangled_rope": 0.001033, "snare": 0.998936, "scaffold": 0.0, "piton": 3e-05}
  ai_governance_accountability.maxent_entropy: 0.011703 -> 0.011893
  ai_governance_accountability.maxent_indexed: CHANGED (large value)
  ai_governance_accountability.maxent_divergence: {"total_variation": 0.0, "interpretation": "near_zero"} -> {"total_variation": 1.3e-05, "interpretation": "near_zero"}
  ai_governance_accountability.wasserstein_profile: {"u1_u2": 0.937404, "u2_u3": 0.520088, "u3_u4": 0.579595} -> {"u1_u2": 0.937405, "u2_u3": 0.53053, "u3_u4": 0.590034}
  ai_governance_accountability.wasserstein_total_fracture: 2.037086 -> 2.057969
  ai_governance_accountability.wasserstein_incomparable_mass: {"u1": 0.0, "u2": 0.0, "u3": 4e-06, "u4": 0.0} -> {"u1": 0.000455, "u2": 6.6e-05, "u3": 0.000426, "u4": 3e-05}
  ai_governance_accountability.arakelov_height: 0.361268 -> 0.367847
  ai_governance_accountability.signature_pressure: 0.11731 -> 0.113189
  collapse_mechanism_ambiguity.raw_maxent_probs: {"mountain": 0.0002, "rope": 0.997809, "tangled_rope": 1.5e-05, "snare": 0.0, "scaffold": 0.001976, "piton": 0.0} -> {"mountain": 0.000179, "rope": 0.998044, "tangled_rope": 1.3e-05, "snare": 0.0, "scaffold": 0.001764, "piton": 0.0}
  collapse_mechanism_ambiguity.arakelov_height: 0.076245 -> 0.067306
  collapse_timing_uncertainty.maxent_probs: {"mountain": 0.0, "rope": 0.0, "tangled_rope": 0.000599, "snare": 0.999401, "scaffold": 0.0, "piton": 0.0} -> {"mountain": 0.0, "rope": 0.0, "tangled_rope": 0.000599, "snare": 0.999384, "scaffold": 0.0, "piton": 1.7e-05}
  collapse_timing_uncertainty.raw_maxent_probs: {"mountain": 0.0, "rope": 0.0, "tangled_rope": 0.0002, "snare": 0.9998, "scaffold": 0.0, "piton": 0.0} -> {"mountain": 0.0, "rope": 0.0, "tangled_rope": 0.0002, "snare": 0.999783, "scaffold": 0.0, "piton": 1.7e-05}
  collapse_timing_uncertainty.maxent_entropy: 0.002815 -> 0.002931
  collapse_timing_uncertainty.maxent_indexed: CHANGED (large value)
  collapse_timing_uncertainty.maxent_divergence: {"total_variation": 0.0, "interpretation": "near_zero"} -> {"total_variation": 1.3e-05, "interpretation": "near_zero"}
  collapse_timing_uncertainty.wasserstein_profile: {"u1_u2": 0.993948, "u2_u3": 0.4482, "u3_u4": 0.453653} -> {"u1_u2": 0.993948, "u2_u3": 0.456331, "u3_u4": 0.461784}
  collapse_timing_uncertainty.wasserstein_total_fracture: 1.895801 -> 1.912063
  collapse_timing_uncertainty.wasserstein_incomparable_mass: {"u1": 0.0, "u2": 0.0, "u3": 2e-06, "u4": 0.0} -> {"u1": 0.000541, "u2": 1.2e-05, "u3": 0.000435, "u4": 1.7e-05}
  collapse_timing_uncertainty.arakelov_height: 0.308892 -> 0.31458
  collapse_timing_uncertainty.signature_pressure: 0.106966 -> 0.104611
  company_town_scrip_economy.maxent_probs: {"mountain": 0.0, "rope": 0.0, "tangled_rope": 0.002503, "snare": 0.997497, "scaffold": 0.0, "piton": 0.0} -> {"mountain": 0.0, "rope": 0.0, "tangled_rope": 0.002503, "snare": 0.997496, "scaffold": 0.0, "piton": 0.0}
  company_town_scrip_economy.maxent_entropy: 0.009764 -> 0.009767
  company_town_scrip_economy.wasserstein_profile: {"u1_u2": 0.060086, "u2_u3": 0.146572, "u3_u4": 0.204538} -> {"u1_u2": 0.060086, "u2_u3": 0.152217, "u3_u4": 0.210182}
  company_town_scrip_economy.wasserstein_total_fracture: 0.411197 -> 0.422486
  company_town_scrip_economy.arakelov_height: 0.161492 -> 0.165895
  company_town_scrip_economy.signature_pressure: 0.061291 -> 0.060648
  competition_timeline_pressure.maxent_probs: {"mountain": 0.0, "rope": 7e-06, "tangled_rope": 0.028429, "snare": 0.971564, "scaffold": 0.0, "piton": 0.0} -> {"mountain": 0.0, "rope": 3e-06, "tangled_rope": 0.028429, "snare": 0.971568, "scaffold": 0.0, "piton": 1e-06}
  competition_timeline_pressure.raw_maxent_probs: {"mountain": 0.0, "rope": 7e-06, "tangled_rope": 0.009659, "snare": 0.990334, "scaffold": 0.0, "piton": 0.0} -> {"mountain": 0.0, "rope": 3e-06, "tangled_rope": 0.009659, "snare": 0.990337, "scaffold": 0.0, "piton": 1e-06}
  competition_timeline_pressure.maxent_entropy: 0.072178 -> 0.072156
  competition_timeline_pressure.maxent_indexed: CHANGED (large value)
  competition_timeline_pressure.wasserstein_profile: {"u1_u2": 0.353681, "u2_u3": 0.362638, "u3_u4": 0.45627} -> {"u1_u2": 0.353661, "u2_u3": 0.364831, "u3_u4": 0.467811}
  competition_timeline_pressure.wasserstein_total_fracture: 1.172589 -> 1.186303
  competition_timeline_pressure.wasserstein_incomparable_mass: {"u1": 0.0, "u2": 0.0, "u3": 0.0, "u4": 0.0} -> {"u1": 3e-06, "u2": 2e-06, "u3": 2e-06, "u4": 1e-06}
  competition_timeline_pressure.arakelov_height: 0.749812 -> 0.749821
  competition_timeline_pressure.signature_pressure: 0.535397 -> 0.535435
  demographic_skill_mismatch.raw_maxent_probs: {"mountain": 0.0, "rope": 0.99561, "tangled_rope": 0.001487, "snare": 0.0, "scaffold": 0.002903, "piton": 0.0} -> {"mountain": 0.0, "rope": 0.996388, "tangled_rope": 0.001224, "snare": 0.0, "scaffold": 0.002388, "piton": 0.0}
  demographic_skill_mismatch.arakelov_height: 0.070679 -> 0.053398
  digital_colonialism_data_extraction.maxent_probs: {"mountain": 0.0, "rope": 0.0, "tangled_rope": 0.000928, "snare": 0.999072, "scaffold": 0.0, "piton": 0.0} -> {"mountain": 0.0, "rope": 0.0, "tangled_rope": 0.000919, "snare": 0.989579, "scaffold": 0.0, "piton": 0.009501}
  digital_colonialism_data_extraction.raw_maxent_probs: {"mountain": 0.0, "rope": 0.0, "tangled_rope": 0.00031, "snare": 0.99969, "scaffold": 0.0, "piton": 0.0} -> {"mountain": 0.0, "rope": 0.0, "tangled_rope": 0.000307, "snare": 0.990186, "scaffold": 0.0, "piton": 0.009507}
  digital_colonialism_data_extraction.maxent_entropy: 0.004135 -> 0.034064
  digital_colonialism_data_extraction.maxent_indexed: CHANGED (large value)
  digital_colonialism_data_extraction.maxent_divergence: {"total_variation": 0.0, "interpretation": "near_zero"} -> {"total_variation": 0.009111, "interpretation": "near_zero"}
  digital_colonialism_data_extraction.wasserstein_profile: {"u1_u2": 0.989753, "u2_u3": 0.548907, "u3_u4": 0.558226} -> {"u1_u2": 0.989753, "u2_u3": 0.555363, "u3_u4": 0.564682}
  digital_colonialism_data_extraction.wasserstein_total_fracture: 2.096886 -> 2.109797
  digital_colonialism_data_extraction.wasserstein_incomparable_mass: {"u1": 0.0, "u2": 0.0, "u3": 0.0, "u4": 0.0} -> {"u1": 0.023038, "u2": 0.003669, "u3": 0.028889, "u4": 0.009501}
  digital_colonialism_data_extraction.arakelov_height: 0.015986 -> 0.170198
  digital_colonialism_data_extraction.arakelov_height_context: "moderate" -> "powerless"
  digital_colonialism_data_extraction.signature_pressure: 0.013616 -> 0.086063
  digital_power_concentration.maxent_probs: {"mountain": 0.0, "rope": 0.0, "tangled_rope": 0.00031, "snare": 0.99969, "scaffold": 0.0, "piton": 0.0} -> {"mountain": 0.0, "rope": 0.0, "tangled_rope": 0.000307, "snare": 0.990186, "scaffold": 0.0, "piton": 0.009507}
  digital_power_concentration.raw_maxent_probs: {"mountain": 0.0, "rope": 0.0, "tangled_rope": 0.00031, "snare": 0.99969, "scaffold": 0.0, "piton": 0.0} -> {"mountain": 0.0, "rope": 0.0, "tangled_rope": 0.000307, "snare": 0.990186, "scaffold": 0.0, "piton": 0.009507}
  digital_power_concentration.maxent_entropy: 0.001569 -> 0.031538
  digital_power_concentration.maxent_indexed: CHANGED (large value)
  digital_power_concentration.maxent_divergence: {"total_variation": 0.0, "interpretation": "near_zero"} -> {"total_variation": 0.009117, "interpretation": "near_zero"}
  digital_power_concentration.wasserstein_profile: {"u1_u2": 0.996561, "u2_u3": 0.449723, "u3_u4": 0.452853} -> {"u1_u2": 0.996561, "u2_u3": 0.458311, "u3_u4": 0.46144}
  digital_power_concentration.wasserstein_total_fracture: 1.899137 -> 1.916312
  digital_power_concentration.wasserstein_incomparable_mass: {"u1": 0.0, "u2": 0.0, "u3": 0.0, "u4": 0.0} -> {"u1": 0.066069, "u2": 0.003694, "u3": 0.03555, "u4": 0.009507}
  digital_power_concentration.arakelov_height: 0.317384 -> 0.336307
  eldercare_guardianship_capture.maxent_probs: {"mountain": 0.0, "rope": 0.0, "tangled_rope": 0.000706, "snare": 0.999294, "scaffold": 0.0, "piton": 0.0} -> {"mountain": 0.0, "rope": 0.0, "tangled_rope": 0.000704, "snare": 0.99677, "scaffold": 0.0, "piton": 0.002526}
  eldercare_guardianship_capture.raw_maxent_probs: {"mountain": 0.0, "rope": 0.0, "tangled_rope": 0.000236, "snare": 0.999764, "scaffold": 0.0, "piton": 0.0} -> {"mountain": 0.0, "rope": 0.0, "tangled_rope": 0.000235, "snare": 0.997238, "scaffold": 0.0, "piton": 0.002527}
  eldercare_guardianship_capture.maxent_entropy: 0.003254 -> 0.013084
  eldercare_guardianship_capture.maxent_indexed: CHANGED (large value)
  eldercare_guardianship_capture.maxent_divergence: {"total_variation": 0.0, "interpretation": "near_zero"} -> {"total_variation": 0.002423, "interpretation": "near_zero"}
  eldercare_guardianship_capture.wasserstein_profile: {"u1_u2": 0.991298, "u2_u3": 0.489093, "u3_u4": 0.497089} -> {"u1_u2": 0.991298, "u2_u3": 0.496094, "u3_u4": 0.50409}
  eldercare_guardianship_capture.wasserstein_total_fracture: 1.977479 -> 1.991481
  eldercare_guardianship_capture.wasserstein_incomparable_mass: {"u1": 0.0, "u2": 0.0, "u3": 0.0, "u4": 0.0} -> {"u1": 0.008598, "u2": 0.001046, "u3": 0.009391, "u4": 0.002526}
  eldercare_guardianship_capture.arakelov_height: 0.38828 -> 0.397368
  eldercare_guardianship_capture.signature_pressure: 0.103302 -> 0.099206
  employment_boundary_flat_control.maxent_probs: {"mountain": 0.0, "rope": 0.0, "tangled_rope": 0.003094, "snare": 0.996906, "scaffold": 0.0, "piton": 0.0} -> {"mountain": 0.0, "rope": 0.0, "tangled_rope": 0.003094, "snare": 0.996876, "scaffold": 0.0, "piton": 3e-05}
  employment_boundary_flat_control.raw_maxent_probs: {"mountain": 0.0, "rope": 0.0, "tangled_rope": 0.001033, "snare": 0.998966, "scaffold": 0.0, "piton": 0.0} -> {"mountain": 0.0, "rope": 0.0, "tangled_rope": 0.001033, "snare": 0.998936, "scaffold": 0.0, "piton": 3e-05}
  employment_boundary_flat_control.maxent_entropy: 0.011703 -> 0.011893
  employment_boundary_flat_control.maxent_indexed: CHANGED (large value)
  employment_boundary_flat_control.maxent_divergence: {"total_variation": 0.0, "interpretation": "near_zero"} -> {"total_variation": 1.3e-05, "interpretation": "near_zero"}
  employment_boundary_flat_control.wasserstein_profile: {"u1_u2": 0.937404, "u2_u3": 0.520088, "u3_u4": 0.579595} -> {"u1_u2": 0.937405, "u2_u3": 0.53053, "u3_u4": 0.590034}
  employment_boundary_flat_control.wasserstein_total_fracture: 2.037086 -> 2.057969
  employment_boundary_flat_control.wasserstein_incomparable_mass: {"u1": 0.0, "u2": 0.0, "u3": 4e-06, "u4": 0.0} -> {"u1": 0.000455, "u2": 6.6e-05, "u3": 0.000426, "u4": 3e-05}
  employment_boundary_flat_control.arakelov_height: 0.361268 -> 0.367847
  employment_boundary_flat_control.signature_pressure: 0.11731 -> 0.113189
  formalist_employment_reading.maxent_probs: {"mountain": 0.0, "rope": 0.0, "tangled_rope": 0.000599, "snare": 0.999401, "scaffold": 0.0, "piton": 0.0} -> {"mountain": 0.0, "rope": 0.0, "tangled_rope": 0.000599, "snare": 0.999384, "scaffold": 0.0, "piton": 1.7e-05}
  formalist_employment_reading.raw_maxent_probs: {"mountain": 0.0, "rope": 0.0, "tangled_rope": 0.0002, "snare": 0.9998, "scaffold": 0.0, "piton": 0.0} -> {"mountain": 0.0, "rope": 0.0, "tangled_rope": 0.0002, "snare": 0.999783, "scaffold": 0.0, "piton": 1.7e-05}
  formalist_employment_reading.maxent_entropy: 0.002815 -> 0.002931
  formalist_employment_reading.maxent_indexed: CHANGED (large value)
  formalist_employment_reading.maxent_divergence: {"total_variation": 0.0, "interpretation": "near_zero"} -> {"total_variation": 1.3e-05, "interpretation": "near_zero"}
  formalist_employment_reading.wasserstein_profile: {"u1_u2": 0.993948, "u2_u3": 0.4482, "u3_u4": 0.453653} -> {"u1_u2": 0.993948, "u2_u3": 0.456331, "u3_u4": 0.461784}
  formalist_employment_reading.wasserstein_total_fracture: 1.895801 -> 1.912063
  formalist_employment_reading.wasserstein_incomparable_mass: {"u1": 0.0, "u2": 0.0, "u3": 2e-06, "u4": 0.0} -> {"u1": 0.000541, "u2": 1.2e-05, "u3": 0.000435, "u4": 1.7e-05}
  formalist_employment_reading.arakelov_height: 0.308892 -> 0.31458
  formalist_employment_reading.signature_pressure: 0.106966 -> 0.104611
  garment_supplychain_audit_theater.maxent_probs: {"mountain": 0.0, "rope": 0.0, "tangled_rope": 0.033721, "snare": 0.966279, "scaffold": 0.0, "piton": 0.0} -> {"mountain": 0.0, "rope": 0.0, "tangled_rope": 0.024738, "snare": 0.708869, "scaffold": 0.0, "piton": 0.266394}
  garment_supplychain_audit_theater.raw_maxent_probs: {"mountain": 0.0, "rope": 0.0, "tangled_rope": 0.011499, "snare": 0.988501, "scaffold": 0.0, "piton": 0.0} -> {"mountain": 0.0, "rope": 0.0, "tangled_rope": 0.008384, "snare": 0.720755, "scaffold": 0.0, "piton": 0.270861}
  garment_supplychain_audit_theater.maxent_entropy: 0.082293 -> 0.383872
  garment_supplychain_audit_theater.maxent_indexed: CHANGED (large value)
  garment_supplychain_audit_theater.maxent_divergence: {"total_variation": 0.0, "interpretation": "near_zero"} -> {"total_variation": 0.186209, "interpretation": "large"}
  garment_supplychain_audit_theater.wasserstein_profile: {"u1_u2": 0.650246, "u2_u3": 0.648174, "u3_u4": 0.964209} -> {"u1_u2": 0.650246, "u2_u3": 0.653089, "u3_u4": 0.969123}
  garment_supplychain_audit_theater.wasserstein_total_fracture: 2.262629 -> 2.272459
  garment_supplychain_audit_theater.wasserstein_incomparable_mass: {"u1": 0.0, "u2": 0.0, "u3": 0.0, "u4": 0.0} -> {"u1": 0.190823, "u2": 0.286438, "u3": 0.302003, "u4": 0.266394}
  garment_supplychain_audit_theater.arakelov_height: 0.939805 -> 0.867481
  garment_supplychain_audit_theater.arakelov_height_context: "institutional" -> "powerless"
  garment_supplychain_audit_theater.signature_pressure: 0.400378 -> 0.447031
  garment_supplychain_audit_theater.diagnostic_verdict: CHANGED (large value)
  generational_value_divergence.maxent_probs: {"mountain": 0.0, "rope": 0.991685, "tangled_rope": 0.000305, "snare": 0.0, "scaffold": 0.00801, "piton": 0.0} -> {"mountain": 0.0, "rope": 0.993404, "tangled_rope": 0.000242, "snare": 0.0, "scaffold": 0.006355, "piton": 0.0}
  generational_value_divergence.raw_maxent_probs: {"mountain": 0.0, "rope": 0.991886, "tangled_rope": 0.000102, "snare": 0.0, "scaffold": 0.008012, "piton": 0.0} -> {"mountain": 0.0, "rope": 0.993564, "tangled_rope": 8.1e-05, "snare": 0.0, "scaffold": 0.006356, "piton": 0.0}
  generational_value_divergence.maxent_entropy: 0.027579 -> 0.022734
  generational_value_divergence.maxent_indexed: CHANGED (large value)
  generational_value_divergence.maxent_divergence: {"total_variation": 0.002285, "interpretation": "near_zero"} -> {"total_variation": 0.001817, "interpretation": "near_zero"}
  generational_value_divergence.wasserstein_profile: {"u1_u2": 4e-05, "u2_u3": 0.010385, "u3_u4": 0.010121} -> {"u1_u2": 3.3e-05, "u2_u3": 0.007381, "u3_u4": 0.007173}
  generational_value_divergence.wasserstein_total_fracture: 0.020546 -> 0.014586
  generational_value_divergence.wasserstein_incomparable_mass: {"u1": 0.008013, "u2": 0.009934, "u3": 0.270264, "u4": 0.00801} -> {"u1": 0.006356, "u2": 0.008157, "u3": 0.208478, "u4": 0.006355}
  generational_value_divergence.arakelov_height: 0.051238 -> 0.039525
  generational_value_divergence.signature_pressure: 0.008111 -> 0.006487
  gig_platform_algorithmic_management.maxent_probs: {"mountain": 0.0, "rope": 0.0, "tangled_rope": 0.000599, "snare": 0.999401, "scaffold": 0.0, "piton": 0.0} -> {"mountain": 0.0, "rope": 0.0, "tangled_rope": 0.000599, "snare": 0.999384, "scaffold": 0.0, "piton": 1.7e-05}
  gig_platform_algorithmic_management.raw_maxent_probs: {"mountain": 0.0, "rope": 0.0, "tangled_rope": 0.0002, "snare": 0.9998, "scaffold": 0.0, "piton": 0.0} -> {"mountain": 0.0, "rope": 0.0, "tangled_rope": 0.0002, "snare": 0.999783, "scaffold": 0.0, "piton": 1.7e-05}
  gig_platform_algorithmic_management.maxent_entropy: 0.002815 -> 0.002931
  gig_platform_algorithmic_management.maxent_indexed: CHANGED (large value)
  gig_platform_algorithmic_management.maxent_divergence: {"total_variation": 0.0, "interpretation": "near_zero"} -> {"total_variation": 1.3e-05, "interpretation": "near_zero"}
  gig_platform_algorithmic_management.wasserstein_profile: {"u1_u2": 0.993948, "u2_u3": 0.4482, "u3_u4": 0.453653} -> {"u1_u2": 0.993948, "u2_u3": 0.456331, "u3_u4": 0.461784}
  gig_platform_algorithmic_management.wasserstein_total_fracture: 1.895801 -> 1.912063
  gig_platform_algorithmic_management.wasserstein_incomparable_mass: {"u1": 0.0, "u2": 0.0, "u3": 0.0, "u4": 0.0} -> {"u1": 0.000541, "u2": 1.2e-05, "u3": 0.000433, "u4": 1.7e-05}
  gig_platform_algorithmic_management.arakelov_height: 0.308892 -> 0.314579
  gig_platform_algorithmic_management.signature_pressure: 0.106966 -> 0.104611
  human_dignity_ai_governance_flat_control.maxent_probs: {"mountain": 0.0, "rope": 0.003091, "tangled_rope": 0.990837, "snare": 0.00599, "scaffold": 8.2e-05, "piton": 0.0} -> {"mountain": 0.0, "rope": 0.001835, "tangled_rope": 0.992085, "snare": 0.005998, "scaffold": 8.2e-05, "piton": 0.0}
  human_dignity_ai_governance_flat_control.raw_maxent_probs: {"mountain": 0.0, "rope": 0.009105, "tangled_rope": 0.973005, "snare": 0.017647, "scaffold": 0.000242, "piton": 0.0} -> {"mountain": 0.0, "rope": 0.005418, "tangled_rope": 0.976626, "snare": 0.017713, "scaffold": 0.000243, "piton": 0.0}
  human_dignity_ai_governance_flat_control.maxent_entropy: 0.032601 -> 0.02841
  human_dignity_ai_governance_flat_control.maxent_indexed: CHANGED (large value)
  human_dignity_ai_governance_flat_control.wasserstein_profile: {"u1_u2": 0.002991, "u2_u3": 0.588455, "u3_u4": 0.584248} -> {"u1_u2": 0.003055, "u2_u3": 0.593683, "u3_u4": 0.590023}
  human_dignity_ai_governance_flat_control.wasserstein_total_fracture: 1.175694 -> 1.186761
  human_dignity_ai_governance_flat_control.wasserstein_incomparable_mass: {"u1": 5e-05, "u2": 2.8e-05, "u3": 7.4e-05, "u4": 8.2e-05} -> {"u1": 5e-05, "u2": 2.8e-05, "u3": 7.3e-05, "u4": 8.2e-05}
  human_dignity_ai_governance_flat_control.arakelov_height: 0.292101 -> 0.299534
  human_dignity_ai_governance_flat_control.signature_pressure: 0.14559 -> 0.137705
  hybrid_security_reading.raw_maxent_probs: {"mountain": 0.0, "rope": 0.000809, "tangled_rope": 0.481186, "snare": 0.518004, "scaffold": 1e-06, "piton": 0.0} -> {"mountain": 0.0, "rope": 0.000506, "tangled_rope": 0.480746, "snare": 0.517531, "scaffold": 1e-06, "piton": 0.001216}
  hybrid_security_reading.arakelov_height: 0.440322 -> 0.453825
  information_suppression.maxent_probs: {"mountain": 0.0, "rope": 0.0, "tangled_rope": 0.000599, "snare": 0.999401, "scaffold": 0.0, "piton": 0.0} -> {"mountain": 0.0, "rope": 0.0, "tangled_rope": 0.000599, "snare": 0.999384, "scaffold": 0.0, "piton": 1.7e-05}
  information_suppression.raw_maxent_probs: {"mountain": 0.0, "rope": 0.0, "tangled_rope": 0.0002, "snare": 0.9998, "scaffold": 0.0, "piton": 0.0} -> {"mountain": 0.0, "rope": 0.0, "tangled_rope": 0.0002, "snare": 0.999783, "scaffold": 0.0, "piton": 1.7e-05}
  information_suppression.maxent_entropy: 0.002815 -> 0.002931
  information_suppression.maxent_indexed: CHANGED (large value)
  information_suppression.maxent_divergence: {"total_variation": 0.0, "interpretation": "near_zero"} -> {"total_variation": 1.3e-05, "interpretation": "near_zero"}
  information_suppression.wasserstein_profile: {"u1_u2": 0.993948, "u2_u3": 0.4482, "u3_u4": 0.453653} -> {"u1_u2": 0.993948, "u2_u3": 0.456331, "u3_u4": 0.461784}
  information_suppression.wasserstein_total_fracture: 1.895801 -> 1.912063
  information_suppression.wasserstein_incomparable_mass: {"u1": 0.0, "u2": 0.0, "u3": 0.0, "u4": 0.0} -> {"u1": 0.000541, "u2": 1.2e-05, "u3": 0.000433, "u4": 1.7e-05}
  information_suppression.arakelov_height: 0.405181 -> 0.406745
  information_suppression.signature_pressure: 0.275212 -> 0.272893
  institutional_trust_erosion.perspectives: {"powerless": "piton", "moderate": "piton", "institutional": "piton", "analytical": "piton"} -> {"powerless": "rope", "moderate": "rope", "institutional": "rope", "analytical": "rope"}
  institutional_trust_erosion.signature: "false_ci_rope" -> "coupling_invariant_rope"
  institutional_trust_erosion.contamination_network: CHANGED (large value)
  institutional_trust_erosion.maxent_probs: {"mountain": 0.0, "rope": 0.577616, "tangled_rope": 0.005939, "snare": 0.0, "scaffold": 0.000438, "piton": 0.416007} -> {"mountain": 0.01, "rope": 0.95, "tangled_rope": 0.01, "snare": 0.01, "scaffold": 0.01, "piton": 0.01}
  institutional_trust_erosion.raw_maxent_probs: {"mountain": 0.0, "rope": 0.579912, "tangled_rope": 0.001987, "snare": 0.0, "scaffold": 0.00044, "piton": 0.41766} -> {"mountain": 0.0, "rope": 0.997096, "tangled_rope": 0.002377, "snare": 0.0, "scaffold": 0.000526, "piton": 0.0}
  institutional_trust_erosion.maxent_entropy: 0.399448 -> 0.155706
  institutional_trust_erosion.maxent_indexed: CHANGED (large value)
  institutional_trust_erosion.maxent_divergence: {"total_variation": 0.000216, "interpretation": "near_zero"} -> {"total_variation": 0.0, "interpretation": "near_zero"}
  institutional_trust_erosion.wasserstein_profile: {"u1_u2": 0.002348, "u2_u3": 0.119008, "u3_u4": 0.111558} -> {"u1_u2": 0.0, "u2_u3": 0.0, "u3_u4": 0.0}
  institutional_trust_erosion.wasserstein_total_fracture: 0.232914 -> 0.0
  institutional_trust_erosion.wasserstein_incomparable_mass: {"u1": 0.418841, "u2": 0.496538, "u3": 0.964816, "u4": 0.416445} -> {"u1": 0.02, "u2": 0.02, "u3": 0.02, "u4": 0.02}
  institutional_trust_erosion.arakelov_height: 0.149089 -> 0.01233
  institutional_trust_erosion.arakelov_height_context: "moderate" -> "institutional"
  institutional_trust_erosion.signature_pressure: 6e-06 -> 0.0
  institutional_trust_erosion.diagnostic_verdict: CHANGED (large value)
  institutional_trust_erosion.verdict_join: CHANGED (large value)
  intra_party_fragmentation.maxent_probs: {"mountain": 0.0, "rope": 0.000162, "tangled_rope": 0.812317, "snare": 0.187521, "scaffold": 0.0, "piton": 0.0} -> {"mountain": 0.0, "rope": 9.7e-05, "tangled_rope": 0.782994, "snare": 0.180752, "scaffold": 0.0, "piton": 0.036157}
  intra_party_fragmentation.raw_maxent_probs: {"mountain": 0.0, "rope": 0.000354, "tangled_rope": 0.590618, "snare": 0.409028, "scaffold": 0.0, "piton": 0.0} -> {"mountain": 0.0, "rope": 0.000204, "tangled_rope": 0.546016, "snare": 0.378139, "scaffold": 0.0, "piton": 0.075642}
  intra_party_fragmentation.maxent_entropy: 0.270211 -> 0.346966
  intra_party_fragmentation.maxent_indexed: CHANGED (large value)
  intra_party_fragmentation.maxent_divergence: {"total_variation": 0.0, "interpretation": "near_zero"} -> {"total_variation": 0.052726, "interpretation": "moderate"}
  intra_party_fragmentation.wasserstein_profile: {"u1_u2": 0.000406, "u2_u3": 0.323329, "u3_u4": 0.245148} -> {"u1_u2": 0.000412, "u2_u3": 0.332789, "u3_u4": 0.258388}
  intra_party_fragmentation.wasserstein_total_fracture: 0.568883 -> 0.59159
  intra_party_fragmentation.wasserstein_incomparable_mass: {"u1": 0.0, "u2": 0.0, "u3": 0.0, "u4": 0.0} -> {"u1": 0.009345, "u2": 0.013073, "u3": 0.013171, "u4": 0.036157}
  intra_party_fragmentation.arakelov_height: 0.652485 -> 0.666076
  intra_party_fragmentation.signature_pressure: 0.422393 -> 0.42311
  intra_party_fragmentation.diagnostic_verdict: CHANGED (large value)
  magisterial_integralist_reading.maxent_probs: {"mountain": 0.0, "rope": 0.008346, "tangled_rope": 0.991432, "snare": 4.7e-05, "scaffold": 0.000171, "piton": 4e-06} -> {"mountain": 0.0, "rope": 0.006231, "tangled_rope": 0.993551, "snare": 4.7e-05, "scaffold": 0.000171, "piton": 0.0}
  magisterial_integralist_reading.raw_maxent_probs: {"mountain": 0.0, "rope": 0.024616, "tangled_rope": 0.974728, "snare": 0.00014, "scaffold": 0.000504, "piton": 1.2e-05} -> {"mountain": 0.0, "rope": 0.018454, "tangled_rope": 0.980899, "snare": 0.000141, "scaffold": 0.000507, "piton": 0.0}
  magisterial_integralist_reading.maxent_entropy: 0.028174 -> 0.022339
  magisterial_integralist_reading.maxent_indexed: CHANGED (large value)
  magisterial_integralist_reading.maxent_divergence: {"total_variation": 0.000161, "interpretation": "near_zero"} -> {"total_variation": 0.000162, "interpretation": "near_zero"}
  magisterial_integralist_reading.wasserstein_profile: {"u1_u2": 0.002558, "u2_u3": 0.380632, "u3_u4": 0.3848} -> {"u1_u2": 0.004641, "u2_u3": 0.391471, "u3_u4": 0.397305}
  magisterial_integralist_reading.wasserstein_total_fracture: 0.76799 -> 0.793417
  magisterial_integralist_reading.wasserstein_incomparable_mass: {"u1": 0.00021, "u2": 8.7e-05, "u3": 0.000159, "u4": 0.000175} -> {"u1": 0.000205, "u2": 8.5e-05, "u3": 0.000153, "u4": 0.000171}
  magisterial_integralist_reading.arakelov_height: 0.427828 -> 0.446555
  magisterial_integralist_reading.signature_pressure: 0.248633 -> 0.258271
  medical_debt_collection_escalation.maxent_entropy: 0.083296 -> 0.083294
  medical_debt_collection_escalation.maxent_indexed: CHANGED (large value)
  medical_debt_collection_escalation.wasserstein_profile: {"u1_u2": 0.43307, "u2_u3": 0.493309, "u3_u4": 0.099148} -> {"u1_u2": 0.433066, "u2_u3": 0.493465, "u3_u4": 0.10301}
  medical_debt_collection_escalation.wasserstein_total_fracture: 1.025527 -> 1.029542
  medical_debt_collection_escalation.arakelov_height: 0.884419 -> 0.88442
  medical_debt_collection_escalation.signature_pressure: 0.526256 -> 0.526262
  optimization_artifact_risk.maxent_probs: {"mountain": 0.0, "rope": 0.0, "tangled_rope": 0.0002, "snare": 0.9998, "scaffold": 0.0, "piton": 0.0} -> {"mountain": 0.0, "rope": 0.0, "tangled_rope": 0.0002, "snare": 0.999783, "scaffold": 0.0, "piton": 1.7e-05}
  optimization_artifact_risk.raw_maxent_probs: {"mountain": 0.0, "rope": 0.0, "tangled_rope": 0.0002, "snare": 0.9998, "scaffold": 0.0, "piton": 0.0} -> {"mountain": 0.0, "rope": 0.0, "tangled_rope": 0.0002, "snare": 0.999783, "scaffold": 0.0, "piton": 1.7e-05}
  optimization_artifact_risk.maxent_entropy: 0.001061 -> 0.001177
  optimization_artifact_risk.maxent_indexed: CHANGED (large value)
  optimization_artifact_risk.maxent_divergence: {"total_variation": 0.0, "interpretation": "near_zero"} -> {"total_variation": 1.3e-05, "interpretation": "near_zero"}
  optimization_artifact_risk.wasserstein_profile: {"u1_u2": 0.997975, "u2_u3": 0.34526, "u3_u4": 0.347086} -> {"u1_u2": 0.997975, "u2_u3": 0.355647, "u3_u4": 0.357473}
  optimization_artifact_risk.wasserstein_total_fracture: 1.690322 -> 1.711095
  optimization_artifact_risk.wasserstein_incomparable_mass: {"u1": 0.0, "u2": 0.0, "u3": 2e-06, "u4": 0.0} -> {"u1": 0.001621, "u2": 1.2e-05, "u3": 0.00052, "u4": 1.7e-05}
  optimization_artifact_risk.arakelov_height: 0.236156 -> 0.243444
  organization_floor.raw_maxent_probs: {"mountain": 0.0, "rope": 0.995169, "tangled_rope": 0.002241, "snare": 0.0, "scaffold": 0.00259, "piton": 1e-06} -> {"mountain": 0.0, "rope": 0.996308, "tangled_rope": 0.001713, "snare": 0.0, "scaffold": 0.001979, "piton": 0.0}
  organization_floor.arakelov_height: 0.03041 -> 0.022331
  platform_flexibility_precarity_tradeoff.maxent_probs: {"mountain": 0.0, "rope": 3.3e-05, "tangled_rope": 0.088954, "snare": 0.911013, "scaffold": 0.0, "piton": 0.0} -> {"mountain": 0.0, "rope": 1.5e-05, "tangled_rope": 0.088955, "snare": 0.911028, "scaffold": 0.0, "piton": 1e-06}
  platform_flexibility_precarity_tradeoff.raw_maxent_probs: {"mountain": 0.0, "rope": 3.5e-05, "tangled_rope": 0.031521, "snare": 0.968444, "scaffold": 0.0, "piton": 0.0} -> {"mountain": 0.0, "rope": 1.6e-05, "tangled_rope": 0.031521, "snare": 0.968461, "scaffold": 0.0, "piton": 2e-06}
  platform_flexibility_precarity_tradeoff.maxent_entropy: 0.167704 -> 0.16761
  platform_flexibility_precarity_tradeoff.maxent_indexed: CHANGED (large value)
  platform_flexibility_precarity_tradeoff.wasserstein_profile: {"u1_u2": 0.075692, "u2_u3": 0.5627, "u3_u4": 0.513522} -> {"u1_u2": 0.075636, "u2_u3": 0.566366, "u3_u4": 0.527408}
  platform_flexibility_precarity_tradeoff.wasserstein_total_fracture: 1.151913 -> 1.169411
  platform_flexibility_precarity_tradeoff.wasserstein_incomparable_mass: {"u1": 0.0, "u2": 0.0, "u3": 1.9e-05, "u4": 0.0} -> {"u1": 2e-06, "u2": 3e-06, "u3": 2.1e-05, "u4": 2e-06}
  platform_flexibility_precarity_tradeoff.arakelov_height: 0.349479 -> 0.357513
  platform_flexibility_precarity_tradeoff.signature_pressure: 0.126223 -> 0.120238
  pluralist_pragmatic_reading.maxent_probs: {"mountain": 0.0, "rope": 0.017403, "tangled_rope": 0.98213, "snare": 0.0, "scaffold": 0.00018, "piton": 0.000286} -> {"mountain": 0.0, "rope": 0.015257, "tangled_rope": 0.984562, "snare": 0.0, "scaffold": 0.000181, "piton": 0.0}
  pluralist_pragmatic_reading.raw_maxent_probs: {"mountain": 0.0, "rope": 0.050408, "tangled_rope": 0.94824, "snare": 1e-06, "scaffold": 0.000523, "piton": 0.000829} -> {"mountain": 0.0, "rope": 0.044399, "tangled_rope": 0.955074, "snare": 1e-06, "scaffold": 0.000527, "piton": 0.0}
  pluralist_pragmatic_reading.maxent_entropy: 0.051405 -> 0.045037
  pluralist_pragmatic_reading.maxent_indexed: CHANGED (large value)
  pluralist_pragmatic_reading.wasserstein_profile: {"u1_u2": 0.00978, "u2_u3": 0.196822, "u3_u4": 0.203483} -> {"u1_u2": 0.004595, "u2_u3": 0.213071, "u3_u4": 0.222946}
  pluralist_pragmatic_reading.wasserstein_total_fracture: 0.410085 -> 0.440612
  pluralist_pragmatic_reading.wasserstein_incomparable_mass: {"u1": 0.000907, "u2": 0.000296, "u3": 0.000738, "u4": 0.000467} -> {"u1": 0.000352, "u2": 0.000115, "u3": 0.000396, "u4": 0.000181}
  pluralist_pragmatic_reading.arakelov_height: 0.479174 -> 0.511163
  pluralist_pragmatic_reading.signature_pressure: 0.389821 -> 0.409809
  post_1998_convergence.maxent_probs: {"mountain": 0.0, "rope": 0.0, "tangled_rope": 0.000599, "snare": 0.999401, "scaffold": 0.0, "piton": 0.0} -> {"mountain": 0.0, "rope": 0.0, "tangled_rope": 0.000599, "snare": 0.999384, "scaffold": 0.0, "piton": 1.7e-05}
  post_1998_convergence.raw_maxent_probs: {"mountain": 0.0, "rope": 0.0, "tangled_rope": 0.0002, "snare": 0.9998, "scaffold": 0.0, "piton": 0.0} -> {"mountain": 0.0, "rope": 0.0, "tangled_rope": 0.0002, "snare": 0.999783, "scaffold": 0.0, "piton": 1.7e-05}
  post_1998_convergence.maxent_entropy: 0.002815 -> 0.002931
  post_1998_convergence.maxent_indexed: CHANGED (large value)
  post_1998_convergence.maxent_divergence: {"total_variation": 0.0, "interpretation": "near_zero"} -> {"total_variation": 1.3e-05, "interpretation": "near_zero"}
  post_1998_convergence.wasserstein_profile: {"u1_u2": 0.993948, "u2_u3": 0.4482, "u3_u4": 0.453653} -> {"u1_u2": 0.993948, "u2_u3": 0.456331, "u3_u4": 0.461784}
  post_1998_convergence.wasserstein_total_fracture: 1.895801 -> 1.912063
  post_1998_convergence.wasserstein_incomparable_mass: {"u1": 0.0, "u2": 0.0, "u3": 2e-06, "u4": 0.0} -> {"u1": 0.000541, "u2": 1.2e-05, "u3": 0.000435, "u4": 1.7e-05}
  post_1998_convergence.arakelov_height: 0.008231 -> 0.008239
  probation_supervision_intensification.maxent_probs: {"mountain": 0.0, "rope": 0.0, "tangled_rope": 0.000538, "snare": 0.999462, "scaffold": 0.0, "piton": 0.0} -> {"mountain": 0.0, "rope": 0.0, "tangled_rope": 0.000538, "snare": 0.999419, "scaffold": 0.0, "piton": 4.4e-05}
  probation_supervision_intensification.raw_maxent_probs: {"mountain": 0.0, "rope": 0.0, "tangled_rope": 0.000179, "snare": 0.999821, "scaffold": 0.0, "piton": 0.0} -> {"mountain": 0.0, "rope": 0.0, "tangled_rope": 0.000179, "snare": 0.999777, "scaffold": 0.0, "piton": 4.4e-05}
  probation_supervision_intensification.maxent_entropy: 0.002559 -> 0.002828
  probation_supervision_intensification.maxent_indexed: CHANGED (large value)
  probation_supervision_intensification.maxent_divergence: {"total_variation": 0.0, "interpretation": "near_zero"} -> {"total_variation": 3.8e-05, "interpretation": "near_zero"}
  probation_supervision_intensification.wasserstein_profile: {"u1_u2": 0.995128, "u2_u3": 0.381817, "u3_u4": 0.386152} -> {"u1_u2": 0.995128, "u2_u3": 0.389032, "u3_u4": 0.393366}
  probation_supervision_intensification.wasserstein_total_fracture: 1.763097 -> 1.777526
  probation_supervision_intensification.wasserstein_incomparable_mass: {"u1": 0.0, "u2": 0.0, "u3": 0.0, "u4": 0.0} -> {"u1": 0.000558, "u2": 2e-05, "u3": 0.000419, "u4": 4.4e-05}
  probation_supervision_intensification.arakelov_height: 0.278417 -> 0.283794
  probation_supervision_intensification.signature_pressure: 0.094067 -> 0.092398
  proxy_measurement_validity.raw_maxent_probs: {"mountain": 5e-06, "rope": 0.997389, "tangled_rope": 0.000901, "snare": 0.0, "scaffold": 0.001704, "piton": 0.0} -> {"mountain": 4e-06, "rope": 0.997868, "tangled_rope": 0.000736, "snare": 0.0, "scaffold": 0.001392, "piton": 0.0}
  proxy_measurement_validity.arakelov_height: 0.057662 -> 0.042848
  recalibration_interpretive_validity.maxent_probs: {"mountain": 0.0, "rope": 0.000412, "tangled_rope": 0.735619, "snare": 0.263968, "scaffold": 1e-06, "piton": 0.0} -> {"mountain": 0.0, "rope": 0.000258, "tangled_rope": 0.735276, "snare": 0.263845, "scaffold": 1e-06, "piton": 0.00062}
  recalibration_interpretive_validity.raw_maxent_probs: {"mountain": 0.0, "rope": 0.000809, "tangled_rope": 0.481186, "snare": 0.518004, "scaffold": 1e-06, "piton": 0.0} -> {"mountain": 0.0, "rope": 0.000506, "tangled_rope": 0.480746, "snare": 0.517531, "scaffold": 1e-06, "piton": 0.001216}
  recalibration_interpretive_validity.maxent_entropy: 0.32408 -> 0.326142
  recalibration_interpretive_validity.maxent_indexed: CHANGED (large value)
  recalibration_interpretive_validity.maxent_divergence: {"total_variation": 1e-06, "interpretation": "near_zero"} -> {"total_variation": 0.000991, "interpretation": "near_zero"}
  recalibration_interpretive_validity.wasserstein_profile: {"u1_u2": 0.000677, "u2_u3": 0.403026, "u3_u4": 0.213746} -> {"u1_u2": 0.000692, "u2_u3": 0.412488, "u3_u4": 0.230536}
  recalibration_interpretive_validity.wasserstein_total_fracture: 0.617449 -> 0.643716
  recalibration_interpretive_validity.wasserstein_incomparable_mass: {"u1": 0.0, "u2": 0.0, "u3": 1.1e-05, "u4": 1e-06} -> {"u1": 0.000216, "u2": 0.000224, "u3": 0.000258, "u4": 0.00062}
  recalibration_interpretive_validity.arakelov_height: 0.706392 -> 0.706287
  recalibration_interpretive_validity.signature_pressure: 0.508469 -> 0.508215
  regime_change_structural_break.maxent_probs: {"mountain": 0.0, "rope": 0.331014, "tangled_rope": 0.668972, "snare": 0.0, "scaffold": 1.3e-05, "piton": 0.0} -> {"mountain": 0.0, "rope": 0.395375, "tangled_rope": 0.600752, "snare": 0.0, "scaffold": 1.2e-05, "piton": 0.003861}
  regime_change_structural_break.raw_maxent_probs: {"mountain": 0.0, "rope": 0.597479, "tangled_rope": 0.402497, "snare": 0.0, "scaffold": 2.4e-05, "piton": 0.0} -> {"mountain": 0.0, "rope": 0.659509, "tangled_rope": 0.334031, "snare": 0.0, "scaffold": 2e-05, "piton": 0.00644}
  regime_change_structural_break.maxent_entropy: 0.35443 -> 0.38766
  regime_change_structural_break.maxent_indexed: CHANGED (large value)
  regime_change_structural_break.maxent_divergence: {"total_variation": 6e-06, "interpretation": "near_zero"} -> {"total_variation": 0.018599, "interpretation": "moderate"}
  regime_change_structural_break.wasserstein_profile: {"u1_u2": 0.269164, "u2_u3": 0.540605, "u3_u4": 0.532203} -> {"u1_u2": 0.25888, "u2_u3": 0.48631, "u3_u4": 0.489007}
  regime_change_structural_break.wasserstein_total_fracture: 1.341972 -> 1.234196
  regime_change_structural_break.wasserstein_incomparable_mass: {"u1": 2.4e-05, "u2": 2e-05, "u3": 0.000291, "u4": 1.3e-05} -> {"u1": 0.006409, "u2": 0.005742, "u3": 0.001528, "u4": 0.003873}
  regime_change_structural_break.arakelov_height: 0.379333 -> 0.337506
  regime_change_structural_break.arakelov_height_context: "moderate" -> "analytical"
  regime_change_structural_break.signature_pressure: 0.531303 -> 0.530856
  regulatory_measurement_gap.maxent_probs: {"mountain": 0.0, "rope": 0.147851, "tangled_rope": 0.029302, "snare": 0.0, "scaffold": 0.000341, "piton": 0.822506} -> {"mountain": 0.0, "rope": 0.866472, "tangled_rope": 0.131992, "snare": 0.0, "scaffold": 0.001536, "piton": 0.0}
  regulatory_measurement_gap.raw_maxent_probs: {"mountain": 0.0, "rope": 0.150796, "tangled_rope": 0.009962, "snare": 0.0, "scaffold": 0.000348, "piton": 0.838894} -> {"mountain": 0.0, "rope": 0.950073, "tangled_rope": 0.048243, "snare": 0.0, "scaffold": 0.001684, "piton": 0.0}
  regulatory_measurement_gap.maxent_entropy: 0.306683 -> 0.224039
  regulatory_measurement_gap.maxent_top_type: "piton" -> "rope"
  regulatory_measurement_gap.maxent_indexed: CHANGED (large value)
  regulatory_measurement_gap.maxent_divergence: {"total_variation": 0.00016, "interpretation": "near_zero"} -> {"total_variation": 0.00072, "interpretation": "near_zero"}
  regulatory_measurement_gap.wasserstein_profile: {"u1_u2": 0.085619, "u2_u3": 0.037702, "u3_u4": 0.025839} -> {"u1_u2": 0.067783, "u2_u3": 0.033678, "u3_u4": 0.018707}
  regulatory_measurement_gap.wasserstein_total_fracture: 0.149161 -> 0.120169
  regulatory_measurement_gap.wasserstein_incomparable_mass: {"u1": 0.843678, "u2": 0.834148, "u3": 0.910284, "u4": 0.822847} -> {"u1": 0.001728, "u2": 0.001638, "u3": 0.004871, "u4": 0.001536}
  regulatory_measurement_gap.arakelov_height: 0.091096 -> 0.037388
  regulatory_measurement_gap.signature_pressure: 0.013442 -> 0.083602
  regulatory_measurement_gap.diagnostic_verdict: CHANGED (large value)
  regulatory_measurement_gap.verdict_join: CHANGED (large value)
  representation_legitimacy_gap.contamination_network: CHANGED (large value)
  representation_legitimacy_gap.maxent_probs: {"mountain": 0.0, "rope": 0.0, "tangled_rope": 0.000708, "snare": 0.999292, "scaffold": 0.0, "piton": 0.0} -> {"mountain": 0.0, "rope": 0.0, "tangled_rope": 0.000708, "snare": 0.998901, "scaffold": 0.0, "piton": 0.00039}
  representation_legitimacy_gap.raw_maxent_probs: {"mountain": 0.0, "rope": 0.0, "tangled_rope": 0.000236, "snare": 0.999764, "scaffold": 0.0, "piton": 0.0} -> {"mountain": 0.0, "rope": 0.0, "tangled_rope": 0.000236, "snare": 0.999373, "scaffold": 0.0, "piton": 0.000391}
  representation_legitimacy_gap.maxent_entropy: 0.003263 -> 0.005189
  representation_legitimacy_gap.maxent_indexed: CHANGED (large value)
  representation_legitimacy_gap.maxent_divergence: {"total_variation": 0.0, "interpretation": "near_zero"} -> {"total_variation": 0.000297, "interpretation": "near_zero"}
  representation_legitimacy_gap.wasserstein_profile: {"u1_u2": 0.994442, "u2_u3": 0.584047, "u3_u4": 0.588897} -> {"u1_u2": 0.994441, "u2_u3": 0.591541, "u3_u4": 0.596391}
  representation_legitimacy_gap.wasserstein_total_fracture: 2.167385 -> 2.182374
  representation_legitimacy_gap.wasserstein_incomparable_mass: {"u1": 0.0, "u2": 0.0, "u3": 0.0, "u4": 0.0} -> {"u1": 0.008618, "u2": 0.000224, "u3": 0.00967, "u4": 0.00039}
  representation_legitimacy_gap.arakelov_height: 0.400932 -> 0.408677
  representation_legitimacy_gap.signature_pressure: 0.112667 -> 0.107464
  reprogramming_safety_toxicity.raw_maxent_probs: {"mountain": 0.0, "rope": 0.995717, "tangled_rope": 0.002151, "snare": 0.0, "scaffold": 0.001637, "piton": 0.000496} -> {"mountain": 0.0, "rope": 0.997216, "tangled_rope": 0.001581, "snare": 0.0, "scaffold": 0.001203, "piton": 0.0}
  reprogramming_safety_toxicity.arakelov_height: 0.034491 -> 0.021125
  retirement_security_deficit.maxent_probs: {"mountain": 0.0, "rope": 3.3e-05, "tangled_rope": 0.088954, "snare": 0.911013, "scaffold": 0.0, "piton": 0.0} -> {"mountain": 0.0, "rope": 1.5e-05, "tangled_rope": 0.088955, "snare": 0.911028, "scaffold": 0.0, "piton": 1e-06}
  retirement_security_deficit.raw_maxent_probs: {"mountain": 0.0, "rope": 3.5e-05, "tangled_rope": 0.031521, "snare": 0.968444, "scaffold": 0.0, "piton": 0.0} -> {"mountain": 0.0, "rope": 1.6e-05, "tangled_rope": 0.031521, "snare": 0.968461, "scaffold": 0.0, "piton": 2e-06}
  retirement_security_deficit.maxent_entropy: 0.167704 -> 0.16761
  retirement_security_deficit.maxent_indexed: CHANGED (large value)
  retirement_security_deficit.wasserstein_profile: {"u1_u2": 0.075692, "u2_u3": 0.5627, "u3_u4": 0.513522} -> {"u1_u2": 0.075636, "u2_u3": 0.566366, "u3_u4": 0.527408}
  retirement_security_deficit.wasserstein_total_fracture: 1.151913 -> 1.169411
  retirement_security_deficit.wasserstein_incomparable_mass: {"u1": 0.0, "u2": 0.0, "u3": 1.9e-05, "u4": 0.0} -> {"u1": 2e-06, "u2": 3e-06, "u3": 2.1e-05, "u4": 2e-06}
  retirement_security_deficit.arakelov_height: 0.369043 -> 0.368926
  retirement_security_deficit.signature_pressure: 0.242585 -> 0.242521
  scale_ceiling.maxent_probs: {"mountain": 0.001834, "rope": 0.99784, "tangled_rope": 0.000316, "snare": 0.0, "scaffold": 1e-05, "piton": 0.0} -> {"mountain": 0.001502, "rope": 0.998231, "tangled_rope": 0.000259, "snare": 0.0, "scaffold": 9e-06, "piton": 0.0}
  scale_ceiling.raw_maxent_probs: {"mountain": 0.005477, "rope": 0.993547, "tangled_rope": 0.000945, "snare": 0.0, "scaffold": 3.1e-05, "piton": 0.0} -> {"mountain": 0.004489, "rope": 0.994711, "tangled_rope": 0.000774, "snare": 0.0, "scaffold": 2.5e-05, "piton": 0.0}
  scale_ceiling.maxent_entropy: 0.009142 -> 0.007685
  scale_ceiling.maxent_indexed: CHANGED (large value)
  scale_ceiling.maxent_divergence: {"total_variation": 8.5e-05, "interpretation": "near_zero"} -> {"total_variation": 6.9e-05, "interpretation": "near_zero"}
  scale_ceiling.wasserstein_profile: {"u1_u2": 0.000562, "u2_u3": 0.492785, "u3_u4": 0.493033} -> {"u1_u2": 0.000492, "u2_u3": 0.38148, "u3_u4": 0.381715}
  scale_ceiling.wasserstein_total_fracture: 0.986379 -> 0.763686
  scale_ceiling.wasserstein_incomparable_mass: {"u1": 1e-05, "u2": 1.3e-05, "u3": 0.001692, "u4": 1e-05} -> {"u1": 9e-06, "u2": 1.1e-05, "u3": 0.00131, "u4": 9e-06}
  scale_ceiling.arakelov_height: 0.123537 -> 0.149775
  scale_ceiling.signature_pressure: 0.491054 -> 0.52352
  secular_humanist_reading.maxent_probs: {"mountain": 0.0, "rope": 0.199056, "tangled_rope": 0.79849, "snare": 0.0, "scaffold": 0.002442, "piton": 1.2e-05} -> {"mountain": 0.0, "rope": 0.226443, "tangled_rope": 0.771198, "snare": 0.0, "scaffold": 0.002359, "piton": 0.0}
  secular_humanist_reading.raw_maxent_probs: {"mountain": 0.0, "rope": 0.42563, "tangled_rope": 0.569122, "snare": 0.0, "scaffold": 0.005223, "piton": 2.5e-05} -> {"mountain": 0.0, "rope": 0.466059, "tangled_rope": 0.529086, "snare": 0.0, "scaffold": 0.004855, "piton": 0.0}
  secular_humanist_reading.maxent_entropy: 0.287886 -> 0.307498
  secular_humanist_reading.maxent_indexed: CHANGED (large value)
  secular_humanist_reading.maxent_divergence: {"total_variation": 0.001144, "interpretation": "near_zero"} -> {"total_variation": 0.001105, "interpretation": "near_zero"}
  secular_humanist_reading.wasserstein_profile: {"u1_u2": 0.387806, "u2_u3": 0.355462, "u3_u4": 0.130498} -> {"u1_u2": 0.36837, "u2_u3": 0.380835, "u3_u4": 0.140176}
  secular_humanist_reading.wasserstein_total_fracture: 0.873766 -> 0.889381
  secular_humanist_reading.wasserstein_incomparable_mass: {"u1": 0.009917, "u2": 0.004711, "u3": 0.003322, "u4": 0.002454} -> {"u1": 0.008634, "u2": 0.004338, "u3": 0.003211, "u4": 0.002359}
  secular_humanist_reading.arakelov_height: 0.322075 -> 0.298044
  secular_humanist_reading.signature_pressure: 0.524911 -> 0.511259
  solar_integration_mechanism.maxent_probs: {"mountain": 1e-05, "rope": 0.994518, "tangled_rope": 0.000119, "snare": 0.0, "scaffold": 0.005353, "piton": 0.0} -> {"mountain": 9e-06, "rope": 0.995104, "tangled_rope": 0.000107, "snare": 0.0, "scaffold": 0.00478, "piton": 0.0}
  solar_integration_mechanism.raw_maxent_probs: {"mountain": 1e-05, "rope": 0.994597, "tangled_rope": 4e-05, "snare": 0.0, "scaffold": 0.005353, "piton": 0.0} -> {"mountain": 9e-06, "rope": 0.995175, "tangled_rope": 3.6e-05, "snare": 0.0, "scaffold": 0.00478, "piton": 0.0}
  solar_integration_mechanism.maxent_entropy: 0.019342 -> 0.017583
  solar_integration_mechanism.maxent_indexed: CHANGED (large value)
  solar_integration_mechanism.maxent_divergence: {"total_variation": 0.003719, "interpretation": "near_zero"} -> {"total_variation": 0.003325, "interpretation": "near_zero"}
  solar_integration_mechanism.wasserstein_profile: {"u1_u2": 8e-06, "u2_u3": 0.033857, "u3_u4": 0.033746} -> {"u1_u2": 7e-06, "u2_u3": 0.021936, "u3_u4": 0.021837}
  solar_integration_mechanism.wasserstein_total_fracture: 0.067612 -> 0.04378
  solar_integration_mechanism.wasserstein_incomparable_mass: {"u1": 0.005353, "u2": 0.00731, "u3": 0.744229, "u4": 0.005353} -> {"u1": 0.004781, "u2": 0.006488, "u3": 0.653451, "u4": 0.00478}
  solar_integration_mechanism.arakelov_height: 0.020968 -> 0.028169
  solar_integration_mechanism.signature_pressure: 0.007368 -> 0.006131
  substantive_employment_reading.maxent_probs: {"mountain": 0.0, "rope": 7e-06, "tangled_rope": 0.028429, "snare": 0.971564, "scaffold": 0.0, "piton": 0.0} -> {"mountain": 0.0, "rope": 3e-06, "tangled_rope": 0.028429, "snare": 0.971567, "scaffold": 0.0, "piton": 1e-06}
  substantive_employment_reading.raw_maxent_probs: {"mountain": 0.0, "rope": 7e-06, "tangled_rope": 0.009659, "snare": 0.990334, "scaffold": 0.0, "piton": 0.0} -> {"mountain": 0.0, "rope": 3e-06, "tangled_rope": 0.009659, "snare": 0.990337, "scaffold": 0.0, "piton": 1e-06}
  substantive_employment_reading.maxent_entropy: 0.072179 -> 0.072157
  substantive_employment_reading.maxent_indexed: CHANGED (large value)
  substantive_employment_reading.wasserstein_profile: {"u1_u2": 0.353681, "u2_u3": 0.362638, "u3_u4": 0.45627} -> {"u1_u2": 0.353661, "u2_u3": 0.364831, "u3_u4": 0.467811}
  substantive_employment_reading.wasserstein_total_fracture: 1.172589 -> 1.186303
  substantive_employment_reading.wasserstein_incomparable_mass: {"u1": 0.0, "u2": 0.0, "u3": 1e-05, "u4": 0.0} -> {"u1": 3e-06, "u2": 2e-06, "u3": 1.2e-05, "u4": 1e-06}
  substantive_employment_reading.arakelov_height: 0.749812 -> 0.749821
  substantive_employment_reading.signature_pressure: 0.535397 -> 0.535434
  surveillance_control_freedom.contamination_network: CHANGED (large value)
  surveillance_control_freedom.maxent_probs: {"mountain": 0.0, "rope": 0.0, "tangled_rope": 0.00018, "snare": 0.99982, "scaffold": 0.0, "piton": 0.0} -> {"mountain": 0.0, "rope": 0.0, "tangled_rope": 0.00018, "snare": 0.999802, "scaffold": 0.0, "piton": 1.9e-05}
  surveillance_control_freedom.raw_maxent_probs: {"mountain": 0.0, "rope": 0.0, "tangled_rope": 0.00018, "snare": 0.99982, "scaffold": 0.0, "piton": 0.0} -> {"mountain": 0.0, "rope": 0.0, "tangled_rope": 0.00018, "snare": 0.999802, "scaffold": 0.0, "piton": 1.9e-05}
  surveillance_control_freedom.maxent_entropy: 0.000965 -> 0.00109
  surveillance_control_freedom.maxent_indexed: CHANGED (large value)
  surveillance_control_freedom.maxent_divergence: {"total_variation": 0.0, "interpretation": "near_zero"} -> {"total_variation": 1.4e-05, "interpretation": "near_zero"}
  surveillance_control_freedom.wasserstein_profile: {"u1_u2": 0.998418, "u2_u3": 0.322918, "u3_u4": 0.324321} -> {"u1_u2": 0.998417, "u2_u3": 0.332567, "u3_u4": 0.33397}
  surveillance_control_freedom.wasserstein_total_fracture: 1.645656 -> 1.664955
  surveillance_control_freedom.wasserstein_incomparable_mass: {"u1": 0.0, "u2": 0.0, "u3": 2e-06, "u4": 0.0} -> {"u1": 0.001654, "u2": 1.1e-05, "u3": 0.000504, "u4": 1.9e-05}
  surveillance_control_freedom.arakelov_height: 0.220661 -> 0.22745
  techno_optimist_reading.maxent_probs: {"mountain": 0.0, "rope": 0.045396, "tangled_rope": 0.948238, "snare": 0.006146, "scaffold": 0.00022, "piton": 0.0} -> {"mountain": 0.0, "rope": 0.018392, "tangled_rope": 0.975062, "snare": 0.00632, "scaffold": 0.000226, "piton": 0.0}
  techno_optimist_reading.raw_maxent_probs: {"mountain": 0.0, "rope": 0.123411, "tangled_rope": 0.859282, "snare": 0.016708, "scaffold": 0.000598, "piton": 0.0} -> {"mountain": 0.0, "rope": 0.052554, "tangled_rope": 0.92874, "snare": 0.018059, "scaffold": 0.000647, "piton": 0.0}
  techno_optimist_reading.maxent_entropy: 0.124975 -> 0.073682
  techno_optimist_reading.maxent_indexed: CHANGED (large value)
  techno_optimist_reading.maxent_divergence: {"total_variation": 0.00022, "interpretation": "near_zero"} -> {"total_variation": 0.000226, "interpretation": "near_zero"}
  techno_optimist_reading.wasserstein_profile: {"u1_u2": 0.052748, "u2_u3": 0.897763, "u3_u4": 0.90849} -> {"u1_u2": 0.039698, "u2_u3": 0.91907, "u3_u4": 0.937829}
  techno_optimist_reading.wasserstein_total_fracture: 1.859001 -> 1.896597
  techno_optimist_reading.wasserstein_incomparable_mass: {"u1": 4.6e-05, "u2": 3.8e-05, "u3": 0.001616, "u4": 0.00022} -> {"u1": 4.7e-05, "u2": 3.9e-05, "u3": 0.001515, "u4": 0.000226}
  techno_optimist_reading.arakelov_height: 0.344897 -> 0.323326
  techno_optimist_reading.signature_pressure: 0.013464 -> 0.013411
  technocratic_paradigm_resistance.maxent_probs: {"mountain": 0.0, "rope": 0.0, "tangled_rope": 0.0002, "snare": 0.9998, "scaffold": 0.0, "piton": 0.0} -> {"mountain": 0.0, "rope": 0.0, "tangled_rope": 0.0002, "snare": 0.999783, "scaffold": 0.0, "piton": 1.7e-05}
  technocratic_paradigm_resistance.raw_maxent_probs: {"mountain": 0.0, "rope": 0.0, "tangled_rope": 0.0002, "snare": 0.9998, "scaffold": 0.0, "piton": 0.0} -> {"mountain": 0.0, "rope": 0.0, "tangled_rope": 0.0002, "snare": 0.999783, "scaffold": 0.0, "piton": 1.7e-05}
  technocratic_paradigm_resistance.maxent_entropy: 0.001061 -> 0.001177
  technocratic_paradigm_resistance.maxent_indexed: CHANGED (large value)
  technocratic_paradigm_resistance.maxent_divergence: {"total_variation": 0.0, "interpretation": "near_zero"} -> {"total_variation": 1.3e-05, "interpretation": "near_zero"}
  technocratic_paradigm_resistance.wasserstein_profile: {"u1_u2": 0.997975, "u2_u3": 0.34526, "u3_u4": 0.347086} -> {"u1_u2": 0.997975, "u2_u3": 0.355647, "u3_u4": 0.357473}
  technocratic_paradigm_resistance.wasserstein_total_fracture: 1.690322 -> 1.711095
  technocratic_paradigm_resistance.wasserstein_incomparable_mass: {"u1": 0.0, "u2": 0.0, "u3": 2e-06, "u4": 0.0} -> {"u1": 0.001621, "u2": 1.2e-05, "u3": 0.00052, "u4": 1.7e-05}
  technocratic_paradigm_resistance.arakelov_height: 0.236156 -> 0.243444
  technocratic_paradigm_vs_human_primacy.maxent_probs: {"mountain": 0.0, "rope": 3.3e-05, "tangled_rope": 0.088954, "snare": 0.911013, "scaffold": 0.0, "piton": 0.0} -> {"mountain": 0.0, "rope": 1.5e-05, "tangled_rope": 0.088955, "snare": 0.911028, "scaffold": 0.0, "piton": 1e-06}
  technocratic_paradigm_vs_human_primacy.raw_maxent_probs: {"mountain": 0.0, "rope": 3.5e-05, "tangled_rope": 0.031521, "snare": 0.968444, "scaffold": 0.0, "piton": 0.0} -> {"mountain": 0.0, "rope": 1.6e-05, "tangled_rope": 0.031521, "snare": 0.968461, "scaffold": 0.0, "piton": 2e-06}
  technocratic_paradigm_vs_human_primacy.maxent_entropy: 0.167704 -> 0.16761
  technocratic_paradigm_vs_human_primacy.maxent_indexed: CHANGED (large value)
  technocratic_paradigm_vs_human_primacy.wasserstein_profile: {"u1_u2": 0.075692, "u2_u3": 0.5627, "u3_u4": 0.513522} -> {"u1_u2": 0.075636, "u2_u3": 0.566366, "u3_u4": 0.527408}
  technocratic_paradigm_vs_human_primacy.wasserstein_total_fracture: 1.151913 -> 1.169411
  technocratic_paradigm_vs_human_primacy.wasserstein_incomparable_mass: {"u1": 0.0, "u2": 0.0, "u3": 1.9e-05, "u4": 0.0} -> {"u1": 2e-06, "u2": 3e-06, "u3": 2.1e-05, "u4": 2e-06}
  technocratic_paradigm_vs_human_primacy.arakelov_height: 0.369043 -> 0.368926
  technocratic_paradigm_vs_human_primacy.signature_pressure: 0.242585 -> 0.242521
  tenant_displacement_renovation_eviction.maxent_probs: {"mountain": 0.0, "rope": 0.0, "tangled_rope": 0.000594, "snare": 0.999406, "scaffold": 0.0, "piton": 0.0} -> {"mountain": 0.0, "rope": 0.0, "tangled_rope": 0.000594, "snare": 0.99934, "scaffold": 0.0, "piton": 6.6e-05}
  tenant_displacement_renovation_eviction.raw_maxent_probs: {"mountain": 0.0, "rope": 0.0, "tangled_rope": 0.000198, "snare": 0.999802, "scaffold": 0.0, "piton": 0.0} -> {"mountain": 0.0, "rope": 0.0, "tangled_rope": 0.000198, "snare": 0.999736, "scaffold": 0.0, "piton": 6.6e-05}
  tenant_displacement_renovation_eviction.maxent_entropy: 0.002794 -> 0.003185
  tenant_displacement_renovation_eviction.maxent_indexed: CHANGED (large value)
  tenant_displacement_renovation_eviction.maxent_divergence: {"total_variation": 0.0, "interpretation": "near_zero"} -> {"total_variation": 5e-05, "interpretation": "near_zero"}
  tenant_displacement_renovation_eviction.wasserstein_profile: {"u1_u2": 0.994614, "u2_u3": 0.504573, "u3_u4": 0.509365} -> {"u1_u2": 0.994614, "u2_u3": 0.512593, "u3_u4": 0.517384}
  tenant_displacement_renovation_eviction.wasserstein_total_fracture: 2.008553 -> 2.024591
  tenant_displacement_renovation_eviction.wasserstein_incomparable_mass: {"u1": 0.0, "u2": 0.0, "u3": 0.0, "u4": 0.0} -> {"u1": 0.001915, "u2": 4.2e-05, "u3": 0.001785, "u4": 6.6e-05}
  tenant_displacement_renovation_eviction.arakelov_height: 0.346772 -> 0.35281
  tenant_displacement_renovation_eviction.signature_pressure: 0.110925 -> 0.107961
  thermal_dissipation_constraint.maxent_probs: {"mountain": 0.890207, "rope": 0.109791, "tangled_rope": 0.0, "snare": 0.0, "scaffold": 3e-06, "piton": 0.0} -> {"mountain": 0.892889, "rope": 0.107109, "tangled_rope": 0.0, "snare": 0.0, "scaffold": 3e-06, "piton": 0.0}
  thermal_dissipation_constraint.raw_maxent_probs: {"mountain": 0.890207, "rope": 0.109791, "tangled_rope": 0.0, "snare": 0.0, "scaffold": 3e-06, "piton": 0.0} -> {"mountain": 0.892889, "rope": 0.107109, "tangled_rope": 0.0, "snare": 0.0, "scaffold": 3e-06, "piton": 0.0}
  thermal_dissipation_constraint.maxent_entropy: 0.193169 -> 0.190016
  thermal_dissipation_constraint.maxent_indexed: CHANGED (large value)
  thermal_dissipation_constraint.maxent_divergence: {"total_variation": 0.032867, "interpretation": "moderate"} -> {"total_variation": 0.032121, "interpretation": "moderate"}
  thermal_dissipation_constraint.wasserstein_profile: {"u1_u2": 0.019286, "u2_u3": 0.090447, "u3_u4": 0.109733} -> {"u1_u2": 0.012785, "u2_u3": 0.094223, "u3_u4": 0.107008}
  thermal_dissipation_constraint.wasserstein_total_fracture: 0.219466 -> 0.214016
  thermal_dissipation_constraint.arakelov_height: 0.004392 -> 0.004284
  topology_selection.maxent_probs: {"mountain": 0.0, "rope": 0.000412, "tangled_rope": 0.735619, "snare": 0.263968, "scaffold": 1e-06, "piton": 0.0} -> {"mountain": 0.0, "rope": 0.000258, "tangled_rope": 0.735276, "snare": 0.263845, "scaffold": 1e-06, "piton": 0.00062}
  topology_selection.raw_maxent_probs: {"mountain": 0.0, "rope": 0.000809, "tangled_rope": 0.481186, "snare": 0.518004, "scaffold": 1e-06, "piton": 0.0} -> {"mountain": 0.0, "rope": 0.000506, "tangled_rope": 0.480746, "snare": 0.517531, "scaffold": 1e-06, "piton": 0.001216}
  topology_selection.maxent_entropy: 0.32408 -> 0.326142
  topology_selection.maxent_indexed: CHANGED (large value)
  topology_selection.maxent_divergence: {"total_variation": 1e-06, "interpretation": "near_zero"} -> {"total_variation": 0.000991, "interpretation": "near_zero"}
  topology_selection.wasserstein_profile: {"u1_u2": 0.000677, "u2_u3": 0.403026, "u3_u4": 0.213746} -> {"u1_u2": 0.000692, "u2_u3": 0.412488, "u3_u4": 0.230536}
  topology_selection.wasserstein_total_fracture: 0.617449 -> 0.643716
  topology_selection.wasserstein_incomparable_mass: {"u1": 0.0, "u2": 0.0, "u3": 1.1e-05, "u4": 1e-06} -> {"u1": 0.000216, "u2": 0.000224, "u3": 0.000258, "u4": 0.00062}
  topology_selection.arakelov_height: 0.706392 -> 0.706287
  topology_selection.signature_pressure: 0.508469 -> 0.508215
  transfer_gap_physics.maxent_probs: {"mountain": 0.890034, "rope": 0.109769, "tangled_rope": 5.6e-05, "snare": 0.0, "scaffold": 0.000141, "piton": 0.0} -> {"mountain": 0.892715, "rope": 0.107088, "tangled_rope": 5.6e-05, "snare": 0.0, "scaffold": 0.000141, "piton": 0.0}
  transfer_gap_physics.raw_maxent_probs: {"mountain": 0.890034, "rope": 0.109769, "tangled_rope": 5.6e-05, "snare": 0.0, "scaffold": 0.000141, "piton": 0.0} -> {"mountain": 0.892715, "rope": 0.107088, "tangled_rope": 5.6e-05, "snare": 0.0, "scaffold": 0.000141, "piton": 0.0}
  transfer_gap_physics.maxent_entropy: 0.194226 -> 0.191076
  transfer_gap_physics.maxent_indexed: CHANGED (large value)
  transfer_gap_physics.maxent_divergence: {"total_variation": 0.032833, "interpretation": "moderate"} -> {"total_variation": 0.032099, "interpretation": "moderate"}
  transfer_gap_physics.wasserstein_profile: {"u1_u2": 0.019286, "u2_u3": 0.090446, "u3_u4": 0.109801} -> {"u1_u2": 0.012786, "u2_u3": 0.094223, "u3_u4": 0.107077}
  transfer_gap_physics.wasserstein_total_fracture: 0.219534 -> 0.214085
  transfer_gap_physics.wasserstein_incomparable_mass: {"u1": 0.000141, "u2": 0.000144, "u3": 0.000244, "u4": 0.000141} -> {"u1": 0.000141, "u2": 0.000143, "u3": 0.000244, "u4": 0.000141}
  transfer_gap_physics.arakelov_height: 0.0022 -> 0.002147
  truth_as_common_good.maxent_probs: {"mountain": 0.0, "rope": 3.5e-05, "tangled_rope": 0.031521, "snare": 0.968444, "scaffold": 0.0, "piton": 0.0} -> {"mountain": 0.0, "rope": 1.6e-05, "tangled_rope": 0.031521, "snare": 0.968461, "scaffold": 0.0, "piton": 2e-06}
  truth_as_common_good.raw_maxent_probs: {"mountain": 0.0, "rope": 3.5e-05, "tangled_rope": 0.031521, "snare": 0.968444, "scaffold": 0.0, "piton": 0.0} -> {"mountain": 0.0, "rope": 1.6e-05, "tangled_rope": 0.031521, "snare": 0.968461, "scaffold": 0.0, "piton": 2e-06}
  truth_as_common_good.maxent_entropy: 0.078351 -> 0.078251
  truth_as_common_good.maxent_indexed: CHANGED (large value)
  truth_as_common_good.wasserstein_profile: {"u1_u2": 0.197182, "u2_u3": 0.643872, "u3_u4": 0.444722} -> {"u1_u2": 0.197078, "u2_u3": 0.646126, "u3_u4": 0.464596}
  truth_as_common_good.wasserstein_total_fracture: 1.285776 -> 1.307801
  truth_as_common_good.wasserstein_incomparable_mass: {"u1": 1e-06, "u2": 1e-06, "u3": 2.6e-05, "u4": 0.0} -> {"u1": 7e-06, "u2": 7e-06, "u3": 2.7e-05, "u4": 2e-06}
  truth_as_common_good.arakelov_height: 0.27629 -> 0.280245
  truth_democracy_disinformation.maxent_probs: {"mountain": 0.0, "rope": 0.0, "tangled_rope": 0.000599, "snare": 0.999401, "scaffold": 0.0, "piton": 0.0} -> {"mountain": 0.0, "rope": 0.0, "tangled_rope": 0.000599, "snare": 0.999384, "scaffold": 0.0, "piton": 1.7e-05}
  truth_democracy_disinformation.raw_maxent_probs: {"mountain": 0.0, "rope": 0.0, "tangled_rope": 0.0002, "snare": 0.9998, "scaffold": 0.0, "piton": 0.0} -> {"mountain": 0.0, "rope": 0.0, "tangled_rope": 0.0002, "snare": 0.999783, "scaffold": 0.0, "piton": 1.7e-05}
  truth_democracy_disinformation.maxent_entropy: 0.002815 -> 0.002931
  truth_democracy_disinformation.maxent_indexed: CHANGED (large value)
  truth_democracy_disinformation.maxent_divergence: {"total_variation": 0.0, "interpretation": "near_zero"} -> {"total_variation": 1.3e-05, "interpretation": "near_zero"}
  truth_democracy_disinformation.wasserstein_profile: {"u1_u2": 0.993948, "u2_u3": 0.4482, "u3_u4": 0.453653} -> {"u1_u2": 0.993948, "u2_u3": 0.456331, "u3_u4": 0.461784}
  truth_democracy_disinformation.wasserstein_total_fracture: 1.895801 -> 1.912063
  truth_democracy_disinformation.wasserstein_incomparable_mass: {"u1": 0.0, "u2": 0.0, "u3": 2e-06, "u4": 0.0} -> {"u1": 0.000541, "u2": 1.2e-05, "u3": 0.000435, "u4": 1.7e-05}
  truth_democracy_disinformation.arakelov_height: 0.405182 -> 0.406746
  truth_democracy_disinformation.signature_pressure: 0.275211 -> 0.272892
  union_decertification_campaign.maxent_probs: {"mountain": 0.0, "rope": 0.0, "tangled_rope": 0.000599, "snare": 0.999401, "scaffold": 0.0, "piton": 0.0} -> {"mountain": 0.0, "rope": 0.0, "tangled_rope": 0.000599, "snare": 0.999384, "scaffold": 0.0, "piton": 1.7e-05}
  union_decertification_campaign.raw_maxent_probs: {"mountain": 0.0, "rope": 0.0, "tangled_rope": 0.0002, "snare": 0.9998, "scaffold": 0.0, "piton": 0.0} -> {"mountain": 0.0, "rope": 0.0, "tangled_rope": 0.0002, "snare": 0.999783, "scaffold": 0.0, "piton": 1.7e-05}
  union_decertification_campaign.maxent_entropy: 0.002815 -> 0.002931
  union_decertification_campaign.maxent_indexed: CHANGED (large value)
  union_decertification_campaign.maxent_divergence: {"total_variation": 0.0, "interpretation": "near_zero"} -> {"total_variation": 1.3e-05, "interpretation": "near_zero"}
  union_decertification_campaign.wasserstein_profile: {"u1_u2": 0.993948, "u2_u3": 0.4482, "u3_u4": 0.453653} -> {"u1_u2": 0.993948, "u2_u3": 0.456331, "u3_u4": 0.461784}
  union_decertification_campaign.wasserstein_total_fracture: 1.895801 -> 1.912063
  union_decertification_campaign.wasserstein_incomparable_mass: {"u1": 0.0, "u2": 0.0, "u3": 0.0, "u4": 0.0} -> {"u1": 0.000541, "u2": 1.2e-05, "u3": 0.000433, "u4": 1.7e-05}
  union_decertification_campaign.arakelov_height: 0.308892 -> 0.314579
  union_decertification_campaign.signature_pressure: 0.106966 -> 0.104611
  veto_asymmetry.maxent_probs: {"mountain": 0.0, "rope": 0.0, "tangled_rope": 0.003094, "snare": 0.996906, "scaffold": 0.0, "piton": 0.0} -> {"mountain": 0.0, "rope": 0.0, "tangled_rope": 0.003094, "snare": 0.996876, "scaffold": 0.0, "piton": 3e-05}
  veto_asymmetry.raw_maxent_probs: {"mountain": 0.0, "rope": 0.0, "tangled_rope": 0.001033, "snare": 0.998966, "scaffold": 0.0, "piton": 0.0} -> {"mountain": 0.0, "rope": 0.0, "tangled_rope": 0.001033, "snare": 0.998936, "scaffold": 0.0, "piton": 3e-05}
  veto_asymmetry.maxent_entropy: 0.011703 -> 0.011893
  veto_asymmetry.maxent_indexed: CHANGED (large value)
  veto_asymmetry.maxent_divergence: {"total_variation": 0.0, "interpretation": "near_zero"} -> {"total_variation": 1.3e-05, "interpretation": "near_zero"}
  veto_asymmetry.wasserstein_profile: {"u1_u2": 0.937404, "u2_u3": 0.520088, "u3_u4": 0.579595} -> {"u1_u2": 0.937405, "u2_u3": 0.53053, "u3_u4": 0.590034}
  veto_asymmetry.wasserstein_total_fracture: 2.037086 -> 2.057969
  veto_asymmetry.wasserstein_incomparable_mass: {"u1": 0.0, "u2": 0.0, "u3": 0.0, "u4": 0.0} -> {"u1": 0.000455, "u2": 6.6e-05, "u3": 0.000422, "u4": 3e-05}
  veto_asymmetry.arakelov_height: 0.361267 -> 0.367846
  veto_asymmetry.signature_pressure: 0.11731 -> 0.11319
  voltage_regulation_tradeoff.maxent_probs: {"mountain": 0.0, "rope": 0.991917, "tangled_rope": 0.000221, "snare": 0.0, "scaffold": 0.007862, "piton": 0.0} -> {"mountain": 0.0, "rope": 0.993346, "tangled_rope": 0.000182, "snare": 0.0, "scaffold": 0.006472, "piton": 0.0}
  voltage_regulation_tradeoff.raw_maxent_probs: {"mountain": 0.0, "rope": 0.992063, "tangled_rope": 7.4e-05, "snare": 0.0, "scaffold": 0.007863, "piton": 0.0} -> {"mountain": 0.0, "rope": 0.993466, "tangled_rope": 6.1e-05, "snare": 0.0, "scaffold": 0.006473, "piton": 0.0}
  voltage_regulation_tradeoff.maxent_entropy: 0.026794 -> 0.022784
  voltage_regulation_tradeoff.maxent_indexed: CHANGED (large value)
  voltage_regulation_tradeoff.maxent_divergence: {"total_variation": 0.003827, "interpretation": "near_zero"} -> {"total_variation": 0.003158, "interpretation": "near_zero"}
  voltage_regulation_tradeoff.wasserstein_profile: {"u1_u2": 2e-05, "u2_u3": 0.013563, "u3_u4": 0.013362} -> {"u1_u2": 1.7e-05, "u2_u3": 0.009439, "u3_u4": 0.009274}
  voltage_regulation_tradeoff.wasserstein_total_fracture: 0.026944 -> 0.018729
  voltage_regulation_tradeoff.wasserstein_incomparable_mass: {"u1": 0.007863, "u2": 0.010225, "u3": 0.426348, "u4": 0.007862} -> {"u1": 0.006473, "u2": 0.008636, "u3": 0.340975, "u4": 0.006472}
  voltage_regulation_tradeoff.arakelov_height: 0.066244 -> 0.052979
  voltage_regulation_tradeoff.signature_pressure: 0.007925 -> 0.006691
  wage_convergence_mechanism.maxent_probs: {"mountain": 0.0, "rope": 0.39832, "tangled_rope": 0.077815, "snare": 0.0, "scaffold": 0.00277, "piton": 0.521095} -> {"mountain": 0.0, "rope": 0.854634, "tangled_rope": 0.14037, "snare": 0.0, "scaffold": 0.004996, "piton": 0.0}
  wage_convergence_mechanism.raw_maxent_probs: {"mountain": 0.0, "rope": 0.420114, "tangled_rope": 0.027358, "snare": 0.0, "scaffold": 0.002921, "piton": 0.549607} -> {"mountain": 0.0, "rope": 0.942867, "tangled_rope": 0.051621, "snare": 0.0, "scaffold": 0.005512, "piton": 0.0}
  wage_convergence_mechanism.maxent_entropy: 0.514199 -> 0.243523
  wage_convergence_mechanism.maxent_top_type: "piton" -> "rope"
  wage_convergence_mechanism.maxent_indexed: CHANGED (large value)
  wage_convergence_mechanism.maxent_divergence: {"total_variation": 0.001297, "interpretation": "near_zero"} -> {"total_variation": 0.002338, "interpretation": "near_zero"}
  wage_convergence_mechanism.wasserstein_profile: {"u1_u2": 0.073804, "u2_u3": 0.106415, "u3_u4": 0.047187} -> {"u1_u2": 0.060763, "u2_u3": 0.088982, "u3_u4": 0.034352}
  wage_convergence_mechanism.wasserstein_total_fracture: 0.227406 -> 0.184096
  wage_convergence_mechanism.wasserstein_incomparable_mass: {"u1": 0.560479, "u2": 0.495238, "u3": 0.691401, "u4": 0.523864} -> {"u1": 0.005663, "u2": 0.004285, "u3": 0.005545, "u4": 0.004996}
  wage_convergence_mechanism.arakelov_height: 0.156794 -> 0.080006
  wage_convergence_mechanism.arakelov_height_context: "moderate" -> "analytical"
  wage_convergence_mechanism.signature_pressure: 0.05233 -> 0.176983
  wage_convergence_sustainability.maxent_probs: {"mountain": 0.0, "rope": 0.147851, "tangled_rope": 0.029302, "snare": 0.0, "scaffold": 0.000341, "piton": 0.822506} -> {"mountain": 0.0, "rope": 0.866472, "tangled_rope": 0.131992, "snare": 0.0, "scaffold": 0.001536, "piton": 0.0}
  wage_convergence_sustainability.raw_maxent_probs: {"mountain": 0.0, "rope": 0.150796, "tangled_rope": 0.009962, "snare": 0.0, "scaffold": 0.000348, "piton": 0.838894} -> {"mountain": 0.0, "rope": 0.950073, "tangled_rope": 0.048243, "snare": 0.0, "scaffold": 0.001684, "piton": 0.0}
  wage_convergence_sustainability.maxent_entropy: 0.306683 -> 0.224039
  wage_convergence_sustainability.maxent_top_type: "piton" -> "rope"
  wage_convergence_sustainability.maxent_indexed: CHANGED (large value)
  wage_convergence_sustainability.maxent_divergence: {"total_variation": 0.00016, "interpretation": "near_zero"} -> {"total_variation": 0.00072, "interpretation": "near_zero"}
  wage_convergence_sustainability.wasserstein_profile: {"u1_u2": 0.085619, "u2_u3": 0.037702, "u3_u4": 0.025839} -> {"u1_u2": 0.067783, "u2_u3": 0.033678, "u3_u4": 0.018707}
  wage_convergence_sustainability.wasserstein_total_fracture: 0.149161 -> 0.120169
  wage_convergence_sustainability.wasserstein_incomparable_mass: {"u1": 0.843678, "u2": 0.834148, "u3": 0.910284, "u4": 0.822847} -> {"u1": 0.001728, "u2": 0.001638, "u3": 0.004871, "u4": 0.001536}
  wage_convergence_sustainability.arakelov_height: 0.057903 -> 0.074346
  wage_convergence_sustainability.signature_pressure: 0.035727 -> 0.167351
  war_normalization_ai_weapons.maxent_probs: {"mountain": 0.0, "rope": 0.0, "tangled_rope": 0.0002, "snare": 0.9998, "scaffold": 0.0, "piton": 0.0} -> {"mountain": 0.0, "rope": 0.0, "tangled_rope": 0.0002, "snare": 0.999783, "scaffold": 0.0, "piton": 1.7e-05}
  war_normalization_ai_weapons.raw_maxent_probs: {"mountain": 0.0, "rope": 0.0, "tangled_rope": 0.0002, "snare": 0.9998, "scaffold": 0.0, "piton": 0.0} -> {"mountain": 0.0, "rope": 0.0, "tangled_rope": 0.0002, "snare": 0.999783, "scaffold": 0.0, "piton": 1.7e-05}
  war_normalization_ai_weapons.maxent_entropy: 0.001061 -> 0.001177
  war_normalization_ai_weapons.maxent_indexed: CHANGED (large value)
  war_normalization_ai_weapons.maxent_divergence: {"total_variation": 0.0, "interpretation": "near_zero"} -> {"total_variation": 1.3e-05, "interpretation": "near_zero"}
  war_normalization_ai_weapons.wasserstein_profile: {"u1_u2": 0.997975, "u2_u3": 0.34526, "u3_u4": 0.347086} -> {"u1_u2": 0.997975, "u2_u3": 0.355647, "u3_u4": 0.357473}
  war_normalization_ai_weapons.wasserstein_total_fracture: 1.690322 -> 1.711095
  war_normalization_ai_weapons.wasserstein_incomparable_mass: {"u1": 0.0, "u2": 0.0, "u3": 2e-06, "u4": 0.0} -> {"u1": 0.001621, "u2": 1.2e-05, "u3": 0.00052, "u4": 1.7e-05}
  war_normalization_ai_weapons.arakelov_height: 0.236156 -> 0.243444
  war_normalization_autonomous_weapons.maxent_probs: {"mountain": 0.0, "rope": 0.0, "tangled_rope": 0.000706, "snare": 0.999294, "scaffold": 0.0, "piton": 0.0} -> {"mountain": 0.0, "rope": 0.0, "tangled_rope": 0.000704, "snare": 0.99677, "scaffold": 0.0, "piton": 0.002526}
  war_normalization_autonomous_weapons.raw_maxent_probs: {"mountain": 0.0, "rope": 0.0, "tangled_rope": 0.000236, "snare": 0.999764, "scaffold": 0.0, "piton": 0.0} -> {"mountain": 0.0, "rope": 0.0, "tangled_rope": 0.000235, "snare": 0.997238, "scaffold": 0.0, "piton": 0.002527}
  war_normalization_autonomous_weapons.maxent_entropy: 0.003254 -> 0.013084
  war_normalization_autonomous_weapons.maxent_indexed: CHANGED (large value)
  war_normalization_autonomous_weapons.maxent_divergence: {"total_variation": 0.0, "interpretation": "near_zero"} -> {"total_variation": 0.002423, "interpretation": "near_zero"}
  war_normalization_autonomous_weapons.wasserstein_profile: {"u1_u2": 0.991298, "u2_u3": 0.489093, "u3_u4": 0.497089} -> {"u1_u2": 0.991298, "u2_u3": 0.496094, "u3_u4": 0.50409}
  war_normalization_autonomous_weapons.wasserstein_total_fracture: 1.977479 -> 1.991481
  war_normalization_autonomous_weapons.wasserstein_incomparable_mass: {"u1": 0.0, "u2": 0.0, "u3": 0.0, "u4": 0.0} -> {"u1": 0.008598, "u2": 0.001046, "u3": 0.009392, "u4": 0.002526}
  war_normalization_autonomous_weapons.arakelov_height: 0.493552 -> 0.497564
  war_normalization_autonomous_weapons.signature_pressure: 0.281238 -> 0.275462
  work_dignity_automation.maxent_probs: {"mountain": 0.0, "rope": 3.5e-05, "tangled_rope": 0.031521, "snare": 0.968444, "scaffold": 0.0, "piton": 0.0} -> {"mountain": 0.0, "rope": 1.6e-05, "tangled_rope": 0.031521, "snare": 0.968461, "scaffold": 0.0, "piton": 2e-06}
  work_dignity_automation.raw_maxent_probs: {"mountain": 0.0, "rope": 3.5e-05, "tangled_rope": 0.031521, "snare": 0.968444, "scaffold": 0.0, "piton": 0.0} -> {"mountain": 0.0, "rope": 1.6e-05, "tangled_rope": 0.031521, "snare": 0.968461, "scaffold": 0.0, "piton": 2e-06}
  work_dignity_automation.maxent_entropy: 0.078351 -> 0.078251
  work_dignity_automation.maxent_indexed: CHANGED (large value)
  work_dignity_automation.wasserstein_profile: {"u1_u2": 0.197182, "u2_u3": 0.643872, "u3_u4": 0.444722} -> {"u1_u2": 0.197078, "u2_u3": 0.646126, "u3_u4": 0.464596}
  work_dignity_automation.wasserstein_total_fracture: 1.285776 -> 1.307801
  work_dignity_automation.wasserstein_incomparable_mass: {"u1": 1e-06, "u2": 1e-06, "u3": 2.6e-05, "u4": 0.0} -> {"u1": 7e-06, "u2": 7e-06, "u3": 2.7e-05, "u4": 2e-06}
  work_dignity_automation.arakelov_height: 0.276269 -> 0.287775
  work_displacement_dignity.maxent_probs: {"mountain": 0.0, "rope": 0.0, "tangled_rope": 0.000599, "snare": 0.999401, "scaffold": 0.0, "piton": 0.0} -> {"mountain": 0.0, "rope": 0.0, "tangled_rope": 0.000599, "snare": 0.999384, "scaffold": 0.0, "piton": 1.7e-05}
  work_displacement_dignity.raw_maxent_probs: {"mountain": 0.0, "rope": 0.0, "tangled_rope": 0.0002, "snare": 0.9998, "scaffold": 0.0, "piton": 0.0} -> {"mountain": 0.0, "rope": 0.0, "tangled_rope": 0.0002, "snare": 0.999783, "scaffold": 0.0, "piton": 1.7e-05}
  work_displacement_dignity.maxent_entropy: 0.002815 -> 0.002931
  work_displacement_dignity.maxent_indexed: CHANGED (large value)
  work_displacement_dignity.maxent_divergence: {"total_variation": 0.0, "interpretation": "near_zero"} -> {"total_variation": 1.3e-05, "interpretation": "near_zero"}
  work_displacement_dignity.wasserstein_profile: {"u1_u2": 0.993948, "u2_u3": 0.4482, "u3_u4": 0.453653} -> {"u1_u2": 0.993948, "u2_u3": 0.456331, "u3_u4": 0.461784}
  work_displacement_dignity.wasserstein_total_fracture: 1.895801 -> 1.912063
  work_displacement_dignity.wasserstein_incomparable_mass: {"u1": 0.0, "u2": 0.0, "u3": 2e-06, "u4": 0.0} -> {"u1": 0.000541, "u2": 1.2e-05, "u3": 0.000435, "u4": 1.7e-05}
  work_displacement_dignity.arakelov_height: 0.308892 -> 0.31458
  work_displacement_dignity.signature_pressure: 0.106966 -> 0.104611
top-level keys changed: ['diagnostic', 'validation']
