live testsets: 62 | json-paired: 60 | unpaired (contribute no counts): 2
  unpaired: employment_boundary_contradictions, human_dignity_ai_governance_contradictions
positive control: adjunctification_of_university_teaching matches its own claimed_type in 17/60 paired stories — counter fires

== app_store_commission — aggregate prevalence score 2.483 (sum of per-feature fractions; lower = cleaner)
   claimed_type             'rope'                                 10/60
   topic_domain             'economic/technological'               0/60
   eps_exact                0.8                                    0/60
   eps_bin                  0.8                                    7/60
   supp_exact               0.9                                    0/60
   supp_bin                 0.9                                    0/60
   theater_exact            0.4                                    0/60
   theater_bin              0.4                                    2/60
   enforcement              True                                   43/60
   disappearance_verdict    'world_rearranges'                     45/60
   founding_problem_status  'contested'                            21/60
   omega_type_classes       ('empirical',)                         20/60
   role_multiset            (('agenda_setter', 1), ('beneficiary', 1), ('excluded', 1), ('observer', 1), ('payer', 2)) 1/60
   interval                 (0, 100)                               0/60

== streaming_royalty_split — aggregate prevalence score 2.667 (sum of per-feature fractions; lower = cleaner)
   claimed_type             'rope'                                 10/60
   topic_domain             'economic/cultural'                    0/60
   eps_exact                0.7                                    0/60
   eps_bin                  0.7                                    19/60
   supp_exact               0.8                                    0/60
   supp_bin                 0.8                                    8/60
   theater_exact            0.3                                    0/60
   theater_bin              0.3                                    7/60
   enforcement              True                                   43/60
   disappearance_verdict    'world_rearranges'                     45/60
   founding_problem_status  'dead'                                 5/60
   omega_type_classes       ('empirical',)                         20/60
   role_multiset            (('agenda_setter', 2), ('beneficiary', 1), ('excluded', 1), ('observer', 1), ('payer', 3)) 1/60
   interval                 (0, 15)                                2/60

== hospital_insurer_reimbursement — aggregate prevalence score 2.950 (sum of per-feature fractions; lower = cleaner)
   claimed_type             'rope'                                 10/60
   topic_domain             'economic/healthcare'                  0/60
   eps_exact                0.7                                    0/60
   eps_bin                  0.7                                    19/60
   supp_exact               0.8                                    0/60
   supp_bin                 0.8                                    8/60
   theater_exact            0.5                                    0/60
   theater_bin              0.5                                    9/60
   enforcement              True                                   43/60
   disappearance_verdict    'world_rearranges'                     45/60
   founding_problem_status  'live'                                 23/60
   omega_type_classes       ('empirical',)                         20/60
   role_multiset            (('agenda_setter', 3), ('excluded', 1), ('observer', 1), ('payer', 3)) 0/60
   interval                 (0, 100)                               0/60

MINIMUM-PREVALENCE PICK: app_store_commission
