
TEST 1 — extension over 62 live constraints
  old guard true-set: 6  [collapse_mechanism_ambiguity-true-false-false,proxy_measurement_validity-true-false-false,reprogramming_safety_toxicity-true-false-false,scale_ceiling-true-false-false,thermal_dissipation_constraint-true-false-false,transfer_gap_physics-true-false-false]
  candidate A true-set: 0  []
  candidate B true-set: 0  []
  old vs A disagreements: [collapse_mechanism_ambiguity-true-false-false,proxy_measurement_validity-true-false-false,reprogramming_safety_toxicity-true-false-false,scale_ceiling-true-false-false,thermal_dissipation_constraint-true-false-false,transfer_gap_physics-true-false-false]
  old vs B disagreements: [collapse_mechanism_ambiguity-true-false-false,proxy_measurement_validity-true-false-false,reprogramming_safety_toxicity-true-false-false,scale_ceiling-true-false-false,thermal_dissipation_constraint-true-false-false,transfer_gap_physics-true-false-false]
  A vs B disagreements: []

TEST 2 — seam positive control (synthetic NL story, zero authored cells)

TEST2 (no emerges_naturally assertable): old=false A=false B=false
  A detail powerless/biographical/trapped/local -> unknown
  A detail moderate/biographical/mobile/national -> rope
  A detail institutional/generational/arbitrage/national -> rope
  A detail analytical/civilizational/analytical/global -> rope
  B profile: profile(0.92,0.04,0.05,0,unknown,stable,(0.92>0.8,0.04<0.2))

SEAM CONTROL (proper, emerges_naturally compiled): old=false A=false
  A detail powerless/biographical/trapped/local -> FAIL
  A detail moderate/biographical/mobile/national -> FAIL
  A detail institutional/generational/arbitrage/national -> FAIL
  A detail analytical/civilizational/analytical/global -> FAIL
rope_epsilon_ceiling=0.45
  collapse_mechanism_ambiguity eps=none -> guard irrelevant (eps over ceiling)
  proxy_measurement_validity eps=none -> guard irrelevant (eps over ceiling)
  reprogramming_safety_toxicity eps=none -> guard irrelevant (eps over ceiling)
  scale_ceiling eps=none -> guard irrelevant (eps over ceiling)
  thermal_dissipation_constraint eps=none -> guard irrelevant (eps over ceiling)
  transfer_gap_physics eps=none -> guard irrelevant (eps over ceiling)

SEAM CONTROL v2: old=false A=false
  A detail powerless/biographical/trapped/local -> mountain
  A detail moderate/biographical/mobile/national -> rope
  A detail institutional/generational/arbitrage/national -> rope
  A detail analytical/civilizational/analytical/global -> mountain
rope_epsilon_ceiling=0.45 — guard bite via domain_priors:base_extractiveness:
  collapse_mechanism_ambiguity eps=0.08 -> GUARD LOAD-BEARING
  proxy_measurement_validity eps=0.08 -> GUARD LOAD-BEARING
  reprogramming_safety_toxicity eps=0.15 -> GUARD LOAD-BEARING
  scale_ceiling eps=0.12 -> GUARD LOAD-BEARING
  thermal_dissipation_constraint eps=0.02 -> GUARD LOAD-BEARING
  transfer_gap_physics eps=0.02 -> GUARD LOAD-BEARING

candidate C extension: old true-set 6, C true-set 9
old vs C disagreements: [demographic_skill_mismatch-false-true,institutional_trust_erosion-false-true,organization_floor-false-true]
SEAM CONTROL: C on perspectives-free NL story = true (old=false; must be true)

OPTION-4 WITNESS: old true-set [collapse_mechanism_ambiguity-true-false,proxy_measurement_validity-true-false,reprogramming_safety_toxicity-true-false,scale_ceiling-true-false,thermal_dissipation_constraint-true-true,transfer_gap_physics-true-false], C-and-no-beneficiary true-set [thermal_dissipation_constraint-true-true]
  disagreements vs old: [collapse_mechanism_ambiguity-true-false,proxy_measurement_validity-true-false,reprogramming_safety_toxicity-true-false,scale_ceiling-true-false,transfer_gap_physics-true-false]
  CONDITION FAIL — option 4 over/under-restricts; bridge (option 2) applies

installed guard true-set (9): [collapse_mechanism_ambiguity,demographic_skill_mismatch,institutional_trust_erosion,organization_floor,proxy_measurement_validity,reprogramming_safety_toxicity,scale_ceiling,thermal_dissipation_constraint,transfer_gap_physics]
SEAM CONTROL on installed guard (perspectives-free NL story): true (must be true)
