# OQ-302 Phase-2 probe run  tag=phase2
# started 2026-08-19T19:02:27Z  code=a84cb693 dirty=0
# prereg md5: c7a7345ce4664871df94e9adf1fc682d
== leg=testsets  files_on_disk=279  md5_before=1efa04ac05cc58a7ba3d76cd8195ccfe
====================================================
====================================================
====================================================
[corpus] Loading 279 testset files...
[corpus] Loaded 279 testsets successfully.
[probe] leg=testsets corpus_constraint_count=279 source_arm=defect
[probe] leg=testsets wrote 279 rows to /home/scott/bin/structural_dynamics_model/audits/2026-08-19_oq302_bound_false_repair/tsv_phase2/testsets.tsv
== leg=testsets  rc=0  md5_after=1efa04ac05cc58a7ba3d76cd8195ccfe
== leg=testsets_haiku  files_on_disk=960  md5_before=e2a05434ed20e1f12223d2cfcece5b36
====================================================
====================================================
====================================================
[corpus] Loading 960 testset files...
[corpus] Loaded 960 testsets successfully.
[probe] leg=testsets_haiku corpus_constraint_count=960 source_arm=defect
[probe] leg=testsets_haiku wrote 960 rows to /home/scott/bin/structural_dynamics_model/audits/2026-08-19_oq302_bound_false_repair/tsv_phase2/testsets_haiku.tsv
== leg=testsets_haiku  rc=0  md5_after=e2a05434ed20e1f12223d2cfcece5b36
== leg=testsets_flash  files_on_disk=960  md5_before=e84f3f08ecc82cedfa0818a6c2369111
====================================================
====================================================
====================================================
[corpus] Loading 960 testset files...
[corpus] Loaded 960 testsets successfully.
[probe] leg=testsets_flash corpus_constraint_count=960 source_arm=defect
[probe] leg=testsets_flash wrote 960 rows to /home/scott/bin/structural_dynamics_model/audits/2026-08-19_oq302_bound_false_repair/tsv_phase2/testsets_flash.tsv
== leg=testsets_flash  rc=0  md5_after=e84f3f08ecc82cedfa0818a6c2369111
== leg=testsets_kimi  files_on_disk=1005  md5_before=8e4c17a221a1d8e1f50e3857c7007196
====================================================
====================================================
====================================================
[corpus] Loading 1005 testset files...
[corpus] Loaded 1005 testsets successfully.
[probe] leg=testsets_kimi corpus_constraint_count=1005 source_arm=defect
[probe] leg=testsets_kimi wrote 1005 rows to /home/scott/bin/structural_dynamics_model/audits/2026-08-19_oq302_bound_false_repair/tsv_phase2/testsets_kimi.tsv
== leg=testsets_kimi  rc=0  md5_after=8e4c17a221a1d8e1f50e3857c7007196
== leg=testsets_sonnet  files_on_disk=1001  md5_before=f0556a6e59427bca9da8af14f2cdce48
====================================================
====================================================
====================================================
[corpus] Loading 1001 testset files...
[corpus] Loaded 1001 testsets successfully.
[probe] leg=testsets_sonnet corpus_constraint_count=1001 source_arm=defect
[probe] leg=testsets_sonnet wrote 1001 rows to /home/scott/bin/structural_dynamics_model/audits/2026-08-19_oq302_bound_false_repair/tsv_phase2/testsets_sonnet.tsv
== leg=testsets_sonnet  rc=0  md5_after=f0556a6e59427bca9da8af14f2cdce48
== leg=archives/datasets/kernel_v1  files_on_disk=1106  md5_before=66ba8ad01bd110040d09d5052a4d20df
====================================================
====================================================
====================================================
[corpus] Loading 1106 testset files...
[corpus] Loaded 1106 testsets successfully.
[probe] leg=archives/datasets/kernel_v1 corpus_constraint_count=1106 source_arm=defect
[probe] leg=archives/datasets/kernel_v1 wrote 1106 rows to /home/scott/bin/structural_dynamics_model/audits/2026-08-19_oq302_bound_false_repair/tsv_phase2/archives_datasets_kernel_v1.tsv
== leg=archives/datasets/kernel_v1  rc=0  md5_after=66ba8ad01bd110040d09d5052a4d20df
# finished 2026-08-19T19:02:47Z
