# PROVENANCE — desire-path (undesigned/emergent coordination) cell control, 2026-06-10
#
# VALIDITY (input positive-control — read this before trusting the result):
#   This is the RE-RUN. The probe declares `dynamic(domain_priors:emerges_naturally/1)` before
#   asserting the fact (the declaration the compiler emits), and the RESULT line below echoes
#   `emerges_naturally=yes` — i.e. the emergence flag ACTUALLY FIRED, so the → false_summit_mountain
#   result rests on a vector that genuinely had the defining (undesigned/emergent) property.
#
#   The FIRST run was INVALID and is discarded: it asserted `emerges_naturally` WITHOUT the dynamic
#   declaration, so the assert bounced off the static default —
#     ASSERT_ERR domain_priors:emerges_naturally(desirepath): permission_error(modify,static_procedure,...)
#     RESULT desirepath | signature=ambiguous | ... | emerges_naturally=NO
#   That "ambiguous" was byte-for-byte what a run that never set the flag would produce (the
#   "clean read identical to a read that never looked" trap, caught one level down at the input).
#   The → FSM finding rests ENTIRELY on the re-run below, where emerges_naturally=yes is shown.
#
# Vector: extractiveness 0.10, suppression_requirement 0.05, resistance 0.05, accessibility_collapse 0.70,
#   theater_ratio 0.10, emerges_naturally TRUE, constraint_beneficiary(walkers) (coordination_fn=yes,
#   agent_beneficiary=yes), no victim.
# ----------------------------------------------------------------------------------------------------

Warning: /home/scott/bin/structural_dynamics_model/prolog/constraint_instances.pl:152:
Warning:    Local definition of drl_core:base_extractiveness/2 overrides weak import from constraint_data
Warning: /home/scott/bin/structural_dynamics_model/prolog/constraint_instances.pl:153:
Warning:    Local definition of drl_core:suppression_score/2 overrides weak import from constraint_data
Warning: /home/scott/bin/structural_dynamics_model/prolog/maxent_classifier.pl:849:
Warning:    Singleton variables: [C2]
Warning: /home/scott/bin/structural_dynamics_model/prolog/arakelov_height.pl:35:
Warning:    import/1: measurement_layer:wasserstein_contexts/1 is not exported (still imported into arakelov_height)

====================================================
   STRUCTURAL ANALYSIS STACK INITIALIZED
====================================================
Control:    Scenario Manager Active
Usage:      run_scenario('file.pl', interval_id).
====================================================
RESULT desirepath | emerges_naturally=yes | signature=false_summit_mountain | coordination_fn=yes | agent_beneficiary=yes
