OQ-110 residual join | substrate: run_at=2026-06-12T00:59:49Z commit=c22ec56 dirty=False n=62
positive control: planted flip in agenda_conditioning moved the partition — detector fires
coverage (n=62): both=11 flips_only=23 stages_only=4 neither=24
  no_temporal_data (exporter-gated null, zero measurement/5): employment_boundary_contradictions, human_dignity_ai_governance_contradictions
flips: 91 context-level events over 34 constraints; fab_adjacent=20 (excluded)
OQ-105: 23 misaligned supp rows / 11 constraints (census of record: 21/10 on the 48-file corpus; re-derived on this substrate)
  named-10 still live: 10; re-derived hits beyond named-10: institutional_trust_erosion
  flips ON misaligned row: 0 (halt condition, passed)
  flips ADJACENT to misaligned row: 0
inherited flags: 3 carried verbatim, none in live corpus
stage-alignment: committer moments are NAMED atoms — presence-level join only, no numeric moment-to-t mapping fabricated
both-surfaces constraints (11/62):
    - digital_power_concentration
    - formalist_employment_reading
    - hybrid_security_reading
    - magisterial_integralist_reading
    - retirement_security_deficit
    - secular_humanist_reading
    - surveillance_control_freedom
    - technocratic_paradigm_resistance
    - truth_as_common_good
    - war_normalization_ai_weapons
    - work_dignity_automation
wrote outputs/oq110_residual_join.json
