1782539940.992803918  389060 1124888  3897 swipl -l stack.pl -l covering_analysis.pl -l dirac_classification.pl -l maxent_classifier.pl -l context_profile_mining.pl -l ../audits/2026-06-25_oq182_trajectory_revive/c_null_harness.pl -g retractall(config:param(corpus_path,_)), asserta(config:param(corpus_path,'archives/datasets/kernel_v1')), c_null_run, halt. -t halt(1)
1782539941.098891218  389060 1124992  3897 swipl -l stack.pl -l covering_analysis.pl -l dirac_classification.pl -l maxent_classifier.pl -l context_profile_mining.pl -l ../audits/2026-06-25_oq182_trajectory_revive/c_null_harness.pl -g retractall(config:param(corpus_path,_)), asserta(config:param(corpus_path,'archives/datasets/kernel_v1')), c_null_run, halt. -t halt(1)
1782539941.215480236  389060 1125196  3897 swipl -l stack.pl -l covering_analysis.pl -l dirac_classification.pl -l maxent_classifier.pl -l context_profile_mining.pl -l ../audits/2026-06-25_oq182_trajectory_revive/c_null_harness.pl -g retractall(config:param(corpus_path,_)), asserta(config:param(corpus_path,'archives/datasets/kernel_v1')), c_null_run, halt. -t halt(1)
1782539941.321502535  389060 1125016  3897 swipl -l stack.pl -l covering_analysis.pl -l dirac_classification.pl -l maxent_classifier.pl -l context_profile_mining.pl -l ../audits/2026-06-25_oq182_trajectory_revive/c_null_harness.pl -g retractall(config:param(corpus_path,_)), asserta(config:param(corpus_path,'archives/datasets/kernel_v1')), c_null_run, halt. -t halt(1)
1782539941.321502535  394677  8820       0 swipl -g [stack], halt -t halt(1)
1782539941.427536234  389060 1125100  3897 swipl -l stack.pl -l covering_analysis.pl -l dirac_classification.pl -l maxent_classifier.pl -l context_profile_mining.pl -l ../audits/2026-06-25_oq182_trajectory_revive/c_null_harness.pl -g retractall(config:param(corpus_path,_)), asserta(config:param(corpus_path,'archives/datasets/kernel_v1')), c_null_run, halt. -t halt(1)
1782539941.427536234  394677 10896       0 swipl -g [stack], halt -t halt(1)
1782539941.533698534  389060 1125260  3897 swipl -l stack.pl -l covering_analysis.pl -l dirac_classification.pl -l maxent_classifier.pl -l context_profile_mining.pl -l ../audits/2026-06-25_oq182_trajectory_revive/c_null_harness.pl -g retractall(config:param(corpus_path,_)), asserta(config:param(corpus_path,'archives/datasets/kernel_v1')), c_null_run, halt. -t halt(1)
1782539941.533698534  394689  8388       0 swipl -l check_axis_boundary.pl -g run_axis_boundary, halt -t halt(1)
1782539941.639777134  389060 1125296  3897 swipl -l stack.pl -l covering_analysis.pl -l dirac_classification.pl -l maxent_classifier.pl -l context_profile_mining.pl -l ../audits/2026-06-25_oq182_trajectory_revive/c_null_harness.pl -g retractall(config:param(corpus_path,_)), asserta(config:param(corpus_path,'archives/datasets/kernel_v1')), c_null_run, halt. -t halt(1)
1782539941.639777134  394689 10440       0 swipl -l check_axis_boundary.pl -g run_axis_boundary, halt -t halt(1)
1782539941.745906934  389060 1125460  3897 swipl -l stack.pl -l covering_analysis.pl -l dirac_classification.pl -l maxent_classifier.pl -l context_profile_mining.pl -l ../audits/2026-06-25_oq182_trajectory_revive/c_null_harness.pl -g retractall(config:param(corpus_path,_)), asserta(config:param(corpus_path,'archives/datasets/kernel_v1')), c_null_run, halt. -t halt(1)
1782539941.745906934  394689 12044       0 swipl -l check_axis_boundary.pl -g run_axis_boundary, halt -t halt(1)
1782539941.852190636  389060 1125592  3897 swipl -l stack.pl -l covering_analysis.pl -l dirac_classification.pl -l maxent_classifier.pl -l context_profile_mining.pl -l ../audits/2026-06-25_oq182_trajectory_revive/c_null_harness.pl -g retractall(config:param(corpus_path,_)), asserta(config:param(corpus_path,'archives/datasets/kernel_v1')), c_null_run, halt. -t halt(1)
1782539941.852190636  394706  9180       0 swipl -l tests/axis_boundary_ctl_run1.pl -g run_axis_boundary, halt -t halt(1)
1782539941.958253635  389060 1124256  3898 swipl -l stack.pl -l covering_analysis.pl -l dirac_classification.pl -l maxent_classifier.pl -l context_profile_mining.pl -l ../audits/2026-06-25_oq182_trajectory_revive/c_null_harness.pl -g retractall(config:param(corpus_path,_)), asserta(config:param(corpus_path,'archives/datasets/kernel_v1')), c_null_run, halt. -t halt(1)
1782539941.958253635  394706 11136       1 swipl -l tests/axis_boundary_ctl_run1.pl -g run_axis_boundary, halt -t halt(1)
1782539942.077354882  389060 1124340  3898 swipl -l stack.pl -l covering_analysis.pl -l dirac_classification.pl -l maxent_classifier.pl -l context_profile_mining.pl -l ../audits/2026-06-25_oq182_trajectory_revive/c_null_harness.pl -g retractall(config:param(corpus_path,_)), asserta(config:param(corpus_path,'archives/datasets/kernel_v1')), c_null_run, halt. -t halt(1)
1782539942.077354882  394718  8800       0 swipl -l tests/axis_boundary_ctl_run2.pl -g run_axis_boundary, halt -t halt(1)
1782539942.184188090  389060 1124528  3898 swipl -l stack.pl -l covering_analysis.pl -l dirac_classification.pl -l maxent_classifier.pl -l context_profile_mining.pl -l ../audits/2026-06-25_oq182_trajectory_revive/c_null_harness.pl -g retractall(config:param(corpus_path,_)), asserta(config:param(corpus_path,'archives/datasets/kernel_v1')), c_null_run, halt. -t halt(1)
1782539942.184188090  394718 10784       0 swipl -l tests/axis_boundary_ctl_run2.pl -g run_axis_boundary, halt -t halt(1)
1782539942.290209289  389060 1124484  3898 swipl -l stack.pl -l covering_analysis.pl -l dirac_classification.pl -l maxent_classifier.pl -l context_profile_mining.pl -l ../audits/2026-06-25_oq182_trajectory_revive/c_null_harness.pl -g retractall(config:param(corpus_path,_)), asserta(config:param(corpus_path,'archives/datasets/kernel_v1')), c_null_run, halt. -t halt(1)
1782539942.396404590  389060 1124752  3898 swipl -l stack.pl -l covering_analysis.pl -l dirac_classification.pl -l maxent_classifier.pl -l context_profile_mining.pl -l ../audits/2026-06-25_oq182_trajectory_revive/c_null_harness.pl -g retractall(config:param(corpus_path,_)), asserta(config:param(corpus_path,'archives/datasets/kernel_v1')), c_null_run, halt. -t halt(1)
1782539942.396404590  394736  8648       0 swipl -g [stack],[product_site_export],run_product_export,halt -t halt(1)
1782539942.503376700  389060 1125040  3898 swipl -l stack.pl -l covering_analysis.pl -l dirac_classification.pl -l maxent_classifier.pl -l context_profile_mining.pl -l ../audits/2026-06-25_oq182_trajectory_revive/c_null_harness.pl -g retractall(config:param(corpus_path,_)), asserta(config:param(corpus_path,'archives/datasets/kernel_v1')), c_null_run, halt. -t halt(1)
1782539942.503376700  394736 10744       0 swipl -g [stack],[product_site_export],run_product_export,halt -t halt(1)
1782539942.614817060  389060 1125400  3898 swipl -l stack.pl -l covering_analysis.pl -l dirac_classification.pl -l maxent_classifier.pl -l context_profile_mining.pl -l ../audits/2026-06-25_oq182_trajectory_revive/c_null_harness.pl -g retractall(config:param(corpus_path,_)), asserta(config:param(corpus_path,'archives/datasets/kernel_v1')), c_null_run, halt. -t halt(1)
1782539942.614817060  394736 12428       0 swipl -g [stack],[product_site_export],run_product_export,halt -t halt(1)
1782539942.720871459  389060 1125472  3898 swipl -l stack.pl -l covering_analysis.pl -l dirac_classification.pl -l maxent_classifier.pl -l context_profile_mining.pl -l ../audits/2026-06-25_oq182_trajectory_revive/c_null_harness.pl -g retractall(config:param(corpus_path,_)), asserta(config:param(corpus_path,'archives/datasets/kernel_v1')), c_null_run, halt. -t halt(1)
1782539942.720871459  394736 13820       0 swipl -g [stack],[product_site_export],run_product_export,halt -t halt(1)
1782539942.834945949  389060 1124256  3898 swipl -l stack.pl -l covering_analysis.pl -l dirac_classification.pl -l maxent_classifier.pl -l context_profile_mining.pl -l ../audits/2026-06-25_oq182_trajectory_revive/c_null_harness.pl -g retractall(config:param(corpus_path,_)), asserta(config:param(corpus_path,'archives/datasets/kernel_v1')), c_null_run, halt. -t halt(1)
1782539942.834945949  394736 15204       0 swipl -g [stack],[product_site_export],run_product_export,halt -t halt(1)
1782539942.941139450  389060 1124460  3899 swipl -l stack.pl -l covering_analysis.pl -l dirac_classification.pl -l maxent_classifier.pl -l context_profile_mining.pl -l ../audits/2026-06-25_oq182_trajectory_revive/c_null_harness.pl -g retractall(config:param(corpus_path,_)), asserta(config:param(corpus_path,'archives/datasets/kernel_v1')), c_null_run, halt. -t halt(1)
1782539942.941139450  394736 17208       1 swipl -g [stack],[product_site_export],run_product_export,halt -t halt(1)
1782539943.047767356  389060 1124800  3899 swipl -l stack.pl -l covering_analysis.pl -l dirac_classification.pl -l maxent_classifier.pl -l context_profile_mining.pl -l ../audits/2026-06-25_oq182_trajectory_revive/c_null_harness.pl -g retractall(config:param(corpus_path,_)), asserta(config:param(corpus_path,'archives/datasets/kernel_v1')), c_null_run, halt. -t halt(1)
1782539943.047767356  394736 18500       1 swipl -g [stack],[product_site_export],run_product_export,halt -t halt(1)
1782539943.154506963  389060 1125136  3899 swipl -l stack.pl -l covering_analysis.pl -l dirac_classification.pl -l maxent_classifier.pl -l context_profile_mining.pl -l ../audits/2026-06-25_oq182_trajectory_revive/c_null_harness.pl -g retractall(config:param(corpus_path,_)), asserta(config:param(corpus_path,'archives/datasets/kernel_v1')), c_null_run, halt. -t halt(1)
1782539943.154506963  394736 18540       1 swipl -g [stack],[product_site_export],run_product_export,halt -t halt(1)
1782539943.260790265  389060 1125516  3899 swipl -l stack.pl -l covering_analysis.pl -l dirac_classification.pl -l maxent_classifier.pl -l context_profile_mining.pl -l ../audits/2026-06-25_oq182_trajectory_revive/c_null_harness.pl -g retractall(config:param(corpus_path,_)), asserta(config:param(corpus_path,'archives/datasets/kernel_v1')), c_null_run, halt. -t halt(1)
1782539943.260790265  394736 18596       1 swipl -g [stack],[product_site_export],run_product_export,halt -t halt(1)
1782539943.372395927  389060 1125352  3899 swipl -l stack.pl -l covering_analysis.pl -l dirac_classification.pl -l maxent_classifier.pl -l context_profile_mining.pl -l ../audits/2026-06-25_oq182_trajectory_revive/c_null_harness.pl -g retractall(config:param(corpus_path,_)), asserta(config:param(corpus_path,'archives/datasets/kernel_v1')), c_null_run, halt. -t halt(1)
1782539943.372395927  394736 18636       1 swipl -g [stack],[product_site_export],run_product_export,halt -t halt(1)
1782539943.478620328  389060 1125468  3899 swipl -l stack.pl -l covering_analysis.pl -l dirac_classification.pl -l maxent_classifier.pl -l context_profile_mining.pl -l ../audits/2026-06-25_oq182_trajectory_revive/c_null_harness.pl -g retractall(config:param(corpus_path,_)), asserta(config:param(corpus_path,'archives/datasets/kernel_v1')), c_null_run, halt. -t halt(1)
1782539943.478620328  394736 18700       1 swipl -g [stack],[product_site_export],run_product_export,halt -t halt(1)
1782539943.584889430  389060 1125472  3899 swipl -l stack.pl -l covering_analysis.pl -l dirac_classification.pl -l maxent_classifier.pl -l context_profile_mining.pl -l ../audits/2026-06-25_oq182_trajectory_revive/c_null_harness.pl -g retractall(config:param(corpus_path,_)), asserta(config:param(corpus_path,'archives/datasets/kernel_v1')), c_null_run, halt. -t halt(1)
1782539943.584889430  394736 18820       1 swipl -g [stack],[product_site_export],run_product_export,halt -t halt(1)
1782539943.691151531  389060 1125060  3899 swipl -l stack.pl -l covering_analysis.pl -l dirac_classification.pl -l maxent_classifier.pl -l context_profile_mining.pl -l ../audits/2026-06-25_oq182_trajectory_revive/c_null_harness.pl -g retractall(config:param(corpus_path,_)), asserta(config:param(corpus_path,'archives/datasets/kernel_v1')), c_null_run, halt. -t halt(1)
1782539943.691151531  394736 18852       1 swipl -g [stack],[product_site_export],run_product_export,halt -t halt(1)
1782539943.797152630  389060 1125248  3899 swipl -l stack.pl -l covering_analysis.pl -l dirac_classification.pl -l maxent_classifier.pl -l context_profile_mining.pl -l ../audits/2026-06-25_oq182_trajectory_revive/c_null_harness.pl -g retractall(config:param(corpus_path,_)), asserta(config:param(corpus_path,'archives/datasets/kernel_v1')), c_null_run, halt. -t halt(1)
1782539943.797152630  394736 18892       1 swipl -g [stack],[product_site_export],run_product_export,halt -t halt(1)
1782539943.903558933  389060 1125452  3899 swipl -l stack.pl -l covering_analysis.pl -l dirac_classification.pl -l maxent_classifier.pl -l context_profile_mining.pl -l ../audits/2026-06-25_oq182_trajectory_revive/c_null_harness.pl -g retractall(config:param(corpus_path,_)), asserta(config:param(corpus_path,'archives/datasets/kernel_v1')), c_null_run, halt. -t halt(1)
1782539944.010427042  389060 1124256  3900 swipl -l stack.pl -l covering_analysis.pl -l dirac_classification.pl -l maxent_classifier.pl -l context_profile_mining.pl -l ../audits/2026-06-25_oq182_trajectory_revive/c_null_harness.pl -g retractall(config:param(corpus_path,_)), asserta(config:param(corpus_path,'archives/datasets/kernel_v1')), c_null_run, halt. -t halt(1)
1782539944.010427042  394817  9000       0 swipl -l stack.pl -l covering_analysis.pl -l dirac_classification.pl -l orbit_report.pl -g run_orbit_report, halt.
1782539944.010427042  394818  8416       0 swipl -g [validation_suite], run_dynamic_suite, halt.
1782539944.010427042  394819  8744       0 swipl -l stack.pl -l covering_analysis.pl -l fpn_report.pl -g run_fpn_report, halt.
1782539944.010427042  394820  8412       0 swipl -g [fingerprint_report], halt.
1782539944.119037070  389060 1125252  3900 swipl -l stack.pl -l covering_analysis.pl -l dirac_classification.pl -l maxent_classifier.pl -l context_profile_mining.pl -l ../audits/2026-06-25_oq182_trajectory_revive/c_null_harness.pl -g retractall(config:param(corpus_path,_)), asserta(config:param(corpus_path,'archives/datasets/kernel_v1')), c_null_run, halt. -t halt(1)
1782539944.119037070  394817 10940       0 swipl -l stack.pl -l covering_analysis.pl -l dirac_classification.pl -l orbit_report.pl -g run_orbit_report, halt.
1782539944.119037070  394818  9468       0 swipl -g [validation_suite], run_dynamic_suite, halt.
1782539944.119037070  394819 10160       0 swipl -l stack.pl -l covering_analysis.pl -l fpn_report.pl -g run_fpn_report, halt.
1782539944.119037070  394820 10368       0 swipl -g [fingerprint_report], halt.
1782539944.227317095  389060 1124892  3900 swipl -l stack.pl -l covering_analysis.pl -l dirac_classification.pl -l maxent_classifier.pl -l context_profile_mining.pl -l ../audits/2026-06-25_oq182_trajectory_revive/c_null_harness.pl -g retractall(config:param(corpus_path,_)), asserta(config:param(corpus_path,'archives/datasets/kernel_v1')), c_null_run, halt. -t halt(1)
1782539944.227317095  394817 12132       0 swipl -l stack.pl -l covering_analysis.pl -l dirac_classification.pl -l orbit_report.pl -g run_orbit_report, halt.
1782539944.227317095  394818 10648       0 swipl -g [validation_suite], run_dynamic_suite, halt.
1782539944.227317095  394819 11392       0 swipl -l stack.pl -l covering_analysis.pl -l fpn_report.pl -g run_fpn_report, halt.
1782539944.227317095  394820 11440       0 swipl -g [fingerprint_report], halt.
1782539944.334591408  389060 1124696  3900 swipl -l stack.pl -l covering_analysis.pl -l dirac_classification.pl -l maxent_classifier.pl -l context_profile_mining.pl -l ../audits/2026-06-25_oq182_trajectory_revive/c_null_harness.pl -g retractall(config:param(corpus_path,_)), asserta(config:param(corpus_path,'archives/datasets/kernel_v1')), c_null_run, halt. -t halt(1)
1782539944.334591408  394817 13376       0 swipl -l stack.pl -l covering_analysis.pl -l dirac_classification.pl -l orbit_report.pl -g run_orbit_report, halt.
1782539944.334591408  394818 11560       0 swipl -g [validation_suite], run_dynamic_suite, halt.
1782539944.334591408  394819 12680       0 swipl -l stack.pl -l covering_analysis.pl -l fpn_report.pl -g run_fpn_report, halt.
1782539944.334591408  394820 12440       0 swipl -g [fingerprint_report], halt.
1782539944.443568940  389060 1124988  3900 swipl -l stack.pl -l covering_analysis.pl -l dirac_classification.pl -l maxent_classifier.pl -l context_profile_mining.pl -l ../audits/2026-06-25_oq182_trajectory_revive/c_null_harness.pl -g retractall(config:param(corpus_path,_)), asserta(config:param(corpus_path,'archives/datasets/kernel_v1')), c_null_run, halt. -t halt(1)
1782539944.443568940  394817 14644       0 swipl -l stack.pl -l covering_analysis.pl -l dirac_classification.pl -l orbit_report.pl -g run_orbit_report, halt.
1782539944.443568940  394818 11872       0 swipl -g [validation_suite], run_dynamic_suite, halt.
1782539944.443568940  394819 13580       0 swipl -l stack.pl -l covering_analysis.pl -l fpn_report.pl -g run_fpn_report, halt.
1782539944.443568940  394820 14104       0 swipl -g [fingerprint_report], halt.
1782539944.556894821  389060 1125164  3900 swipl -l stack.pl -l covering_analysis.pl -l dirac_classification.pl -l maxent_classifier.pl -l context_profile_mining.pl -l ../audits/2026-06-25_oq182_trajectory_revive/c_null_harness.pl -g retractall(config:param(corpus_path,_)), asserta(config:param(corpus_path,'archives/datasets/kernel_v1')), c_null_run, halt. -t halt(1)
1782539944.556894821  394817 15960       0 swipl -l stack.pl -l covering_analysis.pl -l dirac_classification.pl -l orbit_report.pl -g run_orbit_report, halt.
1782539944.556894821  394818 12140       0 swipl -g [validation_suite], run_dynamic_suite, halt.
1782539944.556894821  394819 14704       0 swipl -l stack.pl -l covering_analysis.pl -l fpn_report.pl -g run_fpn_report, halt.
1782539944.556894821  394820 14104       0 swipl -g [fingerprint_report], halt.
1782539944.676645976  389060 1124256  3900 swipl -l stack.pl -l covering_analysis.pl -l dirac_classification.pl -l maxent_classifier.pl -l context_profile_mining.pl -l ../audits/2026-06-25_oq182_trajectory_revive/c_null_harness.pl -g retractall(config:param(corpus_path,_)), asserta(config:param(corpus_path,'archives/datasets/kernel_v1')), c_null_run, halt. -t halt(1)
1782539944.676645976  394818 12564       0 swipl -g [validation_suite], run_dynamic_suite, halt.
1782539944.676645976  394820 14104       0 swipl -g [fingerprint_report], halt.
1782539944.676645976  394856  8776       0 swipl -l stack.pl -l covering_analysis.pl -l dirac_classification.pl -l maxent_classifier.pl -l maxent_report.pl -g run_maxent_report, halt.
1782539944.676645976  394857  7380       0 swipl -l stack.pl -l covering_analysis.pl -l dirac_classification.pl -l maxent_classifier.pl -l abductive_engine.pl -l abductive_report.pl -g run_abductive_report, halt.
1782539944.784494095  389060 1124368  3900 swipl -l stack.pl -l covering_analysis.pl -l dirac_classification.pl -l maxent_classifier.pl -l context_profile_mining.pl -l ../audits/2026-06-25_oq182_trajectory_revive/c_null_harness.pl -g retractall(config:param(corpus_path,_)), asserta(config:param(corpus_path,'archives/datasets/kernel_v1')), c_null_run, halt. -t halt(1)
1782539944.784494095  394818 12932       0 swipl -g [validation_suite], run_dynamic_suite, halt.
1782539944.784494095  394856 10356       0 swipl -l stack.pl -l covering_analysis.pl -l dirac_classification.pl -l maxent_classifier.pl -l maxent_report.pl -g run_maxent_report, halt.
1782539944.784494095  394857  9180       0 swipl -l stack.pl -l covering_analysis.pl -l dirac_classification.pl -l maxent_classifier.pl -l abductive_engine.pl -l abductive_report.pl -g run_abductive_report, halt.
1782539944.784494095  394865  7304       0 swipl -l stack.pl -l covering_analysis.pl -g run_covering_analysis, halt.
1782539944.892731119  389060 1124816  3900 swipl -l stack.pl -l covering_analysis.pl -l dirac_classification.pl -l maxent_classifier.pl -l context_profile_mining.pl -l ../audits/2026-06-25_oq182_trajectory_revive/c_null_harness.pl -g retractall(config:param(corpus_path,_)), asserta(config:param(corpus_path,'archives/datasets/kernel_v1')), c_null_run, halt. -t halt(1)
1782539944.892731119  394818 13240       0 swipl -g [validation_suite], run_dynamic_suite, halt.
1782539944.892731119  394856 11912       0 swipl -l stack.pl -l covering_analysis.pl -l dirac_classification.pl -l maxent_classifier.pl -l maxent_report.pl -g run_maxent_report, halt.
1782539944.892731119  394857 11404       0 swipl -l stack.pl -l covering_analysis.pl -l dirac_classification.pl -l maxent_classifier.pl -l abductive_engine.pl -l abductive_report.pl -g run_abductive_report, halt.
1782539944.892731119  394865  9500       0 swipl -l stack.pl -l covering_analysis.pl -g run_covering_analysis, halt.
1782539945.020352362  389060 1124800  3901 swipl -l stack.pl -l covering_analysis.pl -l dirac_classification.pl -l maxent_classifier.pl -l context_profile_mining.pl -l ../audits/2026-06-25_oq182_trajectory_revive/c_null_harness.pl -g retractall(config:param(corpus_path,_)), asserta(config:param(corpus_path,'archives/datasets/kernel_v1')), c_null_run, halt. -t halt(1)
1782539945.020352362  394818 13516       1 swipl -g [validation_suite], run_dynamic_suite, halt.
1782539945.020352362  394856 12968       1 swipl -l stack.pl -l covering_analysis.pl -l dirac_classification.pl -l maxent_classifier.pl -l maxent_report.pl -g run_maxent_report, halt.
1782539945.020352362  394857 12336       1 swipl -l stack.pl -l covering_analysis.pl -l dirac_classification.pl -l maxent_classifier.pl -l abductive_engine.pl -l abductive_report.pl -g run_abductive_report, halt.
1782539945.020352362  394865 11460       1 swipl -l stack.pl -l covering_analysis.pl -g run_covering_analysis, halt.
1782539945.127499774  389060 1125048  3901 swipl -l stack.pl -l covering_analysis.pl -l dirac_classification.pl -l maxent_classifier.pl -l context_profile_mining.pl -l ../audits/2026-06-25_oq182_trajectory_revive/c_null_harness.pl -g retractall(config:param(corpus_path,_)), asserta(config:param(corpus_path,'archives/datasets/kernel_v1')), c_null_run, halt. -t halt(1)
1782539945.127499774  394818 13824       1 swipl -g [validation_suite], run_dynamic_suite, halt.
1782539945.127499774  394856 13856       1 swipl -l stack.pl -l covering_analysis.pl -l dirac_classification.pl -l maxent_classifier.pl -l maxent_report.pl -g run_maxent_report, halt.
1782539945.127499774  394857 13216       1 swipl -l stack.pl -l covering_analysis.pl -l dirac_classification.pl -l maxent_classifier.pl -l abductive_engine.pl -l abductive_report.pl -g run_abductive_report, halt.
1782539945.127499774  394865 12460       1 swipl -l stack.pl -l covering_analysis.pl -g run_covering_analysis, halt.
1782539945.284711852  389060 1124256  3901 swipl -l stack.pl -l covering_analysis.pl -l dirac_classification.pl -l maxent_classifier.pl -l context_profile_mining.pl -l ../audits/2026-06-25_oq182_trajectory_revive/c_null_harness.pl -g retractall(config:param(corpus_path,_)), asserta(config:param(corpus_path,'archives/datasets/kernel_v1')), c_null_run, halt. -t halt(1)
1782539945.284711852  394818 14340       1 swipl -g [validation_suite], run_dynamic_suite, halt.
1782539945.284711852  394856 16204       1 swipl -l stack.pl -l covering_analysis.pl -l dirac_classification.pl -l maxent_classifier.pl -l maxent_report.pl -g run_maxent_report, halt.
1782539945.284711852  394857 14852       1 swipl -l stack.pl -l covering_analysis.pl -l dirac_classification.pl -l maxent_classifier.pl -l abductive_engine.pl -l abductive_report.pl -g run_abductive_report, halt.
1782539945.284711852  394865 14476       1 swipl -l stack.pl -l covering_analysis.pl -g run_covering_analysis, halt.
1782539945.419262973  389060 1124348  3901 swipl -l stack.pl -l covering_analysis.pl -l dirac_classification.pl -l maxent_classifier.pl -l context_profile_mining.pl -l ../audits/2026-06-25_oq182_trajectory_revive/c_null_harness.pl -g retractall(config:param(corpus_path,_)), asserta(config:param(corpus_path,'archives/datasets/kernel_v1')), c_null_run, halt. -t halt(1)
1782539945.419262973  394856 16288       1 swipl -l stack.pl -l covering_analysis.pl -l dirac_classification.pl -l maxent_classifier.pl -l maxent_report.pl -g run_maxent_report, halt.
1782539945.419262973  394857 16428       1 swipl -l stack.pl -l covering_analysis.pl -l dirac_classification.pl -l maxent_classifier.pl -l abductive_engine.pl -l abductive_report.pl -g run_abductive_report, halt.
1782539945.419262973  394865 15940       1 swipl -l stack.pl -l covering_analysis.pl -g run_covering_analysis, halt.
1782539945.419262973  394892  8440       0 swipl -l stack.pl -l giant_component_analysis.pl -g run_giant_component_analysis, halt.
1782539945.527330095  389060 1124488  3901 swipl -l stack.pl -l covering_analysis.pl -l dirac_classification.pl -l maxent_classifier.pl -l context_profile_mining.pl -l ../audits/2026-06-25_oq182_trajectory_revive/c_null_harness.pl -g retractall(config:param(corpus_path,_)), asserta(config:param(corpus_path,'archives/datasets/kernel_v1')), c_null_run, halt. -t halt(1)
1782539945.527330095  394856 16444       1 swipl -l stack.pl -l covering_analysis.pl -l dirac_classification.pl -l maxent_classifier.pl -l maxent_report.pl -g run_maxent_report, halt.
1782539945.527330095  394857 16496       1 swipl -l stack.pl -l covering_analysis.pl -l dirac_classification.pl -l maxent_classifier.pl -l abductive_engine.pl -l abductive_report.pl -g run_abductive_report, halt.
1782539945.527330095  394865 16832       1 swipl -l stack.pl -l covering_analysis.pl -g run_covering_analysis, halt.
1782539945.527330095  394892 10456       0 swipl -l stack.pl -l giant_component_analysis.pl -g run_giant_component_analysis, halt.
1782539945.636166726  389060 1124632  3901 swipl -l stack.pl -l covering_analysis.pl -l dirac_classification.pl -l maxent_classifier.pl -l context_profile_mining.pl -l ../audits/2026-06-25_oq182_trajectory_revive/c_null_harness.pl -g retractall(config:param(corpus_path,_)), asserta(config:param(corpus_path,'archives/datasets/kernel_v1')), c_null_run, halt. -t halt(1)
1782539945.636166726  394857 16644       1 swipl -l stack.pl -l covering_analysis.pl -l dirac_classification.pl -l maxent_classifier.pl -l abductive_engine.pl -l abductive_report.pl -g run_abductive_report, halt.
1782539945.636166726  394892 11620       0 swipl -l stack.pl -l giant_component_analysis.pl -g run_giant_component_analysis, halt.
1782539945.636166726  394904  9180       0 swipl -l stack.pl -l covering_analysis.pl -l inferred_coupling_protocol.pl -g run_coupling_protocol, halt.
1782539945.749498208  389060 1125016  3901 swipl -l stack.pl -l covering_analysis.pl -l dirac_classification.pl -l maxent_classifier.pl -l context_profile_mining.pl -l ../audits/2026-06-25_oq182_trajectory_revive/c_null_harness.pl -g retractall(config:param(corpus_path,_)), asserta(config:param(corpus_path,'archives/datasets/kernel_v1')), c_null_run, halt. -t halt(1)
1782539945.749498208  394857 17056       1 swipl -l stack.pl -l covering_analysis.pl -l dirac_classification.pl -l maxent_classifier.pl -l abductive_engine.pl -l abductive_report.pl -g run_abductive_report, halt.
1782539945.749498208  394892 12884       0 swipl -l stack.pl -l giant_component_analysis.pl -g run_giant_component_analysis, halt.
1782539945.749498208  394904 10960       0 swipl -l stack.pl -l covering_analysis.pl -l inferred_coupling_protocol.pl -g run_coupling_protocol, halt.
1782539945.749498208  394910  9292       0 swipl -l stack.pl -l covering_analysis.pl -l maxent_classifier.pl -l dirac_classification.pl -l maxent_diagnostic.pl -g run_maxent_diagnostic, halt.
1782539945.856420817  389060 1124256  3901 swipl -l stack.pl -l covering_analysis.pl -l dirac_classification.pl -l maxent_classifier.pl -l context_profile_mining.pl -l ../audits/2026-06-25_oq182_trajectory_revive/c_null_harness.pl -g retractall(config:param(corpus_path,_)), asserta(config:param(corpus_path,'archives/datasets/kernel_v1')), c_null_run, halt. -t halt(1)
1782539945.856420817  394857 17316       1 swipl -l stack.pl -l covering_analysis.pl -l dirac_classification.pl -l maxent_classifier.pl -l abductive_engine.pl -l abductive_report.pl -g run_abductive_report, halt.
1782539945.856420817  394892 14204       0 swipl -l stack.pl -l giant_component_analysis.pl -g run_giant_component_analysis, halt.
1782539945.856420817  394904 12304       0 swipl -l stack.pl -l covering_analysis.pl -l inferred_coupling_protocol.pl -g run_coupling_protocol, halt.
1782539945.856420817  394910 11648       0 swipl -l stack.pl -l covering_analysis.pl -l maxent_classifier.pl -l dirac_classification.pl -l maxent_diagnostic.pl -g run_maxent_diagnostic, halt.
1782539945.963231325  389060 1124440  3902 swipl -l stack.pl -l covering_analysis.pl -l dirac_classification.pl -l maxent_classifier.pl -l context_profile_mining.pl -l ../audits/2026-06-25_oq182_trajectory_revive/c_null_harness.pl -g retractall(config:param(corpus_path,_)), asserta(config:param(corpus_path,'archives/datasets/kernel_v1')), c_null_run, halt. -t halt(1)
1782539945.963231325  394857 17500       2 swipl -l stack.pl -l covering_analysis.pl -l dirac_classification.pl -l maxent_classifier.pl -l abductive_engine.pl -l abductive_report.pl -g run_abductive_report, halt.
1782539945.963231325  394892 16136       1 swipl -l stack.pl -l giant_component_analysis.pl -g run_giant_component_analysis, halt.
1782539945.963231325  394904 13420       1 swipl -l stack.pl -l covering_analysis.pl -l inferred_coupling_protocol.pl -g run_coupling_protocol, halt.
1782539945.963231325  394910 12788       1 swipl -l stack.pl -l covering_analysis.pl -l maxent_classifier.pl -l dirac_classification.pl -l maxent_diagnostic.pl -g run_maxent_diagnostic, halt.
1782539946.070424337  389060 1125152  3902 swipl -l stack.pl -l covering_analysis.pl -l dirac_classification.pl -l maxent_classifier.pl -l context_profile_mining.pl -l ../audits/2026-06-25_oq182_trajectory_revive/c_null_harness.pl -g retractall(config:param(corpus_path,_)), asserta(config:param(corpus_path,'archives/datasets/kernel_v1')), c_null_run, halt. -t halt(1)
1782539946.070424337  394904 14532       1 swipl -l stack.pl -l covering_analysis.pl -l inferred_coupling_protocol.pl -g run_coupling_protocol, halt.
1782539946.070424337  394910 13924       1 swipl -l stack.pl -l covering_analysis.pl -l maxent_classifier.pl -l dirac_classification.pl -l maxent_diagnostic.pl -g run_maxent_diagnostic, halt.
1782539946.070424337  394935  9188       0 swipl -l stack.pl -l commentary_census.pl -g run_commentary_census, halt.
1782539946.196991768  389060 1124532  3902 swipl -l stack.pl -l covering_analysis.pl -l dirac_classification.pl -l maxent_classifier.pl -l context_profile_mining.pl -l ../audits/2026-06-25_oq182_trajectory_revive/c_null_harness.pl -g retractall(config:param(corpus_path,_)), asserta(config:param(corpus_path,'archives/datasets/kernel_v1')), c_null_run, halt. -t halt(1)
1782539946.196991768  394910 15104       1 swipl -l stack.pl -l covering_analysis.pl -l maxent_classifier.pl -l dirac_classification.pl -l maxent_diagnostic.pl -g run_maxent_diagnostic, halt.
1782539946.196991768  394935 11284       0 swipl -l stack.pl -l commentary_census.pl -g run_commentary_census, halt.
1782539946.304257981  389060 1125100  3902 swipl -l stack.pl -l covering_analysis.pl -l dirac_classification.pl -l maxent_classifier.pl -l context_profile_mining.pl -l ../audits/2026-06-25_oq182_trajectory_revive/c_null_harness.pl -g retractall(config:param(corpus_path,_)), asserta(config:param(corpus_path,'archives/datasets/kernel_v1')), c_null_run, halt. -t halt(1)
1782539946.304257981  394910 16308       1 swipl -l stack.pl -l covering_analysis.pl -l maxent_classifier.pl -l dirac_classification.pl -l maxent_diagnostic.pl -g run_maxent_diagnostic, halt.
1782539946.304257981  394935 12664       0 swipl -l stack.pl -l commentary_census.pl -g run_commentary_census, halt.
1782539946.411899298  389060 1125068  3902 swipl -l stack.pl -l covering_analysis.pl -l dirac_classification.pl -l maxent_classifier.pl -l context_profile_mining.pl -l ../audits/2026-06-25_oq182_trajectory_revive/c_null_harness.pl -g retractall(config:param(corpus_path,_)), asserta(config:param(corpus_path,'archives/datasets/kernel_v1')), c_null_run, halt. -t halt(1)
1782539946.411899298  394910 16496       1 swipl -l stack.pl -l covering_analysis.pl -l maxent_classifier.pl -l dirac_classification.pl -l maxent_diagnostic.pl -g run_maxent_diagnostic, halt.
1782539946.411899298  394935 13996       0 swipl -l stack.pl -l commentary_census.pl -g run_commentary_census, halt.
1782539946.518572005  389060 1124256  3902 swipl -l stack.pl -l covering_analysis.pl -l dirac_classification.pl -l maxent_classifier.pl -l context_profile_mining.pl -l ../audits/2026-06-25_oq182_trajectory_revive/c_null_harness.pl -g retractall(config:param(corpus_path,_)), asserta(config:param(corpus_path,'archives/datasets/kernel_v1')), c_null_run, halt. -t halt(1)
1782539946.518572005  394910 16496       1 swipl -l stack.pl -l covering_analysis.pl -l maxent_classifier.pl -l dirac_classification.pl -l maxent_diagnostic.pl -g run_maxent_diagnostic, halt.
1782539946.518572005  394935 15848       0 swipl -l stack.pl -l commentary_census.pl -g run_commentary_census, halt.
1782539946.625074809  389060 1124600  3902 swipl -l stack.pl -l covering_analysis.pl -l dirac_classification.pl -l maxent_classifier.pl -l context_profile_mining.pl -l ../audits/2026-06-25_oq182_trajectory_revive/c_null_harness.pl -g retractall(config:param(corpus_path,_)), asserta(config:param(corpus_path,'archives/datasets/kernel_v1')), c_null_run, halt. -t halt(1)
1782539946.625074809  394984  8268       0 swipl -g use_module(config), (config:param(trajectory_enabled, 1) -> write(1) ; write(0)), halt.
1782539946.752365649  389060 1124288  3902 swipl -l stack.pl -l covering_analysis.pl -l dirac_classification.pl -l maxent_classifier.pl -l context_profile_mining.pl -l ../audits/2026-06-25_oq182_trajectory_revive/c_null_harness.pl -g retractall(config:param(corpus_path,_)), asserta(config:param(corpus_path,'archives/datasets/kernel_v1')), c_null_run, halt. -t halt(1)
1782539946.752365649  394991  9124       0 swipl -l stack.pl -l covering_analysis.pl -l dirac_classification.pl -l maxent_classifier.pl -l context_profile_mining.pl -l context_profile_report.pl -g run_trajectory_report, halt.
1782539946.858721751  389060 1124716  3902 swipl -l stack.pl -l covering_analysis.pl -l dirac_classification.pl -l maxent_classifier.pl -l context_profile_mining.pl -l ../audits/2026-06-25_oq182_trajectory_revive/c_null_harness.pl -g retractall(config:param(corpus_path,_)), asserta(config:param(corpus_path,'archives/datasets/kernel_v1')), c_null_run, halt. -t halt(1)
1782539946.858721751  394991 11280       0 swipl -l stack.pl -l covering_analysis.pl -l dirac_classification.pl -l maxent_classifier.pl -l context_profile_mining.pl -l context_profile_report.pl -g run_trajectory_report, halt.
1782539946.965018653  389060 1124936  3903 swipl -l stack.pl -l covering_analysis.pl -l dirac_classification.pl -l maxent_classifier.pl -l context_profile_mining.pl -l ../audits/2026-06-25_oq182_trajectory_revive/c_null_harness.pl -g retractall(config:param(corpus_path,_)), asserta(config:param(corpus_path,'archives/datasets/kernel_v1')), c_null_run, halt. -t halt(1)
1782539946.965018653  394991 12372       1 swipl -l stack.pl -l covering_analysis.pl -l dirac_classification.pl -l maxent_classifier.pl -l context_profile_mining.pl -l context_profile_report.pl -g run_trajectory_report, halt.
1782539947.072524469  389060 1124256  3903 swipl -l stack.pl -l covering_analysis.pl -l dirac_classification.pl -l maxent_classifier.pl -l context_profile_mining.pl -l ../audits/2026-06-25_oq182_trajectory_revive/c_null_harness.pl -g retractall(config:param(corpus_path,_)), asserta(config:param(corpus_path,'archives/datasets/kernel_v1')), c_null_run, halt. -t halt(1)
1782539947.072524469  394991 13516       1 swipl -l stack.pl -l covering_analysis.pl -l dirac_classification.pl -l maxent_classifier.pl -l context_profile_mining.pl -l context_profile_report.pl -g run_trajectory_report, halt.
1782539947.178694970  389060 1124872  3903 swipl -l stack.pl -l covering_analysis.pl -l dirac_classification.pl -l maxent_classifier.pl -l context_profile_mining.pl -l ../audits/2026-06-25_oq182_trajectory_revive/c_null_harness.pl -g retractall(config:param(corpus_path,_)), asserta(config:param(corpus_path,'archives/datasets/kernel_v1')), c_null_run, halt. -t halt(1)
1782539947.178694970  394991 14920       1 swipl -l stack.pl -l covering_analysis.pl -l dirac_classification.pl -l maxent_classifier.pl -l context_profile_mining.pl -l context_profile_report.pl -g run_trajectory_report, halt.
1782539947.285138773  389060 1124348  3903 swipl -l stack.pl -l covering_analysis.pl -l dirac_classification.pl -l maxent_classifier.pl -l context_profile_mining.pl -l ../audits/2026-06-25_oq182_trajectory_revive/c_null_harness.pl -g retractall(config:param(corpus_path,_)), asserta(config:param(corpus_path,'archives/datasets/kernel_v1')), c_null_run, halt. -t halt(1)
1782539947.285138773  394991 16320       1 swipl -l stack.pl -l covering_analysis.pl -l dirac_classification.pl -l maxent_classifier.pl -l context_profile_mining.pl -l context_profile_report.pl -g run_trajectory_report, halt.
1782539947.391377975  389060 1125004  3903 swipl -l stack.pl -l covering_analysis.pl -l dirac_classification.pl -l maxent_classifier.pl -l context_profile_mining.pl -l ../audits/2026-06-25_oq182_trajectory_revive/c_null_harness.pl -g retractall(config:param(corpus_path,_)), asserta(config:param(corpus_path,'archives/datasets/kernel_v1')), c_null_run, halt. -t halt(1)
1782539947.391377975  394991 16536       1 swipl -l stack.pl -l covering_analysis.pl -l dirac_classification.pl -l maxent_classifier.pl -l context_profile_mining.pl -l context_profile_report.pl -g run_trajectory_report, halt.
1782539947.497693677  389060 1124564  3903 swipl -l stack.pl -l covering_analysis.pl -l dirac_classification.pl -l maxent_classifier.pl -l context_profile_mining.pl -l ../audits/2026-06-25_oq182_trajectory_revive/c_null_harness.pl -g retractall(config:param(corpus_path,_)), asserta(config:param(corpus_path,'archives/datasets/kernel_v1')), c_null_run, halt. -t halt(1)
1782539947.497693677  394991 16536       1 swipl -l stack.pl -l covering_analysis.pl -l dirac_classification.pl -l maxent_classifier.pl -l context_profile_mining.pl -l context_profile_report.pl -g run_trajectory_report, halt.
1782539947.608418029  389060 1124256  3903 swipl -l stack.pl -l covering_analysis.pl -l dirac_classification.pl -l maxent_classifier.pl -l context_profile_mining.pl -l ../audits/2026-06-25_oq182_trajectory_revive/c_null_harness.pl -g retractall(config:param(corpus_path,_)), asserta(config:param(corpus_path,'archives/datasets/kernel_v1')), c_null_run, halt. -t halt(1)
1782539947.608418029  394991 16672       1 swipl -l stack.pl -l covering_analysis.pl -l dirac_classification.pl -l maxent_classifier.pl -l context_profile_mining.pl -l context_profile_report.pl -g run_trajectory_report, halt.
1782539947.716195148  389060 1124804  3903 swipl -l stack.pl -l covering_analysis.pl -l dirac_classification.pl -l maxent_classifier.pl -l context_profile_mining.pl -l ../audits/2026-06-25_oq182_trajectory_revive/c_null_harness.pl -g retractall(config:param(corpus_path,_)), asserta(config:param(corpus_path,'archives/datasets/kernel_v1')), c_null_run, halt. -t halt(1)
1782539947.716195148  394991 16832       1 swipl -l stack.pl -l covering_analysis.pl -l dirac_classification.pl -l maxent_classifier.pl -l context_profile_mining.pl -l context_profile_report.pl -g run_trajectory_report, halt.
1782539947.822536250  389060 1124316  3903 swipl -l stack.pl -l covering_analysis.pl -l dirac_classification.pl -l maxent_classifier.pl -l context_profile_mining.pl -l ../audits/2026-06-25_oq182_trajectory_revive/c_null_harness.pl -g retractall(config:param(corpus_path,_)), asserta(config:param(corpus_path,'archives/datasets/kernel_v1')), c_null_run, halt. -t halt(1)
1782539947.822536250  394991 16976       1 swipl -l stack.pl -l covering_analysis.pl -l dirac_classification.pl -l maxent_classifier.pl -l context_profile_mining.pl -l context_profile_report.pl -g run_trajectory_report, halt.
1782539947.929547961  389060 1124256  3903 swipl -l stack.pl -l covering_analysis.pl -l dirac_classification.pl -l maxent_classifier.pl -l context_profile_mining.pl -l ../audits/2026-06-25_oq182_trajectory_revive/c_null_harness.pl -g retractall(config:param(corpus_path,_)), asserta(config:param(corpus_path,'archives/datasets/kernel_v1')), c_null_run, halt. -t halt(1)
1782539947.929547961  394991 17532       1 swipl -l stack.pl -l covering_analysis.pl -l dirac_classification.pl -l maxent_classifier.pl -l context_profile_mining.pl -l context_profile_report.pl -g run_trajectory_report, halt.
1782539948.035938664  389060 1124352  3904 swipl -l stack.pl -l covering_analysis.pl -l dirac_classification.pl -l maxent_classifier.pl -l context_profile_mining.pl -l ../audits/2026-06-25_oq182_trajectory_revive/c_null_harness.pl -g retractall(config:param(corpus_path,_)), asserta(config:param(corpus_path,'archives/datasets/kernel_v1')), c_null_run, halt. -t halt(1)
1782539948.035938664  394991 17952       2 swipl -l stack.pl -l covering_analysis.pl -l dirac_classification.pl -l maxent_classifier.pl -l context_profile_mining.pl -l context_profile_report.pl -g run_trajectory_report, halt.
1782539948.142609270  389060 1124256  3904 swipl -l stack.pl -l covering_analysis.pl -l dirac_classification.pl -l maxent_classifier.pl -l context_profile_mining.pl -l ../audits/2026-06-25_oq182_trajectory_revive/c_null_harness.pl -g retractall(config:param(corpus_path,_)), asserta(config:param(corpus_path,'archives/datasets/kernel_v1')), c_null_run, halt. -t halt(1)
1782539948.142609270  394991 18872       2 swipl -l stack.pl -l covering_analysis.pl -l dirac_classification.pl -l maxent_classifier.pl -l context_profile_mining.pl -l context_profile_report.pl -g run_trajectory_report, halt.
1782539948.248825171  389060 1124636  3904 swipl -l stack.pl -l covering_analysis.pl -l dirac_classification.pl -l maxent_classifier.pl -l context_profile_mining.pl -l ../audits/2026-06-25_oq182_trajectory_revive/c_null_harness.pl -g retractall(config:param(corpus_path,_)), asserta(config:param(corpus_path,'archives/datasets/kernel_v1')), c_null_run, halt. -t halt(1)
1782539948.248825171  394991 18996       2 swipl -l stack.pl -l covering_analysis.pl -l dirac_classification.pl -l maxent_classifier.pl -l context_profile_mining.pl -l context_profile_report.pl -g run_trajectory_report, halt.
1782539948.354943571  389060 1124300  3904 swipl -l stack.pl -l covering_analysis.pl -l dirac_classification.pl -l maxent_classifier.pl -l context_profile_mining.pl -l ../audits/2026-06-25_oq182_trajectory_revive/c_null_harness.pl -g retractall(config:param(corpus_path,_)), asserta(config:param(corpus_path,'archives/datasets/kernel_v1')), c_null_run, halt. -t halt(1)
1782539948.354943571  395068  9024       0 swipl -l stack.pl -l covering_analysis.pl -l maxent_classifier.pl -l dirac_classification.pl -l diagnostic_summary.pl -l post_synthesis.pl -l json_report.pl -g run_json_report, halt.
1782539948.461108072  389060 1124256  3904 swipl -l stack.pl -l covering_analysis.pl -l dirac_classification.pl -l maxent_classifier.pl -l context_profile_mining.pl -l ../audits/2026-06-25_oq182_trajectory_revive/c_null_harness.pl -g retractall(config:param(corpus_path,_)), asserta(config:param(corpus_path,'archives/datasets/kernel_v1')), c_null_run, halt. -t halt(1)
1782539948.461108072  395068 11296       0 swipl -l stack.pl -l covering_analysis.pl -l maxent_classifier.pl -l dirac_classification.pl -l diagnostic_summary.pl -l post_synthesis.pl -l json_report.pl -g run_json_report, halt.
1782539948.573260540  389060 1124680  3904 swipl -l stack.pl -l covering_analysis.pl -l dirac_classification.pl -l maxent_classifier.pl -l context_profile_mining.pl -l ../audits/2026-06-25_oq182_trajectory_revive/c_null_harness.pl -g retractall(config:param(corpus_path,_)), asserta(config:param(corpus_path,'archives/datasets/kernel_v1')), c_null_run, halt. -t halt(1)
1782539948.573260540  395068 12436       0 swipl -l stack.pl -l covering_analysis.pl -l maxent_classifier.pl -l dirac_classification.pl -l diagnostic_summary.pl -l post_synthesis.pl -l json_report.pl -g run_json_report, halt.
1782539948.679635143  389060 1124552  3904 swipl -l stack.pl -l covering_analysis.pl -l dirac_classification.pl -l maxent_classifier.pl -l context_profile_mining.pl -l ../audits/2026-06-25_oq182_trajectory_revive/c_null_harness.pl -g retractall(config:param(corpus_path,_)), asserta(config:param(corpus_path,'archives/datasets/kernel_v1')), c_null_run, halt. -t halt(1)
1782539948.679635143  395068 14524       0 swipl -l stack.pl -l covering_analysis.pl -l maxent_classifier.pl -l dirac_classification.pl -l diagnostic_summary.pl -l post_synthesis.pl -l json_report.pl -g run_json_report, halt.
1782539948.796985870  389060 1124324  3904 swipl -l stack.pl -l covering_analysis.pl -l dirac_classification.pl -l maxent_classifier.pl -l context_profile_mining.pl -l ../audits/2026-06-25_oq182_trajectory_revive/c_null_harness.pl -g retractall(config:param(corpus_path,_)), asserta(config:param(corpus_path,'archives/datasets/kernel_v1')), c_null_run, halt. -t halt(1)
1782539948.796985870  395068 15984       0 swipl -l stack.pl -l covering_analysis.pl -l maxent_classifier.pl -l dirac_classification.pl -l diagnostic_summary.pl -l post_synthesis.pl -l json_report.pl -g run_json_report, halt.
1782539948.903342473  389060 1124256  3904 swipl -l stack.pl -l covering_analysis.pl -l dirac_classification.pl -l maxent_classifier.pl -l context_profile_mining.pl -l ../audits/2026-06-25_oq182_trajectory_revive/c_null_harness.pl -g retractall(config:param(corpus_path,_)), asserta(config:param(corpus_path,'archives/datasets/kernel_v1')), c_null_run, halt. -t halt(1)
1782539948.903342473  395068 17084       0 swipl -l stack.pl -l covering_analysis.pl -l maxent_classifier.pl -l dirac_classification.pl -l diagnostic_summary.pl -l post_synthesis.pl -l json_report.pl -g run_json_report, halt.
1782539949.009549274  389060 1124256  3905 swipl -l stack.pl -l covering_analysis.pl -l dirac_classification.pl -l maxent_classifier.pl -l context_profile_mining.pl -l ../audits/2026-06-25_oq182_trajectory_revive/c_null_harness.pl -g retractall(config:param(corpus_path,_)), asserta(config:param(corpus_path,'archives/datasets/kernel_v1')), c_null_run, halt. -t halt(1)
1782539949.009549274  395068 17300       1 swipl -l stack.pl -l covering_analysis.pl -l maxent_classifier.pl -l dirac_classification.pl -l diagnostic_summary.pl -l post_synthesis.pl -l json_report.pl -g run_json_report, halt.
1782539949.115762675  389060 1124660  3905 swipl -l stack.pl -l covering_analysis.pl -l dirac_classification.pl -l maxent_classifier.pl -l context_profile_mining.pl -l ../audits/2026-06-25_oq182_trajectory_revive/c_null_harness.pl -g retractall(config:param(corpus_path,_)), asserta(config:param(corpus_path,'archives/datasets/kernel_v1')), c_null_run, halt. -t halt(1)
1782539949.115762675  395068 17300       1 swipl -l stack.pl -l covering_analysis.pl -l maxent_classifier.pl -l dirac_classification.pl -l diagnostic_summary.pl -l post_synthesis.pl -l json_report.pl -g run_json_report, halt.
1782539949.221994076  389060 1124260  3905 swipl -l stack.pl -l covering_analysis.pl -l dirac_classification.pl -l maxent_classifier.pl -l context_profile_mining.pl -l ../audits/2026-06-25_oq182_trajectory_revive/c_null_harness.pl -g retractall(config:param(corpus_path,_)), asserta(config:param(corpus_path,'archives/datasets/kernel_v1')), c_null_run, halt. -t halt(1)
1782539949.221994076  395068 17444       1 swipl -l stack.pl -l covering_analysis.pl -l maxent_classifier.pl -l dirac_classification.pl -l diagnostic_summary.pl -l post_synthesis.pl -l json_report.pl -g run_json_report, halt.
1782539949.328222877  389060 1124256  3905 swipl -l stack.pl -l covering_analysis.pl -l dirac_classification.pl -l maxent_classifier.pl -l context_profile_mining.pl -l ../audits/2026-06-25_oq182_trajectory_revive/c_null_harness.pl -g retractall(config:param(corpus_path,_)), asserta(config:param(corpus_path,'archives/datasets/kernel_v1')), c_null_run, halt. -t halt(1)
1782539949.328222877  395068 17604       1 swipl -l stack.pl -l covering_analysis.pl -l maxent_classifier.pl -l dirac_classification.pl -l diagnostic_summary.pl -l post_synthesis.pl -l json_report.pl -g run_json_report, halt.
1782539949.434685381  389060 1124716  3905 swipl -l stack.pl -l covering_analysis.pl -l dirac_classification.pl -l maxent_classifier.pl -l context_profile_mining.pl -l ../audits/2026-06-25_oq182_trajectory_revive/c_null_harness.pl -g retractall(config:param(corpus_path,_)), asserta(config:param(corpus_path,'archives/datasets/kernel_v1')), c_null_run, halt. -t halt(1)
1782539949.434685381  395068 17608       1 swipl -l stack.pl -l covering_analysis.pl -l maxent_classifier.pl -l dirac_classification.pl -l diagnostic_summary.pl -l post_synthesis.pl -l json_report.pl -g run_json_report, halt.
1782539949.540969883  389060 1124516  3905 swipl -l stack.pl -l covering_analysis.pl -l dirac_classification.pl -l maxent_classifier.pl -l context_profile_mining.pl -l ../audits/2026-06-25_oq182_trajectory_revive/c_null_harness.pl -g retractall(config:param(corpus_path,_)), asserta(config:param(corpus_path,'archives/datasets/kernel_v1')), c_null_run, halt. -t halt(1)
1782539949.540969883  395068 17756       1 swipl -l stack.pl -l covering_analysis.pl -l maxent_classifier.pl -l dirac_classification.pl -l diagnostic_summary.pl -l post_synthesis.pl -l json_report.pl -g run_json_report, halt.
1782539949.656331688  389060 1124320  3905 swipl -l stack.pl -l covering_analysis.pl -l dirac_classification.pl -l maxent_classifier.pl -l context_profile_mining.pl -l ../audits/2026-06-25_oq182_trajectory_revive/c_null_harness.pl -g retractall(config:param(corpus_path,_)), asserta(config:param(corpus_path,'archives/datasets/kernel_v1')), c_null_run, halt. -t halt(1)
1782539949.656331688  395068 18160       1 swipl -l stack.pl -l covering_analysis.pl -l maxent_classifier.pl -l dirac_classification.pl -l diagnostic_summary.pl -l post_synthesis.pl -l json_report.pl -g run_json_report, halt.
1782539949.763781103  389060 1124256  3905 swipl -l stack.pl -l covering_analysis.pl -l dirac_classification.pl -l maxent_classifier.pl -l context_profile_mining.pl -l ../audits/2026-06-25_oq182_trajectory_revive/c_null_harness.pl -g retractall(config:param(corpus_path,_)), asserta(config:param(corpus_path,'archives/datasets/kernel_v1')), c_null_run, halt. -t halt(1)
1782539949.763781103  395068 18380       1 swipl -l stack.pl -l covering_analysis.pl -l maxent_classifier.pl -l dirac_classification.pl -l diagnostic_summary.pl -l post_synthesis.pl -l json_report.pl -g run_json_report, halt.
1782539949.870262507  389060 1124688  3905 swipl -l stack.pl -l covering_analysis.pl -l dirac_classification.pl -l maxent_classifier.pl -l context_profile_mining.pl -l ../audits/2026-06-25_oq182_trajectory_revive/c_null_harness.pl -g retractall(config:param(corpus_path,_)), asserta(config:param(corpus_path,'archives/datasets/kernel_v1')), c_null_run, halt. -t halt(1)
1782539949.870262507  395068 18412       1 swipl -l stack.pl -l covering_analysis.pl -l maxent_classifier.pl -l dirac_classification.pl -l diagnostic_summary.pl -l post_synthesis.pl -l json_report.pl -g run_json_report, halt.
1782539949.981692167  389060 1124312  3906 swipl -l stack.pl -l covering_analysis.pl -l dirac_classification.pl -l maxent_classifier.pl -l context_profile_mining.pl -l ../audits/2026-06-25_oq182_trajectory_revive/c_null_harness.pl -g retractall(config:param(corpus_path,_)), asserta(config:param(corpus_path,'archives/datasets/kernel_v1')), c_null_run, halt. -t halt(1)
1782539949.981692167  395068 18508       2 swipl -l stack.pl -l covering_analysis.pl -l maxent_classifier.pl -l dirac_classification.pl -l diagnostic_summary.pl -l post_synthesis.pl -l json_report.pl -g run_json_report, halt.
1782539950.088372973  389060 1124652  3906 swipl -l stack.pl -l covering_analysis.pl -l dirac_classification.pl -l maxent_classifier.pl -l context_profile_mining.pl -l ../audits/2026-06-25_oq182_trajectory_revive/c_null_harness.pl -g retractall(config:param(corpus_path,_)), asserta(config:param(corpus_path,'archives/datasets/kernel_v1')), c_null_run, halt. -t halt(1)
1782539950.088372973  395068 18576       2 swipl -l stack.pl -l covering_analysis.pl -l maxent_classifier.pl -l dirac_classification.pl -l diagnostic_summary.pl -l post_synthesis.pl -l json_report.pl -g run_json_report, halt.
1782539950.218653146  389060 1124288  3906 swipl -l stack.pl -l covering_analysis.pl -l dirac_classification.pl -l maxent_classifier.pl -l context_profile_mining.pl -l ../audits/2026-06-25_oq182_trajectory_revive/c_null_harness.pl -g retractall(config:param(corpus_path,_)), asserta(config:param(corpus_path,'archives/datasets/kernel_v1')), c_null_run, halt. -t halt(1)
1782539950.218653146  395068 18692       2 swipl -l stack.pl -l covering_analysis.pl -l maxent_classifier.pl -l dirac_classification.pl -l diagnostic_summary.pl -l post_synthesis.pl -l json_report.pl -g run_json_report, halt.
1782539950.324874848  389060 1124512  3906 swipl -l stack.pl -l covering_analysis.pl -l dirac_classification.pl -l maxent_classifier.pl -l context_profile_mining.pl -l ../audits/2026-06-25_oq182_trajectory_revive/c_null_harness.pl -g retractall(config:param(corpus_path,_)), asserta(config:param(corpus_path,'archives/datasets/kernel_v1')), c_null_run, halt. -t halt(1)
1782539950.324874848  395068 18828       2 swipl -l stack.pl -l covering_analysis.pl -l maxent_classifier.pl -l dirac_classification.pl -l diagnostic_summary.pl -l post_synthesis.pl -l json_report.pl -g run_json_report, halt.
1782539950.435313697  389060 1124380  3906 swipl -l stack.pl -l covering_analysis.pl -l dirac_classification.pl -l maxent_classifier.pl -l context_profile_mining.pl -l ../audits/2026-06-25_oq182_trajectory_revive/c_null_harness.pl -g retractall(config:param(corpus_path,_)), asserta(config:param(corpus_path,'archives/datasets/kernel_v1')), c_null_run, halt. -t halt(1)
1782539950.435313697  395068 18856       2 swipl -l stack.pl -l covering_analysis.pl -l maxent_classifier.pl -l dirac_classification.pl -l diagnostic_summary.pl -l post_synthesis.pl -l json_report.pl -g run_json_report, halt.
1782539950.541680999  389060 1124332  3906 swipl -l stack.pl -l covering_analysis.pl -l dirac_classification.pl -l maxent_classifier.pl -l context_profile_mining.pl -l ../audits/2026-06-25_oq182_trajectory_revive/c_null_harness.pl -g retractall(config:param(corpus_path,_)), asserta(config:param(corpus_path,'archives/datasets/kernel_v1')), c_null_run, halt. -t halt(1)
1782539950.541680999  395068 20384       2 swipl -l stack.pl -l covering_analysis.pl -l maxent_classifier.pl -l dirac_classification.pl -l diagnostic_summary.pl -l post_synthesis.pl -l json_report.pl -g run_json_report, halt.
1782539950.647934001  389060 1124384  3906 swipl -l stack.pl -l covering_analysis.pl -l dirac_classification.pl -l maxent_classifier.pl -l context_profile_mining.pl -l ../audits/2026-06-25_oq182_trajectory_revive/c_null_harness.pl -g retractall(config:param(corpus_path,_)), asserta(config:param(corpus_path,'archives/datasets/kernel_v1')), c_null_run, halt. -t halt(1)
1782539950.647934001  395068 20408       2 swipl -l stack.pl -l covering_analysis.pl -l maxent_classifier.pl -l dirac_classification.pl -l diagnostic_summary.pl -l post_synthesis.pl -l json_report.pl -g run_json_report, halt.
1782539950.754550807  389060 1124492  3906 swipl -l stack.pl -l covering_analysis.pl -l dirac_classification.pl -l maxent_classifier.pl -l context_profile_mining.pl -l ../audits/2026-06-25_oq182_trajectory_revive/c_null_harness.pl -g retractall(config:param(corpus_path,_)), asserta(config:param(corpus_path,'archives/datasets/kernel_v1')), c_null_run, halt. -t halt(1)
1782539950.754550807  395068 20420       2 swipl -l stack.pl -l covering_analysis.pl -l maxent_classifier.pl -l dirac_classification.pl -l diagnostic_summary.pl -l post_synthesis.pl -l json_report.pl -g run_json_report, halt.
1782539950.860852709  389060 1124256  3906 swipl -l stack.pl -l covering_analysis.pl -l dirac_classification.pl -l maxent_classifier.pl -l context_profile_mining.pl -l ../audits/2026-06-25_oq182_trajectory_revive/c_null_harness.pl -g retractall(config:param(corpus_path,_)), asserta(config:param(corpus_path,'archives/datasets/kernel_v1')), c_null_run, halt. -t halt(1)
1782539950.860852709  395068 20432       2 swipl -l stack.pl -l covering_analysis.pl -l maxent_classifier.pl -l dirac_classification.pl -l diagnostic_summary.pl -l post_synthesis.pl -l json_report.pl -g run_json_report, halt.
1782539950.967136711  389060 1124256  3907 swipl -l stack.pl -l covering_analysis.pl -l dirac_classification.pl -l maxent_classifier.pl -l context_profile_mining.pl -l ../audits/2026-06-25_oq182_trajectory_revive/c_null_harness.pl -g retractall(config:param(corpus_path,_)), asserta(config:param(corpus_path,'archives/datasets/kernel_v1')), c_null_run, halt. -t halt(1)
1782539950.967136711  395068 20432       3 swipl -l stack.pl -l covering_analysis.pl -l maxent_classifier.pl -l dirac_classification.pl -l diagnostic_summary.pl -l post_synthesis.pl -l json_report.pl -g run_json_report, halt.
1782539951.073694916  389060 1124544  3907 swipl -l stack.pl -l covering_analysis.pl -l dirac_classification.pl -l maxent_classifier.pl -l context_profile_mining.pl -l ../audits/2026-06-25_oq182_trajectory_revive/c_null_harness.pl -g retractall(config:param(corpus_path,_)), asserta(config:param(corpus_path,'archives/datasets/kernel_v1')), c_null_run, halt. -t halt(1)
1782539951.073694916  395068 20452       3 swipl -l stack.pl -l covering_analysis.pl -l maxent_classifier.pl -l dirac_classification.pl -l diagnostic_summary.pl -l post_synthesis.pl -l json_report.pl -g run_json_report, halt.
1782539951.196685306  389060 1124256  3907 swipl -l stack.pl -l covering_analysis.pl -l dirac_classification.pl -l maxent_classifier.pl -l context_profile_mining.pl -l ../audits/2026-06-25_oq182_trajectory_revive/c_null_harness.pl -g retractall(config:param(corpus_path,_)), asserta(config:param(corpus_path,'archives/datasets/kernel_v1')), c_null_run, halt. -t halt(1)
1782539951.196685306  395068 20500       3 swipl -l stack.pl -l covering_analysis.pl -l maxent_classifier.pl -l dirac_classification.pl -l diagnostic_summary.pl -l post_synthesis.pl -l json_report.pl -g run_json_report, halt.
1782539951.315721752  389060 1124520  3907 swipl -l stack.pl -l covering_analysis.pl -l dirac_classification.pl -l maxent_classifier.pl -l context_profile_mining.pl -l ../audits/2026-06-25_oq182_trajectory_revive/c_null_harness.pl -g retractall(config:param(corpus_path,_)), asserta(config:param(corpus_path,'archives/datasets/kernel_v1')), c_null_run, halt. -t halt(1)
1782539951.315721752  395068 20512       3 swipl -l stack.pl -l covering_analysis.pl -l maxent_classifier.pl -l dirac_classification.pl -l diagnostic_summary.pl -l post_synthesis.pl -l json_report.pl -g run_json_report, halt.
1782539951.422031254  389060 1124256  3907 swipl -l stack.pl -l covering_analysis.pl -l dirac_classification.pl -l maxent_classifier.pl -l context_profile_mining.pl -l ../audits/2026-06-25_oq182_trajectory_revive/c_null_harness.pl -g retractall(config:param(corpus_path,_)), asserta(config:param(corpus_path,'archives/datasets/kernel_v1')), c_null_run, halt. -t halt(1)
1782539951.422031254  395068 20552       3 swipl -l stack.pl -l covering_analysis.pl -l maxent_classifier.pl -l dirac_classification.pl -l diagnostic_summary.pl -l post_synthesis.pl -l json_report.pl -g run_json_report, halt.
1782539951.528225555  389060 1124428  3907 swipl -l stack.pl -l covering_analysis.pl -l dirac_classification.pl -l maxent_classifier.pl -l context_profile_mining.pl -l ../audits/2026-06-25_oq182_trajectory_revive/c_null_harness.pl -g retractall(config:param(corpus_path,_)), asserta(config:param(corpus_path,'archives/datasets/kernel_v1')), c_null_run, halt. -t halt(1)
1782539951.528225555  395068 20580       3 swipl -l stack.pl -l covering_analysis.pl -l maxent_classifier.pl -l dirac_classification.pl -l diagnostic_summary.pl -l post_synthesis.pl -l json_report.pl -g run_json_report, halt.
1782539951.634641758  389060 1124256  3907 swipl -l stack.pl -l covering_analysis.pl -l dirac_classification.pl -l maxent_classifier.pl -l context_profile_mining.pl -l ../audits/2026-06-25_oq182_trajectory_revive/c_null_harness.pl -g retractall(config:param(corpus_path,_)), asserta(config:param(corpus_path,'archives/datasets/kernel_v1')), c_null_run, halt. -t halt(1)
1782539951.634641758  395068 20512       3 swipl -l stack.pl -l covering_analysis.pl -l maxent_classifier.pl -l dirac_classification.pl -l diagnostic_summary.pl -l post_synthesis.pl -l json_report.pl -g run_json_report, halt.
1782539951.740816459  389060 1124404  3907 swipl -l stack.pl -l covering_analysis.pl -l dirac_classification.pl -l maxent_classifier.pl -l context_profile_mining.pl -l ../audits/2026-06-25_oq182_trajectory_revive/c_null_harness.pl -g retractall(config:param(corpus_path,_)), asserta(config:param(corpus_path,'archives/datasets/kernel_v1')), c_null_run, halt. -t halt(1)
1782539951.740816459  395068 20512       3 swipl -l stack.pl -l covering_analysis.pl -l maxent_classifier.pl -l dirac_classification.pl -l diagnostic_summary.pl -l post_synthesis.pl -l json_report.pl -g run_json_report, halt.
1782539951.847299363  389060 1124256  3907 swipl -l stack.pl -l covering_analysis.pl -l dirac_classification.pl -l maxent_classifier.pl -l context_profile_mining.pl -l ../audits/2026-06-25_oq182_trajectory_revive/c_null_harness.pl -g retractall(config:param(corpus_path,_)), asserta(config:param(corpus_path,'archives/datasets/kernel_v1')), c_null_run, halt. -t halt(1)
1782539951.847299363  395068 20512       3 swipl -l stack.pl -l covering_analysis.pl -l maxent_classifier.pl -l dirac_classification.pl -l diagnostic_summary.pl -l post_synthesis.pl -l json_report.pl -g run_json_report, halt.
1782539951.953819567  389060 1124256  3908 swipl -l stack.pl -l covering_analysis.pl -l dirac_classification.pl -l maxent_classifier.pl -l context_profile_mining.pl -l ../audits/2026-06-25_oq182_trajectory_revive/c_null_harness.pl -g retractall(config:param(corpus_path,_)), asserta(config:param(corpus_path,'archives/datasets/kernel_v1')), c_null_run, halt. -t halt(1)
1782539951.953819567  395068 20512       4 swipl -l stack.pl -l covering_analysis.pl -l maxent_classifier.pl -l dirac_classification.pl -l diagnostic_summary.pl -l post_synthesis.pl -l json_report.pl -g run_json_report, halt.
1782539952.067574753  389060 1124352  3908 swipl -l stack.pl -l covering_analysis.pl -l dirac_classification.pl -l maxent_classifier.pl -l context_profile_mining.pl -l ../audits/2026-06-25_oq182_trajectory_revive/c_null_harness.pl -g retractall(config:param(corpus_path,_)), asserta(config:param(corpus_path,'archives/datasets/kernel_v1')), c_null_run, halt. -t halt(1)
1782539952.067574753  395068 20512       4 swipl -l stack.pl -l covering_analysis.pl -l maxent_classifier.pl -l dirac_classification.pl -l diagnostic_summary.pl -l post_synthesis.pl -l json_report.pl -g run_json_report, halt.
1782539952.174073358  389060 1124256  3908 swipl -l stack.pl -l covering_analysis.pl -l dirac_classification.pl -l maxent_classifier.pl -l context_profile_mining.pl -l ../audits/2026-06-25_oq182_trajectory_revive/c_null_harness.pl -g retractall(config:param(corpus_path,_)), asserta(config:param(corpus_path,'archives/datasets/kernel_v1')), c_null_run, halt. -t halt(1)
1782539952.174073358  395068 20524       4 swipl -l stack.pl -l covering_analysis.pl -l maxent_classifier.pl -l dirac_classification.pl -l diagnostic_summary.pl -l post_synthesis.pl -l json_report.pl -g run_json_report, halt.
1782539952.280269458  389060 1124256  3908 swipl -l stack.pl -l covering_analysis.pl -l dirac_classification.pl -l maxent_classifier.pl -l context_profile_mining.pl -l ../audits/2026-06-25_oq182_trajectory_revive/c_null_harness.pl -g retractall(config:param(corpus_path,_)), asserta(config:param(corpus_path,'archives/datasets/kernel_v1')), c_null_run, halt. -t halt(1)
1782539952.280269458  395068 20524       4 swipl -l stack.pl -l covering_analysis.pl -l maxent_classifier.pl -l dirac_classification.pl -l diagnostic_summary.pl -l post_synthesis.pl -l json_report.pl -g run_json_report, halt.
1782539952.395845865  389060 1124380  3908 swipl -l stack.pl -l covering_analysis.pl -l dirac_classification.pl -l maxent_classifier.pl -l context_profile_mining.pl -l ../audits/2026-06-25_oq182_trajectory_revive/c_null_harness.pl -g retractall(config:param(corpus_path,_)), asserta(config:param(corpus_path,'archives/datasets/kernel_v1')), c_null_run, halt. -t halt(1)
1782539952.395845865  395068 20524       4 swipl -l stack.pl -l covering_analysis.pl -l maxent_classifier.pl -l dirac_classification.pl -l diagnostic_summary.pl -l post_synthesis.pl -l json_report.pl -g run_json_report, halt.
1782539952.502318369  389060 1124272  3908 swipl -l stack.pl -l covering_analysis.pl -l dirac_classification.pl -l maxent_classifier.pl -l context_profile_mining.pl -l ../audits/2026-06-25_oq182_trajectory_revive/c_null_harness.pl -g retractall(config:param(corpus_path,_)), asserta(config:param(corpus_path,'archives/datasets/kernel_v1')), c_null_run, halt. -t halt(1)
1782539952.502318369  395260  8712       0 swipl -l stack.pl -l routing_sink.pl -g routing_sink:run_routing_sink, halt.
1782539952.608623971  389060 1124256  3908 swipl -l stack.pl -l covering_analysis.pl -l dirac_classification.pl -l maxent_classifier.pl -l context_profile_mining.pl -l ../audits/2026-06-25_oq182_trajectory_revive/c_null_harness.pl -g retractall(config:param(corpus_path,_)), asserta(config:param(corpus_path,'archives/datasets/kernel_v1')), c_null_run, halt. -t halt(1)
1782539952.608623971  395260 10996       0 swipl -l stack.pl -l routing_sink.pl -g routing_sink:run_routing_sink, halt.
1782539952.736581318  389060 1124336  3908 swipl -l stack.pl -l covering_analysis.pl -l dirac_classification.pl -l maxent_classifier.pl -l context_profile_mining.pl -l ../audits/2026-06-25_oq182_trajectory_revive/c_null_harness.pl -g retractall(config:param(corpus_path,_)), asserta(config:param(corpus_path,'archives/datasets/kernel_v1')), c_null_run, halt. -t halt(1)
1782539952.736581318  395260 12408       0 swipl -l stack.pl -l routing_sink.pl -g routing_sink:run_routing_sink, halt.
1782539952.842698718  389060 1124332  3908 swipl -l stack.pl -l covering_analysis.pl -l dirac_classification.pl -l maxent_classifier.pl -l context_profile_mining.pl -l ../audits/2026-06-25_oq182_trajectory_revive/c_null_harness.pl -g retractall(config:param(corpus_path,_)), asserta(config:param(corpus_path,'archives/datasets/kernel_v1')), c_null_run, halt. -t halt(1)
1782539952.842698718  395260 13764       0 swipl -l stack.pl -l routing_sink.pl -g routing_sink:run_routing_sink, halt.
1782539952.948643816  389060 1124292  3909 swipl -l stack.pl -l covering_analysis.pl -l dirac_classification.pl -l maxent_classifier.pl -l context_profile_mining.pl -l ../audits/2026-06-25_oq182_trajectory_revive/c_null_harness.pl -g retractall(config:param(corpus_path,_)), asserta(config:param(corpus_path,'archives/datasets/kernel_v1')), c_null_run, halt. -t halt(1)
1782539952.948643816  395260 15568       1 swipl -l stack.pl -l routing_sink.pl -g routing_sink:run_routing_sink, halt.
1782539953.054769815  389060 1124256  3909 swipl -l stack.pl -l covering_analysis.pl -l dirac_classification.pl -l maxent_classifier.pl -l context_profile_mining.pl -l ../audits/2026-06-25_oq182_trajectory_revive/c_null_harness.pl -g retractall(config:param(corpus_path,_)), asserta(config:param(corpus_path,'archives/datasets/kernel_v1')), c_null_run, halt. -t halt(1)
1782539953.054769815  395287  7668       0 swipl -l stack.pl -l kernel_orbit_export.pl -g kernel_orbit_export:run_kernel_orbit_export, halt.
1782539953.161199719  389060 1124256  3909 swipl -l stack.pl -l covering_analysis.pl -l dirac_classification.pl -l maxent_classifier.pl -l context_profile_mining.pl -l ../audits/2026-06-25_oq182_trajectory_revive/c_null_harness.pl -g retractall(config:param(corpus_path,_)), asserta(config:param(corpus_path,'archives/datasets/kernel_v1')), c_null_run, halt. -t halt(1)
1782539953.161199719  395287 10416       0 swipl -l stack.pl -l kernel_orbit_export.pl -g kernel_orbit_export:run_kernel_orbit_export, halt.
1782539953.278397944  389060 1124256  3909 swipl -l stack.pl -l covering_analysis.pl -l dirac_classification.pl -l maxent_classifier.pl -l context_profile_mining.pl -l ../audits/2026-06-25_oq182_trajectory_revive/c_null_harness.pl -g retractall(config:param(corpus_path,_)), asserta(config:param(corpus_path,'archives/datasets/kernel_v1')), c_null_run, halt. -t halt(1)
1782539953.278397944  395287 11844       0 swipl -l stack.pl -l kernel_orbit_export.pl -g kernel_orbit_export:run_kernel_orbit_export, halt.
1782539953.384577745  389060 1124256  3909 swipl -l stack.pl -l covering_analysis.pl -l dirac_classification.pl -l maxent_classifier.pl -l context_profile_mining.pl -l ../audits/2026-06-25_oq182_trajectory_revive/c_null_harness.pl -g retractall(config:param(corpus_path,_)), asserta(config:param(corpus_path,'archives/datasets/kernel_v1')), c_null_run, halt. -t halt(1)
1782539953.384577745  395287 13216       0 swipl -l stack.pl -l kernel_orbit_export.pl -g kernel_orbit_export:run_kernel_orbit_export, halt.
1782539953.490703245  389060 1124256  3909 swipl -l stack.pl -l covering_analysis.pl -l dirac_classification.pl -l maxent_classifier.pl -l context_profile_mining.pl -l ../audits/2026-06-25_oq182_trajectory_revive/c_null_harness.pl -g retractall(config:param(corpus_path,_)), asserta(config:param(corpus_path,'archives/datasets/kernel_v1')), c_null_run, halt. -t halt(1)
1782539953.490703245  395287 14588       0 swipl -l stack.pl -l kernel_orbit_export.pl -g kernel_orbit_export:run_kernel_orbit_export, halt.
1782539953.596883945  389060 1124256  3909 swipl -l stack.pl -l covering_analysis.pl -l dirac_classification.pl -l maxent_classifier.pl -l context_profile_mining.pl -l ../audits/2026-06-25_oq182_trajectory_revive/c_null_harness.pl -g retractall(config:param(corpus_path,_)), asserta(config:param(corpus_path,'archives/datasets/kernel_v1')), c_null_run, halt. -t halt(1)
1782539953.703421950  389060 1124256  3909 swipl -l stack.pl -l covering_analysis.pl -l dirac_classification.pl -l maxent_classifier.pl -l context_profile_mining.pl -l ../audits/2026-06-25_oq182_trajectory_revive/c_null_harness.pl -g retractall(config:param(corpus_path,_)), asserta(config:param(corpus_path,'archives/datasets/kernel_v1')), c_null_run, halt. -t halt(1)
1782539953.809376948  389060 1124256  3909 swipl -l stack.pl -l covering_analysis.pl -l dirac_classification.pl -l maxent_classifier.pl -l context_profile_mining.pl -l ../audits/2026-06-25_oq182_trajectory_revive/c_null_harness.pl -g retractall(config:param(corpus_path,_)), asserta(config:param(corpus_path,'archives/datasets/kernel_v1')), c_null_run, halt. -t halt(1)
1782539953.916276957  389060 1124256  3909 swipl -l stack.pl -l covering_analysis.pl -l dirac_classification.pl -l maxent_classifier.pl -l context_profile_mining.pl -l ../audits/2026-06-25_oq182_trajectory_revive/c_null_harness.pl -g retractall(config:param(corpus_path,_)), asserta(config:param(corpus_path,'archives/datasets/kernel_v1')), c_null_run, halt. -t halt(1)
1782539954.037113823  389060 1124256  3910 swipl -l stack.pl -l covering_analysis.pl -l dirac_classification.pl -l maxent_classifier.pl -l context_profile_mining.pl -l ../audits/2026-06-25_oq182_trajectory_revive/c_null_harness.pl -g retractall(config:param(corpus_path,_)), asserta(config:param(corpus_path,'archives/datasets/kernel_v1')), c_null_run, halt. -t halt(1)
1782539954.150254802  389060 1124256  3910 swipl -l stack.pl -l covering_analysis.pl -l dirac_classification.pl -l maxent_classifier.pl -l context_profile_mining.pl -l ../audits/2026-06-25_oq182_trajectory_revive/c_null_harness.pl -g retractall(config:param(corpus_path,_)), asserta(config:param(corpus_path,'archives/datasets/kernel_v1')), c_null_run, halt. -t halt(1)
1782539954.264726496  389060 1124256  3910 swipl -l stack.pl -l covering_analysis.pl -l dirac_classification.pl -l maxent_classifier.pl -l context_profile_mining.pl -l ../audits/2026-06-25_oq182_trajectory_revive/c_null_harness.pl -g retractall(config:param(corpus_path,_)), asserta(config:param(corpus_path,'archives/datasets/kernel_v1')), c_null_run, halt. -t halt(1)
1782539954.378638384  389060 1124256  3910 swipl -l stack.pl -l covering_analysis.pl -l dirac_classification.pl -l maxent_classifier.pl -l context_profile_mining.pl -l ../audits/2026-06-25_oq182_trajectory_revive/c_null_harness.pl -g retractall(config:param(corpus_path,_)), asserta(config:param(corpus_path,'archives/datasets/kernel_v1')), c_null_run, halt. -t halt(1)
1782539954.491434260  389060 1124256  3910 swipl -l stack.pl -l covering_analysis.pl -l dirac_classification.pl -l maxent_classifier.pl -l context_profile_mining.pl -l ../audits/2026-06-25_oq182_trajectory_revive/c_null_harness.pl -g retractall(config:param(corpus_path,_)), asserta(config:param(corpus_path,'archives/datasets/kernel_v1')), c_null_run, halt. -t halt(1)
1782539954.616156670  389060 1124256  3910 swipl -l stack.pl -l covering_analysis.pl -l dirac_classification.pl -l maxent_classifier.pl -l context_profile_mining.pl -l ../audits/2026-06-25_oq182_trajectory_revive/c_null_harness.pl -g retractall(config:param(corpus_path,_)), asserta(config:param(corpus_path,'archives/datasets/kernel_v1')), c_null_run, halt. -t halt(1)
1782539954.731272172  389060 1124256  3910 swipl -l stack.pl -l covering_analysis.pl -l dirac_classification.pl -l maxent_classifier.pl -l context_profile_mining.pl -l ../audits/2026-06-25_oq182_trajectory_revive/c_null_harness.pl -g retractall(config:param(corpus_path,_)), asserta(config:param(corpus_path,'archives/datasets/kernel_v1')), c_null_run, halt. -t halt(1)
1782539954.837785476  389060 1124256  3910 swipl -l stack.pl -l covering_analysis.pl -l dirac_classification.pl -l maxent_classifier.pl -l context_profile_mining.pl -l ../audits/2026-06-25_oq182_trajectory_revive/c_null_harness.pl -g retractall(config:param(corpus_path,_)), asserta(config:param(corpus_path,'archives/datasets/kernel_v1')), c_null_run, halt. -t halt(1)
1782539954.943777474  389060 1124256  3911 swipl -l stack.pl -l covering_analysis.pl -l dirac_classification.pl -l maxent_classifier.pl -l context_profile_mining.pl -l ../audits/2026-06-25_oq182_trajectory_revive/c_null_harness.pl -g retractall(config:param(corpus_path,_)), asserta(config:param(corpus_path,'archives/datasets/kernel_v1')), c_null_run, halt. -t halt(1)
1782539955.067694276  389060 1124256  3911 swipl -l stack.pl -l covering_analysis.pl -l dirac_classification.pl -l maxent_classifier.pl -l context_profile_mining.pl -l ../audits/2026-06-25_oq182_trajectory_revive/c_null_harness.pl -g retractall(config:param(corpus_path,_)), asserta(config:param(corpus_path,'archives/datasets/kernel_v1')), c_null_run, halt. -t halt(1)
1782539955.173952677  389060 1124256  3911 swipl -l stack.pl -l covering_analysis.pl -l dirac_classification.pl -l maxent_classifier.pl -l context_profile_mining.pl -l ../audits/2026-06-25_oq182_trajectory_revive/c_null_harness.pl -g retractall(config:param(corpus_path,_)), asserta(config:param(corpus_path,'archives/datasets/kernel_v1')), c_null_run, halt. -t halt(1)
1782539955.286575550  389060 1124256  3911 swipl -l stack.pl -l covering_analysis.pl -l dirac_classification.pl -l maxent_classifier.pl -l context_profile_mining.pl -l ../audits/2026-06-25_oq182_trajectory_revive/c_null_harness.pl -g retractall(config:param(corpus_path,_)), asserta(config:param(corpus_path,'archives/datasets/kernel_v1')), c_null_run, halt. -t halt(1)
1782539955.392757951  389060 1124256  3911 swipl -l stack.pl -l covering_analysis.pl -l dirac_classification.pl -l maxent_classifier.pl -l context_profile_mining.pl -l ../audits/2026-06-25_oq182_trajectory_revive/c_null_harness.pl -g retractall(config:param(corpus_path,_)), asserta(config:param(corpus_path,'archives/datasets/kernel_v1')), c_null_run, halt. -t halt(1)
1782539955.499393657  389060 1124256  3911 swipl -l stack.pl -l covering_analysis.pl -l dirac_classification.pl -l maxent_classifier.pl -l context_profile_mining.pl -l ../audits/2026-06-25_oq182_trajectory_revive/c_null_harness.pl -g retractall(config:param(corpus_path,_)), asserta(config:param(corpus_path,'archives/datasets/kernel_v1')), c_null_run, halt. -t halt(1)
