1782539907.007241941  389060 1124580  3863 swipl -l stack.pl -l covering_analysis.pl -l dirac_classification.pl -l maxent_classifier.pl -l context_profile_mining.pl -l ../audits/2026-06-25_oq182_trajectory_revive/c_null_harness.pl -g retractall(config:param(corpus_path,_)), asserta(config:param(corpus_path,'archives/datasets/kernel_v1')), c_null_run, halt. -t halt(1)
1782539907.120018316  389060 1124256  3863 swipl -l stack.pl -l covering_analysis.pl -l dirac_classification.pl -l maxent_classifier.pl -l context_profile_mining.pl -l ../audits/2026-06-25_oq182_trajectory_revive/c_null_harness.pl -g retractall(config:param(corpus_path,_)), asserta(config:param(corpus_path,'archives/datasets/kernel_v1')), c_null_run, halt. -t halt(1)
1782539907.225997515  389060 1124288  3863 swipl -l stack.pl -l covering_analysis.pl -l dirac_classification.pl -l maxent_classifier.pl -l context_profile_mining.pl -l ../audits/2026-06-25_oq182_trajectory_revive/c_null_harness.pl -g retractall(config:param(corpus_path,_)), asserta(config:param(corpus_path,'archives/datasets/kernel_v1')), c_null_run, halt. -t halt(1)
1782539907.339267196  389060 1124280  3863 swipl -l stack.pl -l covering_analysis.pl -l dirac_classification.pl -l maxent_classifier.pl -l context_profile_mining.pl -l ../audits/2026-06-25_oq182_trajectory_revive/c_null_harness.pl -g retractall(config:param(corpus_path,_)), asserta(config:param(corpus_path,'archives/datasets/kernel_v1')), c_null_run, halt. -t halt(1)
1782539907.339267196  393861  9324       0 swipl -g [stack], halt -t halt(1)
1782539907.477735861  389060 1124256  3863 swipl -l stack.pl -l covering_analysis.pl -l dirac_classification.pl -l maxent_classifier.pl -l context_profile_mining.pl -l ../audits/2026-06-25_oq182_trajectory_revive/c_null_harness.pl -g retractall(config:param(corpus_path,_)), asserta(config:param(corpus_path,'archives/datasets/kernel_v1')), c_null_run, halt. -t halt(1)
1782539907.477735861  393870  8352       0 swipl -l check_axis_boundary.pl -g run_axis_boundary, halt -t halt(1)
1782539907.676195906  389060 1124256  3863 swipl -l stack.pl -l covering_analysis.pl -l dirac_classification.pl -l maxent_classifier.pl -l context_profile_mining.pl -l ../audits/2026-06-25_oq182_trajectory_revive/c_null_harness.pl -g retractall(config:param(corpus_path,_)), asserta(config:param(corpus_path,'archives/datasets/kernel_v1')), c_null_run, halt. -t halt(1)
1782539907.676195906  393870 11696       0 swipl -l check_axis_boundary.pl -g run_axis_boundary, halt -t halt(1)
1782539907.922315189  389060 1124256  3864 swipl -l stack.pl -l covering_analysis.pl -l dirac_classification.pl -l maxent_classifier.pl -l context_profile_mining.pl -l ../audits/2026-06-25_oq182_trajectory_revive/c_null_harness.pl -g retractall(config:param(corpus_path,_)), asserta(config:param(corpus_path,'archives/datasets/kernel_v1')), c_null_run, halt. -t halt(1)
1782539907.922315189  393879 11432       1 swipl -l tests/axis_boundary_ctl_run1.pl -g run_axis_boundary, halt -t halt(1)
1782539908.083743014  389060 1124256  3864 swipl -l stack.pl -l covering_analysis.pl -l dirac_classification.pl -l maxent_classifier.pl -l context_profile_mining.pl -l ../audits/2026-06-25_oq182_trajectory_revive/c_null_harness.pl -g retractall(config:param(corpus_path,_)), asserta(config:param(corpus_path,'archives/datasets/kernel_v1')), c_null_run, halt. -t halt(1)
1782539908.083743014  393887  8836       0 swipl -l tests/axis_boundary_ctl_run2.pl -g run_axis_boundary, halt -t halt(1)
1782539908.190132517  389060 1124256  3864 swipl -l stack.pl -l covering_analysis.pl -l dirac_classification.pl -l maxent_classifier.pl -l context_profile_mining.pl -l ../audits/2026-06-25_oq182_trajectory_revive/c_null_harness.pl -g retractall(config:param(corpus_path,_)), asserta(config:param(corpus_path,'archives/datasets/kernel_v1')), c_null_run, halt. -t halt(1)
1782539908.190132517  393887 10836       0 swipl -l tests/axis_boundary_ctl_run2.pl -g run_axis_boundary, halt -t halt(1)
1782539908.296416219  389060 1124256  3864 swipl -l stack.pl -l covering_analysis.pl -l dirac_classification.pl -l maxent_classifier.pl -l context_profile_mining.pl -l ../audits/2026-06-25_oq182_trajectory_revive/c_null_harness.pl -g retractall(config:param(corpus_path,_)), asserta(config:param(corpus_path,'archives/datasets/kernel_v1')), c_null_run, halt. -t halt(1)
1782539908.583485266  389060 1124256  3864 swipl -l stack.pl -l covering_analysis.pl -l dirac_classification.pl -l maxent_classifier.pl -l context_profile_mining.pl -l ../audits/2026-06-25_oq182_trajectory_revive/c_null_harness.pl -g retractall(config:param(corpus_path,_)), asserta(config:param(corpus_path,'archives/datasets/kernel_v1')), c_null_run, halt. -t halt(1)
1782539908.583485266  393902 12652       0 swipl -g [stack],[product_site_export],run_product_export,halt -t halt(1)
1782539908.777762263  389060 1126060  3864 swipl -l stack.pl -l covering_analysis.pl -l dirac_classification.pl -l maxent_classifier.pl -l context_profile_mining.pl -l ../audits/2026-06-25_oq182_trajectory_revive/c_null_harness.pl -g retractall(config:param(corpus_path,_)), asserta(config:param(corpus_path,'archives/datasets/kernel_v1')), c_null_run, halt. -t halt(1)
1782539908.777762263  393902 14524       0 swipl -g [stack],[product_site_export],run_product_export,halt -t halt(1)
1782539908.915536721  389060 1125920  3864 swipl -l stack.pl -l covering_analysis.pl -l dirac_classification.pl -l maxent_classifier.pl -l context_profile_mining.pl -l ../audits/2026-06-25_oq182_trajectory_revive/c_null_harness.pl -g retractall(config:param(corpus_path,_)), asserta(config:param(corpus_path,'archives/datasets/kernel_v1')), c_null_run, halt. -t halt(1)
1782539908.915536721  393902 17156       0 swipl -g [stack],[product_site_export],run_product_export,halt -t halt(1)
1782539909.082303206  389060 1125860  3865 swipl -l stack.pl -l covering_analysis.pl -l dirac_classification.pl -l maxent_classifier.pl -l context_profile_mining.pl -l ../audits/2026-06-25_oq182_trajectory_revive/c_null_harness.pl -g retractall(config:param(corpus_path,_)), asserta(config:param(corpus_path,'archives/datasets/kernel_v1')), c_null_run, halt. -t halt(1)
1782539909.082303206  393902 18432       1 swipl -g [stack],[product_site_export],run_product_export,halt -t halt(1)
1782539909.214310799  389060 1126180  3865 swipl -l stack.pl -l covering_analysis.pl -l dirac_classification.pl -l maxent_classifier.pl -l context_profile_mining.pl -l ../audits/2026-06-25_oq182_trajectory_revive/c_null_harness.pl -g retractall(config:param(corpus_path,_)), asserta(config:param(corpus_path,'archives/datasets/kernel_v1')), c_null_run, halt. -t halt(1)
1782539909.214310799  393902 18504       1 swipl -g [stack],[product_site_export],run_product_export,halt -t halt(1)
1782539909.336378480  389060 1124256  3865 swipl -l stack.pl -l covering_analysis.pl -l dirac_classification.pl -l maxent_classifier.pl -l context_profile_mining.pl -l ../audits/2026-06-25_oq182_trajectory_revive/c_null_harness.pl -g retractall(config:param(corpus_path,_)), asserta(config:param(corpus_path,'archives/datasets/kernel_v1')), c_null_run, halt. -t halt(1)
1782539909.336378480  393902 18568       1 swipl -g [stack],[product_site_export],run_product_export,halt -t halt(1)
1782539909.502150954  389060 1124360  3865 swipl -l stack.pl -l covering_analysis.pl -l dirac_classification.pl -l maxent_classifier.pl -l context_profile_mining.pl -l ../audits/2026-06-25_oq182_trajectory_revive/c_null_harness.pl -g retractall(config:param(corpus_path,_)), asserta(config:param(corpus_path,'archives/datasets/kernel_v1')), c_null_run, halt. -t halt(1)
1782539909.502150954  393902 18648       1 swipl -g [stack],[product_site_export],run_product_export,halt -t halt(1)
1782539909.626881165  389060 1124256  3865 swipl -l stack.pl -l covering_analysis.pl -l dirac_classification.pl -l maxent_classifier.pl -l context_profile_mining.pl -l ../audits/2026-06-25_oq182_trajectory_revive/c_null_harness.pl -g retractall(config:param(corpus_path,_)), asserta(config:param(corpus_path,'archives/datasets/kernel_v1')), c_null_run, halt. -t halt(1)
1782539909.626881165  393902 18784       1 swipl -g [stack],[product_site_export],run_product_export,halt -t halt(1)
1782539909.791524927  389060 1124908  3865 swipl -l stack.pl -l covering_analysis.pl -l dirac_classification.pl -l maxent_classifier.pl -l context_profile_mining.pl -l ../audits/2026-06-25_oq182_trajectory_revive/c_null_harness.pl -g retractall(config:param(corpus_path,_)), asserta(config:param(corpus_path,'archives/datasets/kernel_v1')), c_null_run, halt. -t halt(1)
1782539909.791524927  393902 18848       1 swipl -g [stack],[product_site_export],run_product_export,halt -t halt(1)
1782539909.966410504  389060 1125652  3866 swipl -l stack.pl -l covering_analysis.pl -l dirac_classification.pl -l maxent_classifier.pl -l context_profile_mining.pl -l ../audits/2026-06-25_oq182_trajectory_revive/c_null_harness.pl -g retractall(config:param(corpus_path,_)), asserta(config:param(corpus_path,'archives/datasets/kernel_v1')), c_null_run, halt. -t halt(1)
1782539909.966410504  393957  7192       0 swipl -g [validation_suite], run_dynamic_suite, halt.
1782539909.966410504  393961  7492       0 swipl -g [fingerprint_report], halt.
1782539909.966410504  393962  7392       0 swipl -l stack.pl -l covering_analysis.pl -l dirac_classification.pl -l orbit_report.pl -g run_orbit_report, halt.
1782539909.966410504  393963  7328       0 swipl -l stack.pl -l covering_analysis.pl -l fpn_report.pl -g run_fpn_report, halt.
1782539910.131332469  389060 1126028  3866 swipl -l stack.pl -l covering_analysis.pl -l dirac_classification.pl -l maxent_classifier.pl -l context_profile_mining.pl -l ../audits/2026-06-25_oq182_trajectory_revive/c_null_harness.pl -g retractall(config:param(corpus_path,_)), asserta(config:param(corpus_path,'archives/datasets/kernel_v1')), c_null_run, halt. -t halt(1)
1782539910.131332469  393957 10400       0 swipl -g [validation_suite], run_dynamic_suite, halt.
1782539910.131332469  393961 10552       0 swipl -g [fingerprint_report], halt.
1782539910.131332469  393962 10436       0 swipl -l stack.pl -l covering_analysis.pl -l dirac_classification.pl -l orbit_report.pl -g run_orbit_report, halt.
1782539910.131332469  393963 10680       0 swipl -l stack.pl -l covering_analysis.pl -l fpn_report.pl -g run_fpn_report, halt.
1782539910.252524040  389060 1125748  3866 swipl -l stack.pl -l covering_analysis.pl -l dirac_classification.pl -l maxent_classifier.pl -l context_profile_mining.pl -l ../audits/2026-06-25_oq182_trajectory_revive/c_null_harness.pl -g retractall(config:param(corpus_path,_)), asserta(config:param(corpus_path,'archives/datasets/kernel_v1')), c_null_run, halt. -t halt(1)
1782539910.252524040  393957 11556       0 swipl -g [validation_suite], run_dynamic_suite, halt.
1782539910.252524040  393961 11512       0 swipl -g [fingerprint_report], halt.
1782539910.252524040  393962 11864       0 swipl -l stack.pl -l covering_analysis.pl -l dirac_classification.pl -l orbit_report.pl -g run_orbit_report, halt.
1782539910.252524040  393963 11868       0 swipl -l stack.pl -l covering_analysis.pl -l fpn_report.pl -g run_fpn_report, halt.
1782539910.361132368  389060 1125408  3866 swipl -l stack.pl -l covering_analysis.pl -l dirac_classification.pl -l maxent_classifier.pl -l context_profile_mining.pl -l ../audits/2026-06-25_oq182_trajectory_revive/c_null_harness.pl -g retractall(config:param(corpus_path,_)), asserta(config:param(corpus_path,'archives/datasets/kernel_v1')), c_null_run, halt. -t halt(1)
1782539910.361132368  393957 11860       0 swipl -g [validation_suite], run_dynamic_suite, halt.
1782539910.361132368  393961 12744       0 swipl -g [fingerprint_report], halt.
1782539910.361132368  393962 13340       0 swipl -l stack.pl -l covering_analysis.pl -l dirac_classification.pl -l orbit_report.pl -g run_orbit_report, halt.
1782539910.361132368  393963 12900       0 swipl -l stack.pl -l covering_analysis.pl -l fpn_report.pl -g run_fpn_report, halt.
1782539910.623004329  389060 1125396  3866 swipl -l stack.pl -l covering_analysis.pl -l dirac_classification.pl -l maxent_classifier.pl -l context_profile_mining.pl -l ../audits/2026-06-25_oq182_trajectory_revive/c_null_harness.pl -g retractall(config:param(corpus_path,_)), asserta(config:param(corpus_path,'archives/datasets/kernel_v1')), c_null_run, halt. -t halt(1)
1782539910.623004329  393957 12776       0 swipl -g [validation_suite], run_dynamic_suite, halt.
1782539910.623004329  393961 14084       0 swipl -g [fingerprint_report], halt.
1782539910.623004329  393985  8780       0 swipl -l stack.pl -l covering_analysis.pl -l dirac_classification.pl -l maxent_classifier.pl -l maxent_report.pl -g run_maxent_report, halt.
1782539910.623004329  393987  7444       0 swipl -l stack.pl -l covering_analysis.pl -l dirac_classification.pl -l maxent_classifier.pl -l abductive_engine.pl -l abductive_report.pl -g run_abductive_report, halt.
1782539910.911804695  389060 1125128  3866 swipl -l stack.pl -l covering_analysis.pl -l dirac_classification.pl -l maxent_classifier.pl -l context_profile_mining.pl -l ../audits/2026-06-25_oq182_trajectory_revive/c_null_harness.pl -g retractall(config:param(corpus_path,_)), asserta(config:param(corpus_path,'archives/datasets/kernel_v1')), c_null_run, halt. -t halt(1)
1782539910.911804695  393957 13428       0 swipl -g [validation_suite], run_dynamic_suite, halt.
1782539910.911804695  393985 12436       0 swipl -l stack.pl -l covering_analysis.pl -l dirac_classification.pl -l maxent_classifier.pl -l maxent_report.pl -g run_maxent_report, halt.
1782539910.911804695  393987 11368       0 swipl -l stack.pl -l covering_analysis.pl -l dirac_classification.pl -l maxent_classifier.pl -l abductive_engine.pl -l abductive_report.pl -g run_abductive_report, halt.
1782539910.911804695  393996  8916       0 swipl -l stack.pl -l covering_analysis.pl -l dirac_classification.pl -l maxent_classifier.pl -l context_profile_mining.pl -l context_profile_report.pl -g run_trajectory_report, halt.
1782539911.137231144  389060 1126028  3867 swipl -l stack.pl -l covering_analysis.pl -l dirac_classification.pl -l maxent_classifier.pl -l context_profile_mining.pl -l ../audits/2026-06-25_oq182_trajectory_revive/c_null_harness.pl -g retractall(config:param(corpus_path,_)), asserta(config:param(corpus_path,'archives/datasets/kernel_v1')), c_null_run, halt. -t halt(1)
1782539911.137231144  393957 14104       1 swipl -g [validation_suite], run_dynamic_suite, halt.
1782539911.137231144  393985 14196       1 swipl -l stack.pl -l covering_analysis.pl -l dirac_classification.pl -l maxent_classifier.pl -l maxent_report.pl -g run_maxent_report, halt.
1782539911.137231144  393987 13892       1 swipl -l stack.pl -l covering_analysis.pl -l dirac_classification.pl -l maxent_classifier.pl -l abductive_engine.pl -l abductive_report.pl -g run_abductive_report, halt.
1782539911.137231144  393996 11972       1 swipl -l stack.pl -l covering_analysis.pl -l dirac_classification.pl -l maxent_classifier.pl -l context_profile_mining.pl -l context_profile_report.pl -g run_trajectory_report, halt.
1782539911.291160984  389060 1124256  3867 swipl -l stack.pl -l covering_analysis.pl -l dirac_classification.pl -l maxent_classifier.pl -l context_profile_mining.pl -l ../audits/2026-06-25_oq182_trajectory_revive/c_null_harness.pl -g retractall(config:param(corpus_path,_)), asserta(config:param(corpus_path,'archives/datasets/kernel_v1')), c_null_run, halt. -t halt(1)
1782539911.291160984  393985 16200       1 swipl -l stack.pl -l covering_analysis.pl -l dirac_classification.pl -l maxent_classifier.pl -l maxent_report.pl -g run_maxent_report, halt.
1782539911.291160984  393987 16400       1 swipl -l stack.pl -l covering_analysis.pl -l dirac_classification.pl -l maxent_classifier.pl -l abductive_engine.pl -l abductive_report.pl -g run_abductive_report, halt.
1782539911.291160984  393996 13548       1 swipl -l stack.pl -l covering_analysis.pl -l dirac_classification.pl -l maxent_classifier.pl -l context_profile_mining.pl -l context_profile_report.pl -g run_trajectory_report, halt.
1782539911.291160984  394009  5400       0 swipl -l stack.pl -l covering_analysis.pl -g run_covering_analysis, halt.
1782539911.532195808  389060 1125968  3867 swipl -l stack.pl -l covering_analysis.pl -l dirac_classification.pl -l maxent_classifier.pl -l context_profile_mining.pl -l ../audits/2026-06-25_oq182_trajectory_revive/c_null_harness.pl -g retractall(config:param(corpus_path,_)), asserta(config:param(corpus_path,'archives/datasets/kernel_v1')), c_null_run, halt. -t halt(1)
1782539911.532195808  393987 16616       1 swipl -l stack.pl -l covering_analysis.pl -l dirac_classification.pl -l maxent_classifier.pl -l abductive_engine.pl -l abductive_report.pl -g run_abductive_report, halt.
1782539911.532195808  393996 16320       1 swipl -l stack.pl -l covering_analysis.pl -l dirac_classification.pl -l maxent_classifier.pl -l context_profile_mining.pl -l context_profile_report.pl -g run_trajectory_report, halt.
1782539911.532195808  394009 10752       0 swipl -l stack.pl -l covering_analysis.pl -g run_covering_analysis, halt.
1782539911.532195808  394015  8284       0 swipl -l stack.pl -l giant_component_analysis.pl -g run_giant_component_analysis, halt.
1782539911.728053822  389060 1124440  3867 swipl -l stack.pl -l covering_analysis.pl -l dirac_classification.pl -l maxent_classifier.pl -l context_profile_mining.pl -l ../audits/2026-06-25_oq182_trajectory_revive/c_null_harness.pl -g retractall(config:param(corpus_path,_)), asserta(config:param(corpus_path,'archives/datasets/kernel_v1')), c_null_run, halt. -t halt(1)
1782539911.728053822  393987 17132       1 swipl -l stack.pl -l covering_analysis.pl -l dirac_classification.pl -l maxent_classifier.pl -l abductive_engine.pl -l abductive_report.pl -g run_abductive_report, halt.
1782539911.728053822  393996 16536       1 swipl -l stack.pl -l covering_analysis.pl -l dirac_classification.pl -l maxent_classifier.pl -l context_profile_mining.pl -l context_profile_report.pl -g run_trajectory_report, halt.
1782539911.728053822  394009 12388       0 swipl -l stack.pl -l covering_analysis.pl -g run_covering_analysis, halt.
1782539911.728053822  394015 10612       0 swipl -l stack.pl -l giant_component_analysis.pl -g run_giant_component_analysis, halt.
1782539911.853260037  389060 1124256  3867 swipl -l stack.pl -l covering_analysis.pl -l dirac_classification.pl -l maxent_classifier.pl -l context_profile_mining.pl -l ../audits/2026-06-25_oq182_trajectory_revive/c_null_harness.pl -g retractall(config:param(corpus_path,_)), asserta(config:param(corpus_path,'archives/datasets/kernel_v1')), c_null_run, halt. -t halt(1)
1782539911.853260037  393987 17288       1 swipl -l stack.pl -l covering_analysis.pl -l dirac_classification.pl -l maxent_classifier.pl -l abductive_engine.pl -l abductive_report.pl -g run_abductive_report, halt.
1782539911.853260037  393996 16636       1 swipl -l stack.pl -l covering_analysis.pl -l dirac_classification.pl -l maxent_classifier.pl -l context_profile_mining.pl -l context_profile_report.pl -g run_trajectory_report, halt.
1782539911.853260037  394009 14008       0 swipl -l stack.pl -l covering_analysis.pl -g run_covering_analysis, halt.
1782539911.853260037  394015 11836       0 swipl -l stack.pl -l giant_component_analysis.pl -g run_giant_component_analysis, halt.
1782539911.960515150  389060 1125676  3868 swipl -l stack.pl -l covering_analysis.pl -l dirac_classification.pl -l maxent_classifier.pl -l context_profile_mining.pl -l ../audits/2026-06-25_oq182_trajectory_revive/c_null_harness.pl -g retractall(config:param(corpus_path,_)), asserta(config:param(corpus_path,'archives/datasets/kernel_v1')), c_null_run, halt. -t halt(1)
1782539911.960515150  393996 16672       2 swipl -l stack.pl -l covering_analysis.pl -l dirac_classification.pl -l maxent_classifier.pl -l context_profile_mining.pl -l context_profile_report.pl -g run_trajectory_report, halt.
1782539911.960515150  394009 15908       1 swipl -l stack.pl -l covering_analysis.pl -g run_covering_analysis, halt.
1782539911.960515150  394015 12980       1 swipl -l stack.pl -l giant_component_analysis.pl -g run_giant_component_analysis, halt.
1782539911.960515150  394036  4512       0 swipl -l stack.pl -l covering_analysis.pl -l inferred_coupling_protocol.pl -g run_coupling_protocol, halt.
1782539912.069062877  389060 1125324  3868 swipl -l stack.pl -l covering_analysis.pl -l dirac_classification.pl -l maxent_classifier.pl -l context_profile_mining.pl -l ../audits/2026-06-25_oq182_trajectory_revive/c_null_harness.pl -g retractall(config:param(corpus_path,_)), asserta(config:param(corpus_path,'archives/datasets/kernel_v1')), c_null_run, halt. -t halt(1)
1782539912.069062877  393996 16832       2 swipl -l stack.pl -l covering_analysis.pl -l dirac_classification.pl -l maxent_classifier.pl -l context_profile_mining.pl -l context_profile_report.pl -g run_trajectory_report, halt.
1782539912.069062877  394009 15984       1 swipl -l stack.pl -l covering_analysis.pl -g run_covering_analysis, halt.
1782539912.069062877  394015 14284       1 swipl -l stack.pl -l giant_component_analysis.pl -g run_giant_component_analysis, halt.
1782539912.069062877  394036  9244       0 swipl -l stack.pl -l covering_analysis.pl -l inferred_coupling_protocol.pl -g run_coupling_protocol, halt.
1782539912.175996985  389060 1124600  3868 swipl -l stack.pl -l covering_analysis.pl -l dirac_classification.pl -l maxent_classifier.pl -l context_profile_mining.pl -l ../audits/2026-06-25_oq182_trajectory_revive/c_null_harness.pl -g retractall(config:param(corpus_path,_)), asserta(config:param(corpus_path,'archives/datasets/kernel_v1')), c_null_run, halt. -t halt(1)
1782539912.175996985  393996 16916       2 swipl -l stack.pl -l covering_analysis.pl -l dirac_classification.pl -l maxent_classifier.pl -l context_profile_mining.pl -l context_profile_report.pl -g run_trajectory_report, halt.
1782539912.175996985  394009 16888       1 swipl -l stack.pl -l covering_analysis.pl -g run_covering_analysis, halt.
1782539912.175996985  394015 16228       1 swipl -l stack.pl -l giant_component_analysis.pl -g run_giant_component_analysis, halt.
1782539912.175996985  394036 10884       0 swipl -l stack.pl -l covering_analysis.pl -l inferred_coupling_protocol.pl -g run_coupling_protocol, halt.
1782539912.300527993  389060 1124256  3868 swipl -l stack.pl -l covering_analysis.pl -l dirac_classification.pl -l maxent_classifier.pl -l context_profile_mining.pl -l ../audits/2026-06-25_oq182_trajectory_revive/c_null_harness.pl -g retractall(config:param(corpus_path,_)), asserta(config:param(corpus_path,'archives/datasets/kernel_v1')), c_null_run, halt. -t halt(1)
1782539912.300527993  393996 17428       2 swipl -l stack.pl -l covering_analysis.pl -l dirac_classification.pl -l maxent_classifier.pl -l context_profile_mining.pl -l context_profile_report.pl -g run_trajectory_report, halt.
1782539912.300527993  394036 11872       0 swipl -l stack.pl -l covering_analysis.pl -l inferred_coupling_protocol.pl -g run_coupling_protocol, halt.
1782539912.300527993  394049  8824       0 swipl -l stack.pl -l covering_analysis.pl -l maxent_classifier.pl -l dirac_classification.pl -l maxent_diagnostic.pl -g run_maxent_diagnostic, halt.
1782539912.300527993  394050  8236       0 swipl -l stack.pl -l commentary_census.pl -g run_commentary_census, halt.
1782539912.407510102  389060 1125664  3868 swipl -l stack.pl -l covering_analysis.pl -l dirac_classification.pl -l maxent_classifier.pl -l context_profile_mining.pl -l ../audits/2026-06-25_oq182_trajectory_revive/c_null_harness.pl -g retractall(config:param(corpus_path,_)), asserta(config:param(corpus_path,'archives/datasets/kernel_v1')), c_null_run, halt. -t halt(1)
1782539912.407510102  393996 17736       2 swipl -l stack.pl -l covering_analysis.pl -l dirac_classification.pl -l maxent_classifier.pl -l context_profile_mining.pl -l context_profile_report.pl -g run_trajectory_report, halt.
1782539912.407510102  394036 13248       0 swipl -l stack.pl -l covering_analysis.pl -l inferred_coupling_protocol.pl -g run_coupling_protocol, halt.
1782539912.407510102  394049 10276       0 swipl -l stack.pl -l covering_analysis.pl -l maxent_classifier.pl -l dirac_classification.pl -l maxent_diagnostic.pl -g run_maxent_diagnostic, halt.
1782539912.407510102  394050  9632       0 swipl -l stack.pl -l commentary_census.pl -g run_commentary_census, halt.
1782539912.514443911  389060 1125504  3868 swipl -l stack.pl -l covering_analysis.pl -l dirac_classification.pl -l maxent_classifier.pl -l context_profile_mining.pl -l ../audits/2026-06-25_oq182_trajectory_revive/c_null_harness.pl -g retractall(config:param(corpus_path,_)), asserta(config:param(corpus_path,'archives/datasets/kernel_v1')), c_null_run, halt. -t halt(1)
1782539912.514443911  393996 18348       2 swipl -l stack.pl -l covering_analysis.pl -l dirac_classification.pl -l maxent_classifier.pl -l context_profile_mining.pl -l context_profile_report.pl -g run_trajectory_report, halt.
1782539912.514443911  394036 14296       0 swipl -l stack.pl -l covering_analysis.pl -l inferred_coupling_protocol.pl -g run_coupling_protocol, halt.
1782539912.514443911  394049 11920       0 swipl -l stack.pl -l covering_analysis.pl -l maxent_classifier.pl -l dirac_classification.pl -l maxent_diagnostic.pl -g run_maxent_diagnostic, halt.
1782539912.514443911  394050 11356       0 swipl -l stack.pl -l commentary_census.pl -g run_commentary_census, halt.
1782539912.632040040  389060 1124956  3868 swipl -l stack.pl -l covering_analysis.pl -l dirac_classification.pl -l maxent_classifier.pl -l context_profile_mining.pl -l ../audits/2026-06-25_oq182_trajectory_revive/c_null_harness.pl -g retractall(config:param(corpus_path,_)), asserta(config:param(corpus_path,'archives/datasets/kernel_v1')), c_null_run, halt. -t halt(1)
1782539912.632040040  393996 18988       2 swipl -l stack.pl -l covering_analysis.pl -l dirac_classification.pl -l maxent_classifier.pl -l context_profile_mining.pl -l context_profile_report.pl -g run_trajectory_report, halt.
1782539912.632040040  394049 13084       0 swipl -l stack.pl -l covering_analysis.pl -l maxent_classifier.pl -l dirac_classification.pl -l maxent_diagnostic.pl -g run_maxent_diagnostic, halt.
1782539912.632040040  394050 12356       0 swipl -l stack.pl -l commentary_census.pl -g run_commentary_census, halt.
1782539912.738825747  389060 1124748  3868 swipl -l stack.pl -l covering_analysis.pl -l dirac_classification.pl -l maxent_classifier.pl -l context_profile_mining.pl -l ../audits/2026-06-25_oq182_trajectory_revive/c_null_harness.pl -g retractall(config:param(corpus_path,_)), asserta(config:param(corpus_path,'archives/datasets/kernel_v1')), c_null_run, halt. -t halt(1)
1782539912.738825747  394049 14340       0 swipl -l stack.pl -l covering_analysis.pl -l maxent_classifier.pl -l dirac_classification.pl -l maxent_diagnostic.pl -g run_maxent_diagnostic, halt.
1782539912.738825747  394050 13328       0 swipl -l stack.pl -l commentary_census.pl -g run_commentary_census, halt.
1782539912.845193550  389060 1124824  3868 swipl -l stack.pl -l covering_analysis.pl -l dirac_classification.pl -l maxent_classifier.pl -l context_profile_mining.pl -l ../audits/2026-06-25_oq182_trajectory_revive/c_null_harness.pl -g retractall(config:param(corpus_path,_)), asserta(config:param(corpus_path,'archives/datasets/kernel_v1')), c_null_run, halt. -t halt(1)
1782539912.845193550  394049 15948       0 swipl -l stack.pl -l covering_analysis.pl -l maxent_classifier.pl -l dirac_classification.pl -l maxent_diagnostic.pl -g run_maxent_diagnostic, halt.
1782539912.845193550  394050 14472       0 swipl -l stack.pl -l commentary_census.pl -g run_commentary_census, halt.
1782539912.952064558  389060 1124752  3869 swipl -l stack.pl -l covering_analysis.pl -l dirac_classification.pl -l maxent_classifier.pl -l context_profile_mining.pl -l ../audits/2026-06-25_oq182_trajectory_revive/c_null_harness.pl -g retractall(config:param(corpus_path,_)), asserta(config:param(corpus_path,'archives/datasets/kernel_v1')), c_null_run, halt. -t halt(1)
1782539912.952064558  394049 16424       1 swipl -l stack.pl -l covering_analysis.pl -l maxent_classifier.pl -l dirac_classification.pl -l maxent_diagnostic.pl -g run_maxent_diagnostic, halt.
1782539913.058361659  389060 1124760  3869 swipl -l stack.pl -l covering_analysis.pl -l dirac_classification.pl -l maxent_classifier.pl -l context_profile_mining.pl -l ../audits/2026-06-25_oq182_trajectory_revive/c_null_harness.pl -g retractall(config:param(corpus_path,_)), asserta(config:param(corpus_path,'archives/datasets/kernel_v1')), c_null_run, halt. -t halt(1)
1782539913.058361659  394049 16608       1 swipl -l stack.pl -l covering_analysis.pl -l maxent_classifier.pl -l dirac_classification.pl -l maxent_diagnostic.pl -g run_maxent_diagnostic, halt.
1782539913.164618960  389060 1124584  3869 swipl -l stack.pl -l covering_analysis.pl -l dirac_classification.pl -l maxent_classifier.pl -l context_profile_mining.pl -l ../audits/2026-06-25_oq182_trajectory_revive/c_null_harness.pl -g retractall(config:param(corpus_path,_)), asserta(config:param(corpus_path,'archives/datasets/kernel_v1')), c_null_run, halt. -t halt(1)
1782539913.164618960  394049 16620       1 swipl -l stack.pl -l covering_analysis.pl -l maxent_classifier.pl -l dirac_classification.pl -l maxent_diagnostic.pl -g run_maxent_diagnostic, halt.
1782539913.270693560  389060 1124884  3869 swipl -l stack.pl -l covering_analysis.pl -l dirac_classification.pl -l maxent_classifier.pl -l context_profile_mining.pl -l ../audits/2026-06-25_oq182_trajectory_revive/c_null_harness.pl -g retractall(config:param(corpus_path,_)), asserta(config:param(corpus_path,'archives/datasets/kernel_v1')), c_null_run, halt. -t halt(1)
1782539913.270693560  394120  9272       0 swipl -l stack.pl -l covering_analysis.pl -l maxent_classifier.pl -l dirac_classification.pl -l diagnostic_summary.pl -l post_synthesis.pl -l json_report.pl -g run_json_report, halt.
1782539913.423288584  389060 1125068  3869 swipl -l stack.pl -l covering_analysis.pl -l dirac_classification.pl -l maxent_classifier.pl -l context_profile_mining.pl -l ../audits/2026-06-25_oq182_trajectory_revive/c_null_harness.pl -g retractall(config:param(corpus_path,_)), asserta(config:param(corpus_path,'archives/datasets/kernel_v1')), c_null_run, halt. -t halt(1)
1782539913.423288584  394120 11568       0 swipl -l stack.pl -l covering_analysis.pl -l maxent_classifier.pl -l dirac_classification.pl -l diagnostic_summary.pl -l post_synthesis.pl -l json_report.pl -g run_json_report, halt.
1782539913.542085227  389060 1125640  3869 swipl -l stack.pl -l covering_analysis.pl -l dirac_classification.pl -l maxent_classifier.pl -l context_profile_mining.pl -l ../audits/2026-06-25_oq182_trajectory_revive/c_null_harness.pl -g retractall(config:param(corpus_path,_)), asserta(config:param(corpus_path,'archives/datasets/kernel_v1')), c_null_run, halt. -t halt(1)
1782539913.542085227  394120 13728       0 swipl -l stack.pl -l covering_analysis.pl -l maxent_classifier.pl -l dirac_classification.pl -l diagnostic_summary.pl -l post_synthesis.pl -l json_report.pl -g run_json_report, halt.
1782539913.709833923  389060 1124652  3869 swipl -l stack.pl -l covering_analysis.pl -l dirac_classification.pl -l maxent_classifier.pl -l context_profile_mining.pl -l ../audits/2026-06-25_oq182_trajectory_revive/c_null_harness.pl -g retractall(config:param(corpus_path,_)), asserta(config:param(corpus_path,'archives/datasets/kernel_v1')), c_null_run, halt. -t halt(1)
1782539913.709833923  394120 15704       0 swipl -l stack.pl -l covering_analysis.pl -l maxent_classifier.pl -l dirac_classification.pl -l diagnostic_summary.pl -l post_synthesis.pl -l json_report.pl -g run_json_report, halt.
1782539913.844613747  389060 1125104  3869 swipl -l stack.pl -l covering_analysis.pl -l dirac_classification.pl -l maxent_classifier.pl -l context_profile_mining.pl -l ../audits/2026-06-25_oq182_trajectory_revive/c_null_harness.pl -g retractall(config:param(corpus_path,_)), asserta(config:param(corpus_path,'archives/datasets/kernel_v1')), c_null_run, halt. -t halt(1)
1782539913.844613747  394120 17112       0 swipl -l stack.pl -l covering_analysis.pl -l maxent_classifier.pl -l dirac_classification.pl -l diagnostic_summary.pl -l post_synthesis.pl -l json_report.pl -g run_json_report, halt.
1782539913.951360454  389060 1125244  3870 swipl -l stack.pl -l covering_analysis.pl -l dirac_classification.pl -l maxent_classifier.pl -l context_profile_mining.pl -l ../audits/2026-06-25_oq182_trajectory_revive/c_null_harness.pl -g retractall(config:param(corpus_path,_)), asserta(config:param(corpus_path,'archives/datasets/kernel_v1')), c_null_run, halt. -t halt(1)
1782539913.951360454  394120 17328       1 swipl -l stack.pl -l covering_analysis.pl -l maxent_classifier.pl -l dirac_classification.pl -l diagnostic_summary.pl -l post_synthesis.pl -l json_report.pl -g run_json_report, halt.
1782539914.057924758  389060 1125420  3870 swipl -l stack.pl -l covering_analysis.pl -l dirac_classification.pl -l maxent_classifier.pl -l context_profile_mining.pl -l ../audits/2026-06-25_oq182_trajectory_revive/c_null_harness.pl -g retractall(config:param(corpus_path,_)), asserta(config:param(corpus_path,'archives/datasets/kernel_v1')), c_null_run, halt. -t halt(1)
1782539914.057924758  394120 17336       1 swipl -l stack.pl -l covering_analysis.pl -l maxent_classifier.pl -l dirac_classification.pl -l diagnostic_summary.pl -l post_synthesis.pl -l json_report.pl -g run_json_report, halt.
1782539914.164402962  389060 1124256  3870 swipl -l stack.pl -l covering_analysis.pl -l dirac_classification.pl -l maxent_classifier.pl -l context_profile_mining.pl -l ../audits/2026-06-25_oq182_trajectory_revive/c_null_harness.pl -g retractall(config:param(corpus_path,_)), asserta(config:param(corpus_path,'archives/datasets/kernel_v1')), c_null_run, halt. -t halt(1)
1782539914.164402962  394120 17472       1 swipl -l stack.pl -l covering_analysis.pl -l maxent_classifier.pl -l dirac_classification.pl -l diagnostic_summary.pl -l post_synthesis.pl -l json_report.pl -g run_json_report, halt.
1782539914.292099105  389060 1124296  3870 swipl -l stack.pl -l covering_analysis.pl -l dirac_classification.pl -l maxent_classifier.pl -l context_profile_mining.pl -l ../audits/2026-06-25_oq182_trajectory_revive/c_null_harness.pl -g retractall(config:param(corpus_path,_)), asserta(config:param(corpus_path,'archives/datasets/kernel_v1')), c_null_run, halt. -t halt(1)
1782539914.292099105  394120 17636       1 swipl -l stack.pl -l covering_analysis.pl -l maxent_classifier.pl -l dirac_classification.pl -l diagnostic_summary.pl -l post_synthesis.pl -l json_report.pl -g run_json_report, halt.
1782539914.415781003  389060 1125536  3870 swipl -l stack.pl -l covering_analysis.pl -l dirac_classification.pl -l maxent_classifier.pl -l context_profile_mining.pl -l ../audits/2026-06-25_oq182_trajectory_revive/c_null_harness.pl -g retractall(config:param(corpus_path,_)), asserta(config:param(corpus_path,'archives/datasets/kernel_v1')), c_null_run, halt. -t halt(1)
1782539914.415781003  394120 17664       1 swipl -l stack.pl -l covering_analysis.pl -l maxent_classifier.pl -l dirac_classification.pl -l diagnostic_summary.pl -l post_synthesis.pl -l json_report.pl -g run_json_report, halt.
1782539914.536268865  389060 1124256  3870 swipl -l stack.pl -l covering_analysis.pl -l dirac_classification.pl -l maxent_classifier.pl -l context_profile_mining.pl -l ../audits/2026-06-25_oq182_trajectory_revive/c_null_harness.pl -g retractall(config:param(corpus_path,_)), asserta(config:param(corpus_path,'archives/datasets/kernel_v1')), c_null_run, halt. -t halt(1)
1782539914.536268865  394120 17784       1 swipl -l stack.pl -l covering_analysis.pl -l maxent_classifier.pl -l dirac_classification.pl -l diagnostic_summary.pl -l post_synthesis.pl -l json_report.pl -g run_json_report, halt.
1782539914.642543166  389060 1124304  3870 swipl -l stack.pl -l covering_analysis.pl -l dirac_classification.pl -l maxent_classifier.pl -l context_profile_mining.pl -l ../audits/2026-06-25_oq182_trajectory_revive/c_null_harness.pl -g retractall(config:param(corpus_path,_)), asserta(config:param(corpus_path,'archives/datasets/kernel_v1')), c_null_run, halt. -t halt(1)
1782539914.642543166  394120 18200       1 swipl -l stack.pl -l covering_analysis.pl -l maxent_classifier.pl -l dirac_classification.pl -l diagnostic_summary.pl -l post_synthesis.pl -l json_report.pl -g run_json_report, halt.
1782539914.767268376  389060 1124940  3870 swipl -l stack.pl -l covering_analysis.pl -l dirac_classification.pl -l maxent_classifier.pl -l context_profile_mining.pl -l ../audits/2026-06-25_oq182_trajectory_revive/c_null_harness.pl -g retractall(config:param(corpus_path,_)), asserta(config:param(corpus_path,'archives/datasets/kernel_v1')), c_null_run, halt. -t halt(1)
1782539914.767268376  394120 18440       1 swipl -l stack.pl -l covering_analysis.pl -l maxent_classifier.pl -l dirac_classification.pl -l diagnostic_summary.pl -l post_synthesis.pl -l json_report.pl -g run_json_report, halt.
1782539914.921682122  389060 1124276  3870 swipl -l stack.pl -l covering_analysis.pl -l dirac_classification.pl -l maxent_classifier.pl -l context_profile_mining.pl -l ../audits/2026-06-25_oq182_trajectory_revive/c_null_harness.pl -g retractall(config:param(corpus_path,_)), asserta(config:param(corpus_path,'archives/datasets/kernel_v1')), c_null_run, halt. -t halt(1)
1782539914.921682122  394120 18604       1 swipl -l stack.pl -l covering_analysis.pl -l maxent_classifier.pl -l dirac_classification.pl -l diagnostic_summary.pl -l post_synthesis.pl -l json_report.pl -g run_json_report, halt.
1782539915.034267194  389060 1124256  3871 swipl -l stack.pl -l covering_analysis.pl -l dirac_classification.pl -l maxent_classifier.pl -l context_profile_mining.pl -l ../audits/2026-06-25_oq182_trajectory_revive/c_null_harness.pl -g retractall(config:param(corpus_path,_)), asserta(config:param(corpus_path,'archives/datasets/kernel_v1')), c_null_run, halt. -t halt(1)
1782539915.034267194  394120 18688       2 swipl -l stack.pl -l covering_analysis.pl -l maxent_classifier.pl -l dirac_classification.pl -l diagnostic_summary.pl -l post_synthesis.pl -l json_report.pl -g run_json_report, halt.
1782539915.140517795  389060 1124452  3871 swipl -l stack.pl -l covering_analysis.pl -l dirac_classification.pl -l maxent_classifier.pl -l context_profile_mining.pl -l ../audits/2026-06-25_oq182_trajectory_revive/c_null_harness.pl -g retractall(config:param(corpus_path,_)), asserta(config:param(corpus_path,'archives/datasets/kernel_v1')), c_null_run, halt. -t halt(1)
1782539915.140517795  394120 18920       2 swipl -l stack.pl -l covering_analysis.pl -l maxent_classifier.pl -l dirac_classification.pl -l diagnostic_summary.pl -l post_synthesis.pl -l json_report.pl -g run_json_report, halt.
1782539915.246878498  389060 1125224  3871 swipl -l stack.pl -l covering_analysis.pl -l dirac_classification.pl -l maxent_classifier.pl -l context_profile_mining.pl -l ../audits/2026-06-25_oq182_trajectory_revive/c_null_harness.pl -g retractall(config:param(corpus_path,_)), asserta(config:param(corpus_path,'archives/datasets/kernel_v1')), c_null_run, halt. -t halt(1)
1782539915.246878498  394120 20096       2 swipl -l stack.pl -l covering_analysis.pl -l maxent_classifier.pl -l dirac_classification.pl -l diagnostic_summary.pl -l post_synthesis.pl -l json_report.pl -g run_json_report, halt.
1782539915.408253922  389060 1125392  3871 swipl -l stack.pl -l covering_analysis.pl -l dirac_classification.pl -l maxent_classifier.pl -l context_profile_mining.pl -l ../audits/2026-06-25_oq182_trajectory_revive/c_null_harness.pl -g retractall(config:param(corpus_path,_)), asserta(config:param(corpus_path,'archives/datasets/kernel_v1')), c_null_run, halt. -t halt(1)
1782539915.408253922  394120 20476       2 swipl -l stack.pl -l covering_analysis.pl -l maxent_classifier.pl -l dirac_classification.pl -l diagnostic_summary.pl -l post_synthesis.pl -l json_report.pl -g run_json_report, halt.
1782539915.523796528  389060 1125504  3871 swipl -l stack.pl -l covering_analysis.pl -l dirac_classification.pl -l maxent_classifier.pl -l context_profile_mining.pl -l ../audits/2026-06-25_oq182_trajectory_revive/c_null_harness.pl -g retractall(config:param(corpus_path,_)), asserta(config:param(corpus_path,'archives/datasets/kernel_v1')), c_null_run, halt. -t halt(1)
1782539915.523796528  394120 20504       2 swipl -l stack.pl -l covering_analysis.pl -l maxent_classifier.pl -l dirac_classification.pl -l diagnostic_summary.pl -l post_synthesis.pl -l json_report.pl -g run_json_report, halt.
1782539915.655320114  389060 1124256  3871 swipl -l stack.pl -l covering_analysis.pl -l dirac_classification.pl -l maxent_classifier.pl -l context_profile_mining.pl -l ../audits/2026-06-25_oq182_trajectory_revive/c_null_harness.pl -g retractall(config:param(corpus_path,_)), asserta(config:param(corpus_path,'archives/datasets/kernel_v1')), c_null_run, halt. -t halt(1)
1782539915.655320114  394120 20520       2 swipl -l stack.pl -l covering_analysis.pl -l maxent_classifier.pl -l dirac_classification.pl -l diagnostic_summary.pl -l post_synthesis.pl -l json_report.pl -g run_json_report, halt.
1782539915.773635552  389060 1124776  3871 swipl -l stack.pl -l covering_analysis.pl -l dirac_classification.pl -l maxent_classifier.pl -l context_profile_mining.pl -l ../audits/2026-06-25_oq182_trajectory_revive/c_null_harness.pl -g retractall(config:param(corpus_path,_)), asserta(config:param(corpus_path,'archives/datasets/kernel_v1')), c_null_run, halt. -t halt(1)
1782539915.773635552  394120 20524       2 swipl -l stack.pl -l covering_analysis.pl -l maxent_classifier.pl -l dirac_classification.pl -l diagnostic_summary.pl -l post_synthesis.pl -l json_report.pl -g run_json_report, halt.
1782539915.880159456  389060 1125380  3871 swipl -l stack.pl -l covering_analysis.pl -l dirac_classification.pl -l maxent_classifier.pl -l context_profile_mining.pl -l ../audits/2026-06-25_oq182_trajectory_revive/c_null_harness.pl -g retractall(config:param(corpus_path,_)), asserta(config:param(corpus_path,'archives/datasets/kernel_v1')), c_null_run, halt. -t halt(1)
1782539915.880159456  394120 20524       2 swipl -l stack.pl -l covering_analysis.pl -l maxent_classifier.pl -l dirac_classification.pl -l diagnostic_summary.pl -l post_synthesis.pl -l json_report.pl -g run_json_report, halt.
1782539915.999982810  389060 1125432  3872 swipl -l stack.pl -l covering_analysis.pl -l dirac_classification.pl -l maxent_classifier.pl -l context_profile_mining.pl -l ../audits/2026-06-25_oq182_trajectory_revive/c_null_harness.pl -g retractall(config:param(corpus_path,_)), asserta(config:param(corpus_path,'archives/datasets/kernel_v1')), c_null_run, halt. -t halt(1)
1782539915.999982810  394120 20548       3 swipl -l stack.pl -l covering_analysis.pl -l maxent_classifier.pl -l dirac_classification.pl -l diagnostic_summary.pl -l post_synthesis.pl -l json_report.pl -g run_json_report, halt.
1782539916.113249291  389060 1124256  3872 swipl -l stack.pl -l covering_analysis.pl -l dirac_classification.pl -l maxent_classifier.pl -l context_profile_mining.pl -l ../audits/2026-06-25_oq182_trajectory_revive/c_null_harness.pl -g retractall(config:param(corpus_path,_)), asserta(config:param(corpus_path,'archives/datasets/kernel_v1')), c_null_run, halt. -t halt(1)
1782539916.113249291  394120 20604       3 swipl -l stack.pl -l covering_analysis.pl -l maxent_classifier.pl -l dirac_classification.pl -l diagnostic_summary.pl -l post_synthesis.pl -l json_report.pl -g run_json_report, halt.
1782539916.219644593  389060 1124256  3872 swipl -l stack.pl -l covering_analysis.pl -l dirac_classification.pl -l maxent_classifier.pl -l context_profile_mining.pl -l ../audits/2026-06-25_oq182_trajectory_revive/c_null_harness.pl -g retractall(config:param(corpus_path,_)), asserta(config:param(corpus_path,'archives/datasets/kernel_v1')), c_null_run, halt. -t halt(1)
1782539916.219644593  394120 20608       3 swipl -l stack.pl -l covering_analysis.pl -l maxent_classifier.pl -l dirac_classification.pl -l diagnostic_summary.pl -l post_synthesis.pl -l json_report.pl -g run_json_report, halt.
1782539916.336182811  389060 1124576  3872 swipl -l stack.pl -l covering_analysis.pl -l dirac_classification.pl -l maxent_classifier.pl -l context_profile_mining.pl -l ../audits/2026-06-25_oq182_trajectory_revive/c_null_harness.pl -g retractall(config:param(corpus_path,_)), asserta(config:param(corpus_path,'archives/datasets/kernel_v1')), c_null_run, halt. -t halt(1)
1782539916.336182811  394120 20652       3 swipl -l stack.pl -l covering_analysis.pl -l maxent_classifier.pl -l dirac_classification.pl -l diagnostic_summary.pl -l post_synthesis.pl -l json_report.pl -g run_json_report, halt.
1782539916.442549813  389060 1124988  3872 swipl -l stack.pl -l covering_analysis.pl -l dirac_classification.pl -l maxent_classifier.pl -l context_profile_mining.pl -l ../audits/2026-06-25_oq182_trajectory_revive/c_null_harness.pl -g retractall(config:param(corpus_path,_)), asserta(config:param(corpus_path,'archives/datasets/kernel_v1')), c_null_run, halt. -t halt(1)
1782539916.442549813  394120 20688       3 swipl -l stack.pl -l covering_analysis.pl -l maxent_classifier.pl -l dirac_classification.pl -l diagnostic_summary.pl -l post_synthesis.pl -l json_report.pl -g run_json_report, halt.
1782539916.548809714  389060 1125360  3872 swipl -l stack.pl -l covering_analysis.pl -l dirac_classification.pl -l maxent_classifier.pl -l context_profile_mining.pl -l ../audits/2026-06-25_oq182_trajectory_revive/c_null_harness.pl -g retractall(config:param(corpus_path,_)), asserta(config:param(corpus_path,'archives/datasets/kernel_v1')), c_null_run, halt. -t halt(1)
1782539916.548809714  394120 20604       3 swipl -l stack.pl -l covering_analysis.pl -l maxent_classifier.pl -l dirac_classification.pl -l diagnostic_summary.pl -l post_synthesis.pl -l json_report.pl -g run_json_report, halt.
1782539916.673319421  389060 1124568  3872 swipl -l stack.pl -l covering_analysis.pl -l dirac_classification.pl -l maxent_classifier.pl -l context_profile_mining.pl -l ../audits/2026-06-25_oq182_trajectory_revive/c_null_harness.pl -g retractall(config:param(corpus_path,_)), asserta(config:param(corpus_path,'archives/datasets/kernel_v1')), c_null_run, halt. -t halt(1)
1782539916.673319421  394120 20604       3 swipl -l stack.pl -l covering_analysis.pl -l maxent_classifier.pl -l dirac_classification.pl -l diagnostic_summary.pl -l post_synthesis.pl -l json_report.pl -g run_json_report, halt.
1782539916.779525922  389060 1125060  3872 swipl -l stack.pl -l covering_analysis.pl -l dirac_classification.pl -l maxent_classifier.pl -l context_profile_mining.pl -l ../audits/2026-06-25_oq182_trajectory_revive/c_null_harness.pl -g retractall(config:param(corpus_path,_)), asserta(config:param(corpus_path,'archives/datasets/kernel_v1')), c_null_run, halt. -t halt(1)
1782539916.779525922  394120 20604       3 swipl -l stack.pl -l covering_analysis.pl -l maxent_classifier.pl -l dirac_classification.pl -l diagnostic_summary.pl -l post_synthesis.pl -l json_report.pl -g run_json_report, halt.
1782539916.885805023  389060 1124256  3872 swipl -l stack.pl -l covering_analysis.pl -l dirac_classification.pl -l maxent_classifier.pl -l context_profile_mining.pl -l ../audits/2026-06-25_oq182_trajectory_revive/c_null_harness.pl -g retractall(config:param(corpus_path,_)), asserta(config:param(corpus_path,'archives/datasets/kernel_v1')), c_null_run, halt. -t halt(1)
1782539916.885805023  394120 20604       3 swipl -l stack.pl -l covering_analysis.pl -l maxent_classifier.pl -l dirac_classification.pl -l diagnostic_summary.pl -l post_synthesis.pl -l json_report.pl -g run_json_report, halt.
1782539916.993591442  389060 1124256  3873 swipl -l stack.pl -l covering_analysis.pl -l dirac_classification.pl -l maxent_classifier.pl -l context_profile_mining.pl -l ../audits/2026-06-25_oq182_trajectory_revive/c_null_harness.pl -g retractall(config:param(corpus_path,_)), asserta(config:param(corpus_path,'archives/datasets/kernel_v1')), c_null_run, halt. -t halt(1)
1782539916.993591442  394120 20604       4 swipl -l stack.pl -l covering_analysis.pl -l maxent_classifier.pl -l dirac_classification.pl -l diagnostic_summary.pl -l post_synthesis.pl -l json_report.pl -g run_json_report, halt.
1782539917.100106146  389060 1124256  3873 swipl -l stack.pl -l covering_analysis.pl -l dirac_classification.pl -l maxent_classifier.pl -l context_profile_mining.pl -l ../audits/2026-06-25_oq182_trajectory_revive/c_null_harness.pl -g retractall(config:param(corpus_path,_)), asserta(config:param(corpus_path,'archives/datasets/kernel_v1')), c_null_run, halt. -t halt(1)
1782539917.100106146  394120 20616       4 swipl -l stack.pl -l covering_analysis.pl -l maxent_classifier.pl -l dirac_classification.pl -l diagnostic_summary.pl -l post_synthesis.pl -l json_report.pl -g run_json_report, halt.
1782539917.206273446  389060 1124256  3873 swipl -l stack.pl -l covering_analysis.pl -l dirac_classification.pl -l maxent_classifier.pl -l context_profile_mining.pl -l ../audits/2026-06-25_oq182_trajectory_revive/c_null_harness.pl -g retractall(config:param(corpus_path,_)), asserta(config:param(corpus_path,'archives/datasets/kernel_v1')), c_null_run, halt. -t halt(1)
1782539917.206273446  394120 20616       4 swipl -l stack.pl -l covering_analysis.pl -l maxent_classifier.pl -l dirac_classification.pl -l diagnostic_summary.pl -l post_synthesis.pl -l json_report.pl -g run_json_report, halt.
1782539917.323830375  389060 1124260  3873 swipl -l stack.pl -l covering_analysis.pl -l dirac_classification.pl -l maxent_classifier.pl -l context_profile_mining.pl -l ../audits/2026-06-25_oq182_trajectory_revive/c_null_harness.pl -g retractall(config:param(corpus_path,_)), asserta(config:param(corpus_path,'archives/datasets/kernel_v1')), c_null_run, halt. -t halt(1)
1782539917.323830375  394120 20616       4 swipl -l stack.pl -l covering_analysis.pl -l maxent_classifier.pl -l dirac_classification.pl -l diagnostic_summary.pl -l post_synthesis.pl -l json_report.pl -g run_json_report, halt.
1782539917.430100976  389060 1124676  3873 swipl -l stack.pl -l covering_analysis.pl -l dirac_classification.pl -l maxent_classifier.pl -l context_profile_mining.pl -l ../audits/2026-06-25_oq182_trajectory_revive/c_null_harness.pl -g retractall(config:param(corpus_path,_)), asserta(config:param(corpus_path,'archives/datasets/kernel_v1')), c_null_run, halt. -t halt(1)
1782539917.430100976  394304  5512       0 swipl -l stack.pl -l routing_sink.pl -g routing_sink:run_routing_sink, halt.
1782539917.536118674  389060 1125128  3873 swipl -l stack.pl -l covering_analysis.pl -l dirac_classification.pl -l maxent_classifier.pl -l context_profile_mining.pl -l ../audits/2026-06-25_oq182_trajectory_revive/c_null_harness.pl -g retractall(config:param(corpus_path,_)), asserta(config:param(corpus_path,'archives/datasets/kernel_v1')), c_null_run, halt. -t halt(1)
1782539917.536118674  394304  9552       0 swipl -l stack.pl -l routing_sink.pl -g routing_sink:run_routing_sink, halt.
1782539917.642267574  389060 1124380  3873 swipl -l stack.pl -l covering_analysis.pl -l dirac_classification.pl -l maxent_classifier.pl -l context_profile_mining.pl -l ../audits/2026-06-25_oq182_trajectory_revive/c_null_harness.pl -g retractall(config:param(corpus_path,_)), asserta(config:param(corpus_path,'archives/datasets/kernel_v1')), c_null_run, halt. -t halt(1)
1782539917.642267574  394304 11664       0 swipl -l stack.pl -l routing_sink.pl -g routing_sink:run_routing_sink, halt.
1782539917.756193962  389060 1124380  3873 swipl -l stack.pl -l covering_analysis.pl -l dirac_classification.pl -l maxent_classifier.pl -l context_profile_mining.pl -l ../audits/2026-06-25_oq182_trajectory_revive/c_null_harness.pl -g retractall(config:param(corpus_path,_)), asserta(config:param(corpus_path,'archives/datasets/kernel_v1')), c_null_run, halt. -t halt(1)
1782539917.756193962  394304 12740       0 swipl -l stack.pl -l routing_sink.pl -g routing_sink:run_routing_sink, halt.
1782539917.862361062  389060 1124940  3873 swipl -l stack.pl -l covering_analysis.pl -l dirac_classification.pl -l maxent_classifier.pl -l context_profile_mining.pl -l ../audits/2026-06-25_oq182_trajectory_revive/c_null_harness.pl -g retractall(config:param(corpus_path,_)), asserta(config:param(corpus_path,'archives/datasets/kernel_v1')), c_null_run, halt. -t halt(1)
1782539917.862361062  394304 14120       0 swipl -l stack.pl -l routing_sink.pl -g routing_sink:run_routing_sink, halt.
1782539917.968653263  389060 1124692  3874 swipl -l stack.pl -l covering_analysis.pl -l dirac_classification.pl -l maxent_classifier.pl -l context_profile_mining.pl -l ../audits/2026-06-25_oq182_trajectory_revive/c_null_harness.pl -g retractall(config:param(corpus_path,_)), asserta(config:param(corpus_path,'archives/datasets/kernel_v1')), c_null_run, halt. -t halt(1)
1782539917.968653263  394304 15000       1 swipl -l stack.pl -l routing_sink.pl -g routing_sink:run_routing_sink, halt.
1782539918.074950065  389060 1124952  3874 swipl -l stack.pl -l covering_analysis.pl -l dirac_classification.pl -l maxent_classifier.pl -l context_profile_mining.pl -l ../audits/2026-06-25_oq182_trajectory_revive/c_null_harness.pl -g retractall(config:param(corpus_path,_)), asserta(config:param(corpus_path,'archives/datasets/kernel_v1')), c_null_run, halt. -t halt(1)
1782539918.074950065  394304 16512       1 swipl -l stack.pl -l routing_sink.pl -g routing_sink:run_routing_sink, halt.
1782539918.190889876  389060 1124256  3874 swipl -l stack.pl -l covering_analysis.pl -l dirac_classification.pl -l maxent_classifier.pl -l context_profile_mining.pl -l ../audits/2026-06-25_oq182_trajectory_revive/c_null_harness.pl -g retractall(config:param(corpus_path,_)), asserta(config:param(corpus_path,'archives/datasets/kernel_v1')), c_null_run, halt. -t halt(1)
1782539918.190889876  394341  8848       0 swipl -l stack.pl -l kernel_orbit_export.pl -g kernel_orbit_export:run_kernel_orbit_export, halt.
1782539918.297267478  389060 1124684  3874 swipl -l stack.pl -l covering_analysis.pl -l dirac_classification.pl -l maxent_classifier.pl -l context_profile_mining.pl -l ../audits/2026-06-25_oq182_trajectory_revive/c_null_harness.pl -g retractall(config:param(corpus_path,_)), asserta(config:param(corpus_path,'archives/datasets/kernel_v1')), c_null_run, halt. -t halt(1)
1782539918.297267478  394341 10824       0 swipl -l stack.pl -l kernel_orbit_export.pl -g kernel_orbit_export:run_kernel_orbit_export, halt.
1782539918.403350577  389060 1125152  3874 swipl -l stack.pl -l covering_analysis.pl -l dirac_classification.pl -l maxent_classifier.pl -l context_profile_mining.pl -l ../audits/2026-06-25_oq182_trajectory_revive/c_null_harness.pl -g retractall(config:param(corpus_path,_)), asserta(config:param(corpus_path,'archives/datasets/kernel_v1')), c_null_run, halt. -t halt(1)
1782539918.403350577  394341 11976       0 swipl -l stack.pl -l kernel_orbit_export.pl -g kernel_orbit_export:run_kernel_orbit_export, halt.
1782539918.509865781  389060 1124976  3874 swipl -l stack.pl -l covering_analysis.pl -l dirac_classification.pl -l maxent_classifier.pl -l context_profile_mining.pl -l ../audits/2026-06-25_oq182_trajectory_revive/c_null_harness.pl -g retractall(config:param(corpus_path,_)), asserta(config:param(corpus_path,'archives/datasets/kernel_v1')), c_null_run, halt. -t halt(1)
1782539918.509865781  394341 12828       0 swipl -l stack.pl -l kernel_orbit_export.pl -g kernel_orbit_export:run_kernel_orbit_export, halt.
1782539918.616213583  389060 1124964  3874 swipl -l stack.pl -l covering_analysis.pl -l dirac_classification.pl -l maxent_classifier.pl -l context_profile_mining.pl -l ../audits/2026-06-25_oq182_trajectory_revive/c_null_harness.pl -g retractall(config:param(corpus_path,_)), asserta(config:param(corpus_path,'archives/datasets/kernel_v1')), c_null_run, halt. -t halt(1)
1782539918.616213583  394341 13780       0 swipl -l stack.pl -l kernel_orbit_export.pl -g kernel_orbit_export:run_kernel_orbit_export, halt.
1782539918.736313641  389060 1124376  3874 swipl -l stack.pl -l covering_analysis.pl -l dirac_classification.pl -l maxent_classifier.pl -l context_profile_mining.pl -l ../audits/2026-06-25_oq182_trajectory_revive/c_null_harness.pl -g retractall(config:param(corpus_path,_)), asserta(config:param(corpus_path,'archives/datasets/kernel_v1')), c_null_run, halt. -t halt(1)
1782539918.860047939  389060 1124820  3874 swipl -l stack.pl -l covering_analysis.pl -l dirac_classification.pl -l maxent_classifier.pl -l context_profile_mining.pl -l ../audits/2026-06-25_oq182_trajectory_revive/c_null_harness.pl -g retractall(config:param(corpus_path,_)), asserta(config:param(corpus_path,'archives/datasets/kernel_v1')), c_null_run, halt. -t halt(1)
1782539918.966140839  389060 1124340  3875 swipl -l stack.pl -l covering_analysis.pl -l dirac_classification.pl -l maxent_classifier.pl -l context_profile_mining.pl -l ../audits/2026-06-25_oq182_trajectory_revive/c_null_harness.pl -g retractall(config:param(corpus_path,_)), asserta(config:param(corpus_path,'archives/datasets/kernel_v1')), c_null_run, halt. -t halt(1)
1782539919.093400077  389060 1124412  3875 swipl -l stack.pl -l covering_analysis.pl -l dirac_classification.pl -l maxent_classifier.pl -l context_profile_mining.pl -l ../audits/2026-06-25_oq182_trajectory_revive/c_null_harness.pl -g retractall(config:param(corpus_path,_)), asserta(config:param(corpus_path,'archives/datasets/kernel_v1')), c_null_run, halt. -t halt(1)
1782539919.208976184  389060 1124256  3875 swipl -l stack.pl -l covering_analysis.pl -l dirac_classification.pl -l maxent_classifier.pl -l context_profile_mining.pl -l ../audits/2026-06-25_oq182_trajectory_revive/c_null_harness.pl -g retractall(config:param(corpus_path,_)), asserta(config:param(corpus_path,'archives/datasets/kernel_v1')), c_null_run, halt. -t halt(1)
1782539919.398288625  389060 1124256  3875 swipl -l stack.pl -l covering_analysis.pl -l dirac_classification.pl -l maxent_classifier.pl -l context_profile_mining.pl -l ../audits/2026-06-25_oq182_trajectory_revive/c_null_harness.pl -g retractall(config:param(corpus_path,_)), asserta(config:param(corpus_path,'archives/datasets/kernel_v1')), c_null_run, halt. -t halt(1)
1782539919.513832932  389060 1124620  3875 swipl -l stack.pl -l covering_analysis.pl -l dirac_classification.pl -l maxent_classifier.pl -l context_profile_mining.pl -l ../audits/2026-06-25_oq182_trajectory_revive/c_null_harness.pl -g retractall(config:param(corpus_path,_)), asserta(config:param(corpus_path,'archives/datasets/kernel_v1')), c_null_run, halt. -t halt(1)
1782539919.657792459  389060 1124712  3875 swipl -l stack.pl -l covering_analysis.pl -l dirac_classification.pl -l maxent_classifier.pl -l context_profile_mining.pl -l ../audits/2026-06-25_oq182_trajectory_revive/c_null_harness.pl -g retractall(config:param(corpus_path,_)), asserta(config:param(corpus_path,'archives/datasets/kernel_v1')), c_null_run, halt. -t halt(1)
1782539919.763995260  389060 1124256  3875 swipl -l stack.pl -l covering_analysis.pl -l dirac_classification.pl -l maxent_classifier.pl -l context_profile_mining.pl -l ../audits/2026-06-25_oq182_trajectory_revive/c_null_harness.pl -g retractall(config:param(corpus_path,_)), asserta(config:param(corpus_path,'archives/datasets/kernel_v1')), c_null_run, halt. -t halt(1)
1782539919.870538465  389060 1124840  3875 swipl -l stack.pl -l covering_analysis.pl -l dirac_classification.pl -l maxent_classifier.pl -l context_profile_mining.pl -l ../audits/2026-06-25_oq182_trajectory_revive/c_null_harness.pl -g retractall(config:param(corpus_path,_)), asserta(config:param(corpus_path,'archives/datasets/kernel_v1')), c_null_run, halt. -t halt(1)
1782539919.976988469  389060 1124380  3876 swipl -l stack.pl -l covering_analysis.pl -l dirac_classification.pl -l maxent_classifier.pl -l context_profile_mining.pl -l ../audits/2026-06-25_oq182_trajectory_revive/c_null_harness.pl -g retractall(config:param(corpus_path,_)), asserta(config:param(corpus_path,'archives/datasets/kernel_v1')), c_null_run, halt. -t halt(1)
1782539920.119193677  389060 1124536  3876 swipl -l stack.pl -l covering_analysis.pl -l dirac_classification.pl -l maxent_classifier.pl -l context_profile_mining.pl -l ../audits/2026-06-25_oq182_trajectory_revive/c_null_harness.pl -g retractall(config:param(corpus_path,_)), asserta(config:param(corpus_path,'archives/datasets/kernel_v1')), c_null_run, halt. -t halt(1)
1782539920.225746482  389060 1124256  3876 swipl -l stack.pl -l covering_analysis.pl -l dirac_classification.pl -l maxent_classifier.pl -l context_profile_mining.pl -l ../audits/2026-06-25_oq182_trajectory_revive/c_null_harness.pl -g retractall(config:param(corpus_path,_)), asserta(config:param(corpus_path,'archives/datasets/kernel_v1')), c_null_run, halt. -t halt(1)
1782539920.332450788  389060 1124684  3876 swipl -l stack.pl -l covering_analysis.pl -l dirac_classification.pl -l maxent_classifier.pl -l context_profile_mining.pl -l ../audits/2026-06-25_oq182_trajectory_revive/c_null_harness.pl -g retractall(config:param(corpus_path,_)), asserta(config:param(corpus_path,'archives/datasets/kernel_v1')), c_null_run, halt. -t halt(1)
1782539920.447929894  389060 1124440  3876 swipl -l stack.pl -l covering_analysis.pl -l dirac_classification.pl -l maxent_classifier.pl -l context_profile_mining.pl -l ../audits/2026-06-25_oq182_trajectory_revive/c_null_harness.pl -g retractall(config:param(corpus_path,_)), asserta(config:param(corpus_path,'archives/datasets/kernel_v1')), c_null_run, halt. -t halt(1)
1782539920.554222796  389060 1124256  3876 swipl -l stack.pl -l covering_analysis.pl -l dirac_classification.pl -l maxent_classifier.pl -l context_profile_mining.pl -l ../audits/2026-06-25_oq182_trajectory_revive/c_null_harness.pl -g retractall(config:param(corpus_path,_)), asserta(config:param(corpus_path,'archives/datasets/kernel_v1')), c_null_run, halt. -t halt(1)
1782539920.661404008  389060 1124684  3876 swipl -l stack.pl -l covering_analysis.pl -l dirac_classification.pl -l maxent_classifier.pl -l context_profile_mining.pl -l ../audits/2026-06-25_oq182_trajectory_revive/c_null_harness.pl -g retractall(config:param(corpus_path,_)), asserta(config:param(corpus_path,'archives/datasets/kernel_v1')), c_null_run, halt. -t halt(1)
