Control:    Scenario Manager Active
Usage:      run_scenario('file.pl', interval_id).
ITEM leg=testsets cell=zero_pos id=press_reformation_causation__strategic_deployment power_h=(1,0) seat_h=(0,11,ns=6,nr=6)
  empty_chair=included_plural([naturalized,rope,snare])
  consensus=plural([naturalized,rope,snare])
Control:    Scenario Manager Active
Usage:      run_scenario('file.pl', interval_id).
ITEM leg=testsets cell=pos_zero id=actinide_replenishment_mechanism_flat_control power_h=(0,4) seat_h=(1,0,ns=5,nr=5)
  empty_chair=no_excluded_seat
  consensus=unanimous_no_excluded_seats
ITEM leg=testsets cell=pos_zero id=citation_purity_reading power_h=(0,2) seat_h=(1,0,ns=5,nr=3)
  empty_chair=no_excluded_seat
  consensus=unanimous_with_untypeable_seats
ITEM leg=testsets cell=pos_zero id=radiative_levitation_stratification power_h=(0,4) seat_h=(1,0,ns=4,nr=4)
  empty_chair=excluded_concurs(scaffold)
  consensus=manufactured_consensus_candidate([alternative_mechanism_proponents])
Control:    Scenario Manager Active
Usage:      run_scenario('file.pl', interval_id).
ITEM leg=testsets_haiku cell=zero_pos id=basic_law_interpretive_authority__popular_constitutionalism_reading power_h=(1,0) seat_h=(0,9,ns=6,nr=6)
  empty_chair=included_plural([naturalized,tangled_rope])
  consensus=plural([naturalized,tangled_rope])
ITEM leg=testsets_haiku cell=zero_pos id=commerce_clause_text__expansive_federal_reading power_h=(1,0) seat_h=(0,5,ns=6,nr=4)
  empty_chair=included_plural([naturalized,rope,tangled_rope])
  consensus=plural([naturalized,rope,tangled_rope])
ITEM leg=testsets_haiku cell=zero_pos id=federation_membership_kernel__welfare_coordination_reading power_h=(1,0) seat_h=(0,3,ns=8,nr=4)
  empty_chair=included_plural([naturalized,tangled_rope])
  consensus=plural([naturalized,tangled_rope])
ITEM leg=testsets_haiku cell=zero_pos id=gendered_category_membership__gender_identity_reading power_h=(1,0) seat_h=(0,12,ns=7,nr=7)
  empty_chair=included_plural([naturalized,tangled_rope])
  consensus=plural([naturalized,tangled_rope])
ITEM leg=testsets_haiku cell=zero_pos id=geneva_conventions_protective_scope__universal_rights_reading power_h=(1,0) seat_h=(0,5,ns=10,nr=6)
  empty_chair=included_plural([naturalized,rope])
  consensus=plural([naturalized,rope])
ITEM leg=testsets_haiku cell=zero_pos id=kodashim_obligation__study_as_archive power_h=(1,0) seat_h=(0,2,ns=5,nr=3)
  empty_chair=included_plural([piton,rope])
  consensus=plural([piton,rope])
ITEM leg=testsets_haiku cell=zero_pos id=nicene_christological_kernel__homoiousios_reading power_h=(1,0) seat_h=(0,7,ns=7,nr=5)
  empty_chair=no_excluded_seat
  consensus=plural([naturalized,rope,tangled_rope])
ITEM leg=testsets_haiku cell=zero_pos id=provincial_sovereignty_boundary__constitutional_subordination power_h=(1,0) seat_h=(0,14,ns=7,nr=7)
  empty_chair=included_plural([naturalized,rope,snare])
  consensus=plural([naturalized,rope,snare])
ITEM leg=testsets_haiku cell=zero_pos id=remonstrance_authority__crown_reading power_h=(1,0) seat_h=(0,11,ns=6,nr=6)
  empty_chair=included_plural([naturalized,rope,snare])
  consensus=plural([naturalized,rope,snare])
ITEM leg=testsets_haiku cell=zero_pos id=takings_clause_boundary__regulatory_takings_reading power_h=(1,0) seat_h=(0,5,ns=6,nr=4)
  empty_chair=included_plural([naturalized,rope,tangled_rope])
  consensus=plural([naturalized,rope,tangled_rope])
Control:    Scenario Manager Active
Usage:      run_scenario('file.pl', interval_id).
ITEM leg=testsets_haiku cell=pos_zero id=climate_mitigation_imperative__systems_transition_reading power_h=(0,2) seat_h=(1,0,ns=5,nr=2)
  empty_chair=empty_chair_dissent_untypeable(naturalized,[tangled_rope],[low_income_and_rural_communities])
  consensus=manufactured_consensus_candidate_untypeable([grid_operators_and_balancing_authorities,low_income_and_rural_communities])
ITEM leg=testsets_haiku cell=pos_zero id=equal_protection_kernel__antisubordination_reading power_h=(0,2) seat_h=(1,0,ns=4,nr=2)
  empty_chair=excluded_concurs_untypeable(tangled_rope)
  consensus=manufactured_consensus_candidate_untypeable([colorblind_reading_proponents,remedial_reading_proponents])
ITEM leg=testsets_haiku cell=pos_zero id=gpl_reciprocity_obligation__copyleft_as_restriction_reading power_h=(0,2) seat_h=(1,0,ns=7,nr=3)
  empty_chair=no_excluded_seat
  consensus=unanimous_with_untypeable_seats
ITEM leg=testsets_haiku cell=pos_zero id=income_support_conditionality__wage_subsidy_reading power_h=(0,2) seat_h=(1,0,ns=6,nr=2)
  empty_chair=empty_chair_dissent_untypeable(naturalized,[tangled_rope],[excluded_precariat])
  consensus=manufactured_consensus_candidate_untypeable([excluded_precariat])
ITEM leg=testsets_haiku cell=pos_zero id=liability_attribution__shared_liability power_h=(0,2) seat_h=(1,0,ns=6,nr=3)
  empty_chair=excluded_untyped([single_liability_advocates])
  consensus=manufactured_consensus_candidate_untypeable([single_liability_advocates])
ITEM leg=testsets_haiku cell=pos_zero id=udhr_article_3__positive_entitlement_reading power_h=(0,2) seat_h=(1,0,ns=6,nr=2)
  empty_chair=excluded_untyped([liberal_constitutionalists,fiscal_conservatives])
  consensus=manufactured_consensus_candidate_untypeable([liberal_constitutionalists,fiscal_conservatives])
Control:    Scenario Manager Active
Usage:      run_scenario('file.pl', interval_id).
ITEM leg=testsets_flash cell=pos_zero id=digital_money_emergence_boundary__conceptualization_reading power_h=(0,4) seat_h=(1,0,ns=3,nr=3)
  empty_chair=no_excluded_seat
  consensus=unanimous_no_excluded_seats
ITEM leg=testsets_flash cell=pos_zero id=electronic_money_emergence__became_thinkable_reading power_h=(0,4) seat_h=(1,0,ns=3,nr=3)
  empty_chair=excluded_concurs(scaffold)
  consensus=manufactured_consensus_candidate([central_bankers])
ITEM leg=testsets_flash cell=pos_zero id=electronic_money_emergence__m4_m5_collapse_reading power_h=(0,3) seat_h=(1,0,ns=3,nr=3)
  empty_chair=excluded_concurs(rope)
  consensus=manufactured_consensus_candidate([financial_innovators])
ITEM leg=testsets_flash cell=pos_zero id=end_of_life_decision_authority__vulnerability_protection_reading power_h=(0,3) seat_h=(1,0,ns=6,nr=2)
  empty_chair=no_excluded_seat
  consensus=unanimous_with_untypeable_seats
ITEM leg=testsets_flash cell=pos_zero id=genesis_creation_cosmology__literary_framework power_h=(0,4) seat_h=(1,0,ns=5,nr=5)
  empty_chair=no_excluded_seat
  consensus=unanimous_no_excluded_seats
ITEM leg=testsets_flash cell=pos_zero id=hebrew_vitality__hybrid_continuity_reading power_h=(0,4) seat_h=(1,0,ns=3,nr=3)
  empty_chair=no_excluded_seat
  consensus=unanimous_no_excluded_seats
ITEM leg=testsets_flash cell=pos_zero id=honor_satisfaction_substrate__cultural_contraction_reading power_h=(0,4) seat_h=(1,0,ns=3,nr=3)
  empty_chair=no_excluded_seat
  consensus=unanimous_no_excluded_seats
ITEM leg=testsets_flash cell=pos_zero id=honor_violence_legitimacy__contraction_reading power_h=(0,4) seat_h=(1,0,ns=4,nr=4)
  empty_chair=empty_chair_dissent(scaffold,[mountain],[dueling_tradition_adherents])
  consensus=manufactured_consensus_candidate([dueling_tradition_adherents])
ITEM leg=testsets_flash cell=pos_zero id=market_as_natural_default__lapsed_alternative_reading power_h=(0,4) seat_h=(1,0,ns=4,nr=4)
  empty_chair=no_excluded_seat
  consensus=unanimous_no_excluded_seats
ITEM leg=testsets_flash cell=pos_zero id=reformation_composite__technological_mediation_reading power_h=(0,4) seat_h=(1,0,ns=5,nr=5)
  empty_chair=no_excluded_seat
  consensus=unanimous_no_excluded_seats
Control:    Scenario Manager Active
Usage:      run_scenario('file.pl', interval_id).
ITEM leg=testsets_kimi cell=pos_zero id=animal_status_kernel__welfare_reading power_h=(0,3) seat_h=(1,0,ns=4,nr=4)
  empty_chair=empty_chair_dissent(naturalized,[tangled_rope],[abolitionist_advocates])
  consensus=manufactured_consensus_candidate([abolitionist_advocates])
ITEM leg=testsets_kimi cell=pos_zero id=correct_latin_kernel__hybrid_reading power_h=(0,2) seat_h=(1,0,ns=5,nr=2)
  empty_chair=no_excluded_seat
  consensus=unanimous_with_untypeable_seats
ITEM leg=testsets_kimi cell=pos_zero id=living_language_status__literary_continuity_reading power_h=(0,2) seat_h=(1,0,ns=4,nr=3)
  empty_chair=no_excluded_seat
  consensus=unanimous_with_untypeable_seats
ITEM leg=testsets_kimi cell=pos_zero id=state_killing_authority__categorical_abolition power_h=(0,3) seat_h=(1,0,ns=6,nr=3)
  empty_chair=no_excluded_seat
  consensus=unanimous_with_untypeable_seats
ITEM leg=testsets_kimi cell=pos_zero id=trips_agreement_interpretive_kernel__public_health_flexibility_reading power_h=(0,3) seat_h=(1,0,ns=4,nr=3)
  empty_chair=no_excluded_seat
  consensus=unanimous_with_untypeable_seats
Control:    Scenario Manager Active
Usage:      run_scenario('file.pl', interval_id).
ITEM leg=testsets_sonnet cell=zero_pos id=jcpoa_treaty_bindingness__transactional_provisional_reading power_h=(1,0) seat_h=(0,8,ns=7,nr=5)
  empty_chair=included_plural([naturalized,rope,tangled_rope])
  consensus=plural([naturalized,rope,tangled_rope])
ITEM leg=testsets_sonnet cell=zero_pos id=second_amendment_boundary__insurrectionist_reading power_h=(1,0) seat_h=(0,17,ns=8,nr=8)
  empty_chair=included_plural([naturalized,rope,tangled_rope])
  consensus=plural([naturalized,rope,tangled_rope])
ITEM leg=testsets_sonnet cell=zero_pos id=takings_clause_boundary__regulatory_takings_reading power_h=(1,0) seat_h=(0,19,ns=8,nr=8)
  empty_chair=included_plural([naturalized,rope,tangled_rope])
  consensus=plural([naturalized,rope,tangled_rope])
Control:    Scenario Manager Active
Usage:      run_scenario('file.pl', interval_id).
ITEM leg=testsets_sonnet cell=pos_zero id=article_17_complementarity__international_oversight_reading power_h=(0,3) seat_h=(1,0,ns=7,nr=4)
  empty_chair=excluded_concurs_untypeable(tangled_rope)
  consensus=manufactured_consensus_candidate_untypeable([powerful_state_parties_and_non_parties])
ITEM leg=testsets_sonnet cell=pos_zero id=dollar_gold_convertibility__triffin_structural_reading power_h=(0,2) seat_h=(1,0,ns=6,nr=2)
  empty_chair=empty_chair_dissent_untypeable(naturalized,[tangled_rope],[gold_producing_nations])
  consensus=manufactured_consensus_candidate_untypeable([gold_producing_nations])
ITEM leg=testsets_sonnet cell=pos_zero id=fair_use_four_factor_test__creator_centric_reading power_h=(0,2) seat_h=(1,0,ns=7,nr=4)
  empty_chair=excluded_untyped([platform_content_moderation_systems])
  consensus=manufactured_consensus_candidate_untypeable([platform_content_moderation_systems])
ITEM leg=testsets_sonnet cell=pos_zero id=first_amendment_speech_protection__harm_limited_reading power_h=(0,3) seat_h=(1,0,ns=7,nr=4)
  empty_chair=excluded_concurs_untypeable(tangled_rope)
  consensus=manufactured_consensus_candidate_untypeable([civil_liberties_organizations])
ITEM leg=testsets_sonnet cell=pos_zero id=permissive_license_text__copyleft_counterfactual_reading power_h=(0,2) seat_h=(1,0,ns=5,nr=3)
  empty_chair=excluded_untyped([gpl_copyleft_advocates])
  consensus=manufactured_consensus_candidate_untypeable([gpl_copyleft_advocates])
ITEM leg=testsets_sonnet cell=pos_zero id=total_war_winnability_post1945__structural_contraction_reading power_h=(0,4) seat_h=(1,0,ns=3,nr=3)
  empty_chair=empty_chair_dissent(scaffold,[mountain],[counterfactual_exchange_populations])
  consensus=manufactured_consensus_candidate([counterfactual_exchange_populations])
ITEM leg=testsets_sonnet cell=pos_zero id=udhr_authority__binding_universalism_reading power_h=(0,2) seat_h=(1,0,ns=6,nr=3)
  empty_chair=excluded_untyped([consent_based_sovereignty_theorists])
  consensus=manufactured_consensus_candidate_untypeable([consent_based_sovereignty_theorists])
ITEM leg=testsets_sonnet cell=pos_zero id=woman_category__intersex_accommodation_reading power_h=(0,3) seat_h=(1,0,ns=4,nr=2)
  empty_chair=excluded_concurs_untypeable(tangled_rope)
  consensus=manufactured_consensus_candidate_untypeable([medical_and_intersex_advocacy_groups])
ITEM leg=testsets_sonnet cell=pos_zero id=zero_as_number_entry__contingent_thinkability_reading power_h=(0,2) seat_h=(1,0,ns=6,nr=3)
  empty_chair=excluded_untyped([aristotelian_metaphysical_framework])
  consensus=manufactured_consensus_candidate_untypeable([aristotelian_metaphysical_framework])
