=== testsets_haiku ===

MODE: route (lever=0, committed default)
BOOST-CONTROL: aneyoshi_land_use_prohibition__behavioral_competence_reading sig=coupling_invariant_rope default-ctx boost=boosted (must be boosted)
testsets_haiku: 13 FNL cascade-winners
article_51_self_defense__narrow_armed_attack_reading | default unknown->unknown  | vic=3 | fnl_routed=no | seat_overrides=no | grade/sev=commentary/none | probe_signature=agrees
    @agent_power(powerless): dr_type=scaffold | maxent_boost=no_boost
    @agent_power(moderate): dr_type=scaffold | maxent_boost=no_boost
    @agent_power(institutional): dr_type=scaffold | maxent_boost=no_boost
    @agent_power(analytical): dr_type=unknown | maxent_boost=no_boost
beta_designation_doctrine__severity_carve_out_reading | default scaffold->scaffold  | vic=1 | fnl_routed=yes | seat_overrides=no | grade/sev=correction/moderate | probe_signature=agrees
    @agent_power(powerless): dr_type=scaffold | maxent_boost=no_boost
    @agent_power(moderate): dr_type=scaffold | maxent_boost=no_boost
    @agent_power(institutional): dr_type=scaffold | maxent_boost=no_boost
    @agent_power(analytical): dr_type=scaffold | maxent_boost=no_boost
first_amendment_speech_protection__absolutist_reading | default snare->snare  | vic=1 | fnl_routed=yes | seat_overrides=no | grade/sev=correction/moderate | probe_signature=agrees
    @agent_power(powerless): dr_type=snare | maxent_boost=no_boost
    @agent_power(moderate): dr_type=snare | maxent_boost=no_boost
    @agent_power(institutional): dr_type=naturalized | maxent_boost=no_boost
    @agent_power(analytical): dr_type=snare | maxent_boost=no_boost
magna_carta_1215__universal_rights_reading | default scaffold->scaffold  | vic=1 | fnl_routed=yes | seat_overrides=no | grade/sev=correction/moderate | probe_signature=agrees
    @agent_power(powerless): dr_type=scaffold | maxent_boost=no_boost
    @agent_power(moderate): dr_type=scaffold | maxent_boost=no_boost
    @agent_power(institutional): dr_type=scaffold | maxent_boost=no_boost
    @agent_power(analytical): dr_type=scaffold | maxent_boost=no_boost
montevideo_statehood_criteria__declaratory_reading | default unknown->unknown  | vic=4 | fnl_routed=no | seat_overrides=no | grade/sev=commentary/none | probe_signature=agrees
    @agent_power(powerless): dr_type=unknown | maxent_boost=no_boost
    @agent_power(moderate): dr_type=unknown | maxent_boost=no_boost
    @agent_power(institutional): dr_type=rope | maxent_boost=no_boost
    @agent_power(analytical): dr_type=unknown | maxent_boost=no_boost
one_country_two_systems_framework__autonomy_primacy_reading | default unknown->unknown  | vic=3 | fnl_routed=no | seat_overrides=no | grade/sev=commentary/none | probe_signature=agrees
    @agent_power(powerless): dr_type=unknown | maxent_boost=no_boost
    @agent_power(moderate): dr_type=unknown | maxent_boost=no_boost
    @agent_power(institutional): dr_type=rope | maxent_boost=no_boost
    @agent_power(analytical): dr_type=unknown | maxent_boost=no_boost
personhood_boundary__birth_threshold_reading | default unknown->unknown  | vic=0 | fnl_routed=no | seat_overrides=no | grade/sev=commentary/none | probe_signature=agrees
    @agent_power(powerless): dr_type=rope | maxent_boost=no_boost
    @agent_power(moderate): dr_type=rope | maxent_boost=no_boost
    @agent_power(institutional): dr_type=rope | maxent_boost=no_boost
    @agent_power(analytical): dr_type=unknown | maxent_boost=no_boost
quantum_formalism__copenhagen_reading | default snare->snare  | vic=1 | fnl_routed=yes | seat_overrides=no | grade/sev=correction/moderate | probe_signature=agrees
    @agent_power(powerless): dr_type=snare | maxent_boost=no_boost
    @agent_power(moderate): dr_type=snare | maxent_boost=no_boost
    @agent_power(institutional): dr_type=scaffold | maxent_boost=no_boost
    @agent_power(analytical): dr_type=snare | maxent_boost=no_boost
salic_prohibition__immutable_mandate_reading | default snare->snare  | vic=2 | fnl_routed=yes | seat_overrides=no | grade/sev=correction/moderate | probe_signature=agrees
    @agent_power(powerless): dr_type=snare | maxent_boost=no_boost
    @agent_power(moderate): dr_type=snare | maxent_boost=no_boost
    @agent_power(institutional): dr_type=rope | maxent_boost=no_boost
    @agent_power(analytical): dr_type=snare | maxent_boost=no_boost
second_amendment_arms_right__individual_right_reading | default unknown->unknown  | vic=1 | fnl_routed=no | seat_overrides=no | grade/sev=commentary/none | probe_signature=agrees
    @agent_power(powerless): dr_type=unknown | maxent_boost=no_boost
    @agent_power(moderate): dr_type=unknown | maxent_boost=no_boost
    @agent_power(institutional): dr_type=scaffold | maxent_boost=no_boost
    @agent_power(analytical): dr_type=unknown | maxent_boost=no_boost
separation_of_powers_text__formalist_reading | default snare->snare  | vic=4 | fnl_routed=yes | seat_overrides=no | grade/sev=correction/moderate | probe_signature=agrees
    @agent_power(powerless): dr_type=unknown | maxent_boost=no_boost
    @agent_power(moderate): dr_type=snare | maxent_boost=no_boost
    @agent_power(institutional): dr_type=rope | maxent_boost=no_boost
    @agent_power(analytical): dr_type=snare | maxent_boost=no_boost
speech_harm_boundary__absolutist_reading | default unknown->unknown  | vic=2 | fnl_routed=no | seat_overrides=no | grade/sev=commentary/none | probe_signature=agrees
    @agent_power(powerless): dr_type=unknown | maxent_boost=no_boost
    @agent_power(moderate): dr_type=unknown | maxent_boost=no_boost
    @agent_power(institutional): dr_type=rope | maxent_boost=no_boost
    @agent_power(analytical): dr_type=unknown | maxent_boost=no_boost
state_killing_authority__categorical_abolition | default unknown->unknown  | vic=1 | fnl_routed=no | seat_overrides=no | grade/sev=commentary/none | probe_signature=agrees
    @agent_power(powerless): dr_type=rope | maxent_boost=no_boost
    @agent_power(moderate): dr_type=rope | maxent_boost=no_boost
    @agent_power(institutional): dr_type=rope | maxent_boost=no_boost
    @agent_power(analytical): dr_type=unknown | maxent_boost=no_boost
=== testsets_flash ===

MODE: route (lever=0, committed default)
BOOST-CONTROL: ai_governance_legitimacy__market_libertarian_reading sig=coupling_invariant_rope default-ctx boost=boosted (must be boosted)
testsets_flash: 8 FNL cascade-winners
commerce_clause_text__originalist_narrow_reading | default scaffold->scaffold  | vic=3 | fnl_routed=yes | seat_overrides=no | grade/sev=correction/moderate | probe_signature=agrees
    @agent_power(powerless): dr_type=scaffold | maxent_boost=no_boost
    @agent_power(moderate): dr_type=scaffold | maxent_boost=no_boost
    @agent_power(institutional): dr_type=scaffold | maxent_boost=no_boost
    @agent_power(analytical): dr_type=scaffold | maxent_boost=no_boost
competence_occupation__real_incident_necessity | default snare->snare  | vic=2 | fnl_routed=yes | seat_overrides=no | grade/sev=correction/moderate | probe_signature=agrees
    @agent_power(powerless): dr_type=snare | maxent_boost=no_boost
    @agent_power(moderate): dr_type=snare | maxent_boost=no_boost
    @agent_power(institutional): dr_type=scaffold | maxent_boost=no_boost
    @agent_power(analytical): dr_type=snare | maxent_boost=no_boost
honor_settlement_legitimacy__composite_reading | default scaffold->scaffold  | vic=1 | fnl_routed=yes | seat_overrides=no | grade/sev=correction/moderate | probe_signature=agrees
    @agent_power(powerless): dr_type=scaffold | maxent_boost=no_boost
    @agent_power(moderate): dr_type=scaffold | maxent_boost=no_boost
    @agent_power(institutional): dr_type=scaffold | maxent_boost=no_boost
    @agent_power(analytical): dr_type=scaffold | maxent_boost=no_boost
monopoly_rulebook__extraction_demo_reading | default snare->snare  | vic=2 | fnl_routed=yes | seat_overrides=no | grade/sev=correction/moderate | probe_signature=agrees
    @agent_power(powerless): dr_type=snare | maxent_boost=no_boost
    @agent_power(moderate): dr_type=snare | maxent_boost=no_boost
    @agent_power(institutional): dr_type=rope | maxent_boost=no_boost
    @agent_power(analytical): dr_type=snare | maxent_boost=no_boost
reformation_event_boundary__composite_overdetermination_reading | default scaffold->scaffold  | vic=2 | fnl_routed=yes | seat_overrides=no | grade/sev=correction/moderate | probe_signature=agrees
    @agent_power(powerless): dr_type=scaffold | maxent_boost=no_boost
    @agent_power(moderate): dr_type=scaffold | maxent_boost=no_boost
    @agent_power(institutional): dr_type=scaffold | maxent_boost=no_boost
    @agent_power(analytical): dr_type=scaffold | maxent_boost=no_boost
sacrifice_obligation_kernel__performance_only_reading | default snare->snare  | vic=1 | fnl_routed=yes | seat_overrides=no | grade/sev=correction/moderate | probe_signature=agrees
    @agent_power(powerless): dr_type=snare | maxent_boost=no_boost
    @agent_power(moderate): dr_type=snare | maxent_boost=no_boost
    @agent_power(institutional): dr_type=scaffold | maxent_boost=no_boost
    @agent_power(analytical): dr_type=snare | maxent_boost=no_boost
shinbutsu_ontological_substrate__syncretic_fusion_reading | default scaffold->scaffold  | vic=1 | fnl_routed=yes | seat_overrides=no | grade/sev=correction/moderate | probe_signature=agrees
    @agent_power(powerless): dr_type=scaffold | maxent_boost=no_boost
    @agent_power(moderate): dr_type=scaffold | maxent_boost=no_boost
    @agent_power(institutional): dr_type=scaffold | maxent_boost=no_boost
    @agent_power(analytical): dr_type=scaffold | maxent_boost=no_boost
vaccine_mandate_balance__bodily_autonomy_primary | default snare->snare  | vic=1 | fnl_routed=yes | seat_overrides=no | grade/sev=correction/moderate | probe_signature=agrees
    @agent_power(powerless): dr_type=snare | maxent_boost=no_boost
    @agent_power(moderate): dr_type=snare | maxent_boost=no_boost
    @agent_power(institutional): dr_type=rope | maxent_boost=no_boost
    @agent_power(analytical): dr_type=snare | maxent_boost=no_boost
