== flash ==
OLD manifest: run_at=2026-07-03T20:28:32Z n=960 code=d248a6b dirty=True
NEW manifest: run_at=2026-07-03T20:31:18Z n=960 code=d248a6b dirty=True
n=960 | changed=39

acceptable_risk_for_energy__expected_value_dominant
  OLD claimed=rope|sig=false_ci_rope|base=yellow|join=yellow|cap=none|grade=correction|alerts=[signature_correction:moderate]|sheaf=genuine_sheaf|h1=0|diag=yellow|tensions=[dirac;maxent]
  NEW claimed=rope|sig=false_ci_rope|base=yellow|join=yellow|cap=none|grade=correction|alerts=[signature_correction:moderate]|sheaf=genuine_sheaf|h1=0|diag=yellow|tensions=[dirac]

article_9_war_renunciation__inherent_right_reading
  OLD claimed=tangled_rope|sig=false_ci_rope|base=green|join=green|cap=none|grade=commentary|alerts=[perspectival_incoherence:informational]|sheaf=manifest_presheaf|h1=2|diag=green|tensions=[]
  NEW claimed=tangled_rope|sig=false_ci_rope|base=yellow|join=yellow|cap=none|grade=commentary|alerts=[perspectival_incoherence:informational]|sheaf=manifest_presheaf|h1=2|diag=yellow|tensions=[maxent]

basic_law_interpretive_authority__popular_constitutionalism_reading
  OLD claimed=rope|sig=false_ci_rope|base=yellow|join=yellow|cap=none|grade=correction|alerts=[signature_correction:moderate]|sheaf=genuine_sheaf|h1=0|diag=yellow|tensions=[dirac;maxent]
  NEW claimed=rope|sig=false_ci_rope|base=yellow|join=yellow|cap=none|grade=correction|alerts=[signature_correction:moderate]|sheaf=genuine_sheaf|h1=0|diag=yellow|tensions=[dirac]

biblical_authority__sola_scriptura_reading
  OLD claimed=rope|sig=false_ci_rope|base=yellow|join=yellow|cap=none|grade=correction|alerts=[signature_correction:moderate]|sheaf=genuine_sheaf|h1=0|diag=yellow|tensions=[dirac;maxent]
  NEW claimed=rope|sig=false_ci_rope|base=yellow|join=yellow|cap=none|grade=correction|alerts=[signature_correction:moderate]|sheaf=genuine_sheaf|h1=0|diag=yellow|tensions=[dirac]

biblical_source_text__critical_reconstructive_reading
  OLD claimed=rope|sig=false_ci_rope|base=yellow|join=yellow|cap=none|grade=correction|alerts=[signature_correction:moderate]|sheaf=genuine_sheaf|h1=0|diag=yellow|tensions=[dirac;maxent]
  NEW claimed=rope|sig=false_ci_rope|base=yellow|join=yellow|cap=none|grade=correction|alerts=[signature_correction:moderate]|sheaf=genuine_sheaf|h1=0|diag=yellow|tensions=[dirac]

catastrophe_memory_function__survival_competence_reading
  OLD claimed=rope|sig=false_ci_rope|base=yellow|join=yellow|cap=none|grade=commentary|alerts=[signature_correction:informational]|sheaf=genuine_sheaf|h1=0|diag=yellow|tensions=[context_gap;dirac]
  NEW claimed=rope|sig=false_ci_rope|base=red|join=red|cap=none|grade=commentary|alerts=[signature_correction:informational]|sheaf=genuine_sheaf|h1=0|diag=red|tensions=[context_gap;dirac;maxent]

catastrophe_memory_transmission__operational_competence_reading
  OLD claimed=rope|sig=false_ci_rope|base=yellow|join=yellow|cap=none|grade=correction|alerts=[signature_correction:moderate]|sheaf=genuine_sheaf|h1=0|diag=yellow|tensions=[context_gap;dirac]
  NEW claimed=rope|sig=false_ci_rope|base=red|join=red|cap=none|grade=correction|alerts=[signature_correction:moderate]|sheaf=genuine_sheaf|h1=0|diag=red|tensions=[context_gap;dirac;maxent]

climate_mitigation_legitimacy__portfolio_pragmatism_reading
  OLD claimed=rope|sig=false_ci_rope|base=yellow|join=yellow|cap=none|grade=commentary|alerts=[signature_correction:informational]|sheaf=genuine_sheaf|h1=0|diag=yellow|tensions=[dirac;maxent]
  NEW claimed=rope|sig=false_ci_rope|base=yellow|join=yellow|cap=none|grade=commentary|alerts=[signature_correction:informational]|sheaf=genuine_sheaf|h1=0|diag=yellow|tensions=[dirac]

commerce_clause_text__originalist_narrow_reading
  OLD claimed=mountain|sig=false_natural_law|base=green|join=yellow|cap=moderate_alert|grade=correction|alerts=[signature_correction:moderate;type_1_false_summit:informational]|sheaf=genuine_sheaf|h1=0|diag=green|tensions=[]
  NEW claimed=mountain|sig=false_natural_law|base=yellow|join=yellow|cap=none|grade=correction|alerts=[signature_correction:moderate;type_1_false_summit:informational]|sheaf=genuine_sheaf|h1=0|diag=yellow|tensions=[maxent;signature]

commerce_clause_text__substantial_effects_limited_reading
  OLD claimed=rope|sig=false_ci_rope|base=green|join=green|cap=none|grade=commentary|alerts=[perspectival_incoherence:informational]|sheaf=manifest_presheaf|h1=2|diag=green|tensions=[]
  NEW claimed=rope|sig=false_ci_rope|base=yellow|join=yellow|cap=none|grade=commentary|alerts=[perspectival_incoherence:informational]|sheaf=manifest_presheaf|h1=2|diag=yellow|tensions=[maxent]

common_article_3_scope__icrc_customary_reading
  OLD claimed=rope|sig=false_ci_rope|base=yellow|join=yellow|cap=none|grade=commentary|alerts=[signature_correction:informational]|sheaf=genuine_sheaf|h1=0|diag=yellow|tensions=[dirac;maxent]
  NEW claimed=rope|sig=false_ci_rope|base=yellow|join=yellow|cap=none|grade=commentary|alerts=[signature_correction:informational]|sheaf=genuine_sheaf|h1=0|diag=yellow|tensions=[dirac]

competence_occupation__real_incident_necessity
  OLD claimed=mountain|sig=false_natural_law|base=green|join=yellow|cap=moderate_alert|grade=correction|alerts=[signature_correction:moderate;type_1_false_summit:informational]|sheaf=fragile_presheaf|h1=0|diag=green|tensions=[]
  NEW claimed=mountain|sig=false_natural_law|base=yellow|join=red|cap=severe_alert|grade=correction|alerts=[signature_correction:moderate;perspectival_incoherence:informational;type_1_false_summit:severe]|sheaf=manifest_presheaf|h1=3|diag=yellow|tensions=[signature]

constitutional_authority_boundary__parliamentary_primacy_reading
  OLD claimed=rope|sig=false_ci_rope|base=red|join=red|cap=none|grade=commentary|alerts=[perspectival_incoherence:informational]|sheaf=genuine_sheaf|h1=0|diag=red|tensions=[boltzmann;cohomology;maxent]
  NEW claimed=rope|sig=false_ci_rope|base=yellow|join=yellow|cap=none|grade=commentary|alerts=[perspectival_incoherence:informational]|sheaf=genuine_sheaf|h1=0|diag=yellow|tensions=[boltzmann;cohomology]

decalogue_image_prohibition__iconodule_reading
  OLD claimed=rope|sig=false_ci_rope|base=yellow|join=yellow|cap=none|grade=commentary|alerts=[signature_correction:informational]|sheaf=genuine_sheaf|h1=0|diag=yellow|tensions=[context_gap;dirac]
  NEW claimed=rope|sig=false_ci_rope|base=red|join=red|cap=none|grade=commentary|alerts=[signature_correction:informational]|sheaf=genuine_sheaf|h1=0|diag=red|tensions=[context_gap;dirac;maxent]

derivative_work_statutory_boundary__coordination_reading
  OLD claimed=rope|sig=false_ci_rope|base=yellow|join=yellow|cap=none|grade=correction|alerts=[signature_correction:moderate]|sheaf=genuine_sheaf|h1=0|diag=yellow|tensions=[context_gap;dirac]
  NEW claimed=rope|sig=false_ci_rope|base=red|join=red|cap=none|grade=correction|alerts=[signature_correction:moderate]|sheaf=genuine_sheaf|h1=0|diag=red|tensions=[context_gap;dirac;maxent]

exercise_as_competence_maintenance__simulation_sufficiency_reading
  OLD claimed=rope|sig=false_ci_rope|base=green|join=green|cap=none|grade=commentary|alerts=[perspectival_incoherence:informational]|sheaf=manifest_presheaf|h1=2|diag=green|tensions=[]
  NEW claimed=rope|sig=false_ci_rope|base=yellow|join=yellow|cap=none|grade=commentary|alerts=[perspectival_incoherence:informational]|sheaf=manifest_presheaf|h1=2|diag=yellow|tensions=[maxent]

feud_obligation_kernel__stateless_coordination_reading
  OLD claimed=rope|sig=false_ci_rope|base=red|join=red|cap=none|grade=commentary|alerts=[perspectival_incoherence:informational]|sheaf=genuine_sheaf|h1=0|diag=red|tensions=[boltzmann;cohomology;maxent]
  NEW claimed=rope|sig=false_ci_rope|base=yellow|join=yellow|cap=none|grade=commentary|alerts=[perspectival_incoherence:informational]|sheaf=genuine_sheaf|h1=0|diag=yellow|tensions=[boltzmann;cohomology]

hebrew_continuity__bridge_pidginized
  OLD claimed=rope|sig=false_ci_rope|base=yellow|join=yellow|cap=none|grade=commentary|alerts=[signature_correction:informational]|sheaf=genuine_sheaf|h1=0|diag=yellow|tensions=[dirac;maxent]
  NEW claimed=rope|sig=false_ci_rope|base=yellow|join=yellow|cap=none|grade=commentary|alerts=[signature_correction:informational]|sheaf=genuine_sheaf|h1=0|diag=yellow|tensions=[dirac]

hebrew_continuity__liturgical_preservation
  OLD claimed=rope|sig=false_ci_rope|base=red|join=red|cap=none|grade=correction|alerts=[signature_correction:moderate]|sheaf=genuine_sheaf|h1=0|diag=red|tensions=[context_gap;dirac;maxent]
  NEW claimed=rope|sig=false_ci_rope|base=yellow|join=yellow|cap=none|grade=correction|alerts=[signature_correction:moderate]|sheaf=genuine_sheaf|h1=0|diag=yellow|tensions=[dirac]

honor_satisfaction_substrate__practice_decline_reading
  OLD claimed=rope|sig=false_ci_rope|base=red|join=red|cap=none|grade=commentary|alerts=[perspectival_incoherence:informational]|sheaf=genuine_sheaf|h1=0|diag=red|tensions=[boltzmann;cohomology;maxent]
  NEW claimed=rope|sig=false_ci_rope|base=yellow|join=yellow|cap=none|grade=commentary|alerts=[perspectival_incoherence:informational]|sheaf=genuine_sheaf|h1=0|diag=yellow|tensions=[boltzmann;cohomology]

honor_settlement_legitimacy__composite_reading
  OLD claimed=mountain|sig=false_natural_law|base=green|join=yellow|cap=moderate_alert|grade=correction|alerts=[signature_correction:moderate;type_1_false_summit:informational]|sheaf=genuine_sheaf|h1=0|diag=green|tensions=[]
  NEW claimed=mountain|sig=false_natural_law|base=yellow|join=yellow|cap=none|grade=correction|alerts=[signature_correction:moderate;type_1_false_summit:informational]|sheaf=genuine_sheaf|h1=0|diag=yellow|tensions=[maxent;signature]

honor_violence_legitimacy__drop_reading
  OLD claimed=rope|sig=false_ci_rope|base=yellow|join=yellow|cap=none|grade=correction|alerts=[signature_correction:moderate]|sheaf=genuine_sheaf|h1=0|diag=yellow|tensions=[dirac;maxent]
  NEW claimed=rope|sig=false_ci_rope|base=yellow|join=yellow|cap=none|grade=correction|alerts=[signature_correction:moderate]|sheaf=genuine_sheaf|h1=0|diag=yellow|tensions=[dirac]

human_dignity_ai_safeguarding__autonomy_rights_reading
  OLD claimed=rope|sig=false_ci_rope|base=green|join=green|cap=none|grade=commentary|alerts=[perspectival_incoherence:informational]|sheaf=manifest_presheaf|h1=2|diag=green|tensions=[]
  NEW claimed=rope|sig=false_ci_rope|base=yellow|join=yellow|cap=none|grade=commentary|alerts=[perspectival_incoherence:informational]|sheaf=manifest_presheaf|h1=2|diag=yellow|tensions=[maxent]

income_support_commitment__freedom_floor_reading
  OLD claimed=rope|sig=false_ci_rope|base=yellow|join=yellow|cap=none|grade=commentary|alerts=[perspectival_incoherence:informational]|sheaf=genuine_sheaf|h1=0|diag=yellow|tensions=[cohomology;maxent]
  NEW claimed=rope|sig=false_ci_rope|base=yellow|join=yellow|cap=none|grade=commentary|alerts=[perspectival_incoherence:informational]|sheaf=genuine_sheaf|h1=0|diag=yellow|tensions=[cohomology]

jewish_territorial_claim__cultural_zionism_reading
  OLD claimed=rope|sig=false_ci_rope|base=yellow|join=yellow|cap=none|grade=commentary|alerts=[signature_correction:informational]|sheaf=genuine_sheaf|h1=0|diag=yellow|tensions=[dirac;maxent]
  NEW claimed=rope|sig=false_ci_rope|base=yellow|join=yellow|cap=none|grade=commentary|alerts=[signature_correction:informational]|sheaf=genuine_sheaf|h1=0|diag=yellow|tensions=[dirac]

magna_carta_clause_39__feudal_prerogative_reading
  OLD claimed=rope|sig=false_ci_rope|base=yellow|join=yellow|cap=none|grade=commentary|alerts=[perspectival_incoherence:informational]|sheaf=genuine_sheaf|h1=0|diag=yellow|tensions=[cohomology;maxent]
  NEW claimed=rope|sig=false_ci_rope|base=yellow|join=yellow|cap=none|grade=commentary|alerts=[perspectival_incoherence:informational]|sheaf=genuine_sheaf|h1=0|diag=yellow|tensions=[cohomology]

manifesto_revolutionary_method__council_communist_reading
  OLD claimed=rope|sig=false_ci_rope|base=red|join=red|cap=none|grade=commentary|alerts=[perspectival_incoherence:informational]|sheaf=genuine_sheaf|h1=0|diag=red|tensions=[boltzmann;cohomology;maxent]
  NEW claimed=rope|sig=false_ci_rope|base=yellow|join=yellow|cap=none|grade=commentary|alerts=[perspectival_incoherence:informational]|sheaf=genuine_sheaf|h1=0|diag=yellow|tensions=[boltzmann;cohomology]

monopoly_rulebook__extraction_demo_reading
  OLD claimed=mountain|sig=false_natural_law|base=green|join=yellow|cap=moderate_alert|grade=correction|alerts=[signature_correction:moderate;type_1_false_summit:informational]|sheaf=fragile_presheaf|h1=0|diag=green|tensions=[]
  NEW claimed=mountain|sig=false_natural_law|base=yellow|join=red|cap=severe_alert|grade=correction|alerts=[signature_correction:moderate;perspectival_incoherence:informational;type_1_false_summit:severe]|sheaf=manifest_presheaf|h1=3|diag=yellow|tensions=[signature]

performance_legitimacy__livelihood_security_reading
  OLD claimed=rope|sig=false_ci_rope|base=green|join=green|cap=none|grade=commentary|alerts=[perspectival_incoherence:informational]|sheaf=manifest_presheaf|h1=2|diag=green|tensions=[]
  NEW claimed=rope|sig=false_ci_rope|base=yellow|join=yellow|cap=none|grade=commentary|alerts=[perspectival_incoherence:informational]|sheaf=manifest_presheaf|h1=2|diag=yellow|tensions=[maxent]

quran_9_5_scope__contextual_defensive
  OLD claimed=rope|sig=false_ci_rope|base=yellow|join=yellow|cap=none|grade=correction|alerts=[signature_correction:moderate]|sheaf=genuine_sheaf|h1=0|diag=yellow|tensions=[context_gap;dirac]
  NEW claimed=rope|sig=false_ci_rope|base=red|join=red|cap=none|grade=correction|alerts=[signature_correction:moderate]|sheaf=genuine_sheaf|h1=0|diag=red|tensions=[context_gap;dirac;maxent]

reformation_event_boundary__composite_overdetermination_reading
  OLD claimed=mountain|sig=false_natural_law|base=green|join=yellow|cap=moderate_alert|grade=correction|alerts=[signature_correction:moderate;type_1_false_summit:informational]|sheaf=genuine_sheaf|h1=0|diag=green|tensions=[]
  NEW claimed=mountain|sig=false_natural_law|base=yellow|join=yellow|cap=none|grade=correction|alerts=[signature_correction:moderate;type_1_false_summit:informational]|sheaf=genuine_sheaf|h1=0|diag=yellow|tensions=[maxent;signature]

refugee_convention_text__procedural_integrity_reading
  OLD claimed=rope|sig=false_ci_rope|base=green|join=green|cap=none|grade=commentary|alerts=[perspectival_incoherence:informational]|sheaf=manifest_presheaf|h1=2|diag=green|tensions=[]
  NEW claimed=rope|sig=false_ci_rope|base=yellow|join=yellow|cap=none|grade=commentary|alerts=[perspectival_incoherence:informational]|sheaf=manifest_presheaf|h1=2|diag=yellow|tensions=[maxent]

rfc9293_tcp_specification__optimization_latitude_reading
  OLD claimed=rope|sig=false_ci_rope|base=yellow|join=yellow|cap=none|grade=correction|alerts=[signature_correction:moderate]|sheaf=genuine_sheaf|h1=0|diag=yellow|tensions=[context_gap;dirac]
  NEW claimed=rope|sig=false_ci_rope|base=red|join=red|cap=none|grade=correction|alerts=[signature_correction:moderate]|sheaf=genuine_sheaf|h1=0|diag=red|tensions=[context_gap;dirac;maxent]

sacrifice_obligation_kernel__performance_only_reading
  OLD claimed=mountain|sig=false_natural_law|base=green|join=yellow|cap=moderate_alert|grade=correction|alerts=[signature_correction:moderate;type_1_false_summit:informational]|sheaf=fragile_presheaf|h1=0|diag=green|tensions=[]
  NEW claimed=mountain|sig=false_natural_law|base=yellow|join=red|cap=severe_alert|grade=correction|alerts=[signature_correction:moderate;perspectival_incoherence:informational;type_1_false_summit:severe]|sheaf=manifest_presheaf|h1=3|diag=yellow|tensions=[signature]

shinbutsu_ontological_substrate__domain_partition_reading
  OLD claimed=rope|sig=false_ci_rope|base=yellow|join=yellow|cap=none|grade=correction|alerts=[signature_correction:moderate]|sheaf=genuine_sheaf|h1=0|diag=yellow|tensions=[context_gap;dirac]
  NEW claimed=rope|sig=false_ci_rope|base=red|join=red|cap=none|grade=correction|alerts=[signature_correction:moderate]|sheaf=genuine_sheaf|h1=0|diag=red|tensions=[context_gap;dirac;maxent]

shinbutsu_ontological_substrate__syncretic_fusion_reading
  OLD claimed=mountain|sig=false_natural_law|base=green|join=yellow|cap=moderate_alert|grade=correction|alerts=[signature_correction:moderate;type_1_false_summit:informational]|sheaf=genuine_sheaf|h1=0|diag=green|tensions=[]
  NEW claimed=mountain|sig=false_natural_law|base=yellow|join=yellow|cap=none|grade=correction|alerts=[signature_correction:moderate;type_1_false_summit:informational]|sheaf=genuine_sheaf|h1=0|diag=yellow|tensions=[maxent;signature]

software_source_status__utilitarian_hybrid_reading
  OLD claimed=rope|sig=false_ci_rope|base=yellow|join=yellow|cap=none|grade=commentary|alerts=[signature_correction:informational]|sheaf=genuine_sheaf|h1=0|diag=yellow|tensions=[dirac;maxent]
  NEW claimed=rope|sig=false_ci_rope|base=yellow|join=yellow|cap=none|grade=commentary|alerts=[signature_correction:informational]|sheaf=genuine_sheaf|h1=0|diag=yellow|tensions=[dirac]

vaccine_mandate_balance__bodily_autonomy_primary
  OLD claimed=mountain|sig=false_natural_law|base=yellow|join=yellow|cap=none|grade=correction|alerts=[signature_correction:moderate;type_1_false_summit:informational]|sheaf=fragile_presheaf|h1=0|diag=yellow|tensions=[drift]
  NEW claimed=mountain|sig=false_natural_law|base=yellow|join=red|cap=severe_alert|grade=correction|alerts=[signature_correction:moderate;perspectival_incoherence:informational;type_1_false_summit:severe]|sheaf=manifest_presheaf|h1=3|diag=yellow|tensions=[drift;signature]

vatican_ii_magisterial_authority__continuity_reading
  OLD claimed=rope|sig=false_ci_rope|base=green|join=green|cap=none|grade=commentary|alerts=[perspectival_incoherence:informational]|sheaf=manifest_presheaf|h1=2|diag=green|tensions=[]
  NEW claimed=rope|sig=false_ci_rope|base=yellow|join=yellow|cap=none|grade=commentary|alerts=[perspectival_incoherence:informational]|sheaf=manifest_presheaf|h1=2|diag=yellow|tensions=[maxent]
