== haiku_c1_vs_c2 ==
OLD manifest: run_at=2026-07-03T20:30:08Z n=960 code=d248a6b dirty=True
NEW manifest: run_at=2026-07-04T00:21:58Z n=960 code=4d902e9 dirty=True
n=960 | changed=9

article_51_self_defense__narrow_armed_attack_reading
  OLD claimed=mountain|sig=false_natural_law|base=red|join=red|cap=none|grade=commentary|alerts=[perspectival_incoherence:informational;type_1_false_summit:informational]|sheaf=genuine_sheaf|h1=0|diag=red|tensions=[boltzmann;cohomology;signature]
  NEW claimed=mountain|sig=false_natural_law|base=yellow|join=yellow|cap=none|grade=commentary|alerts=[perspectival_incoherence:informational;type_1_false_summit:informational]|sheaf=genuine_sheaf|h1=0|diag=yellow|tensions=[boltzmann;cohomology]

beta_designation_doctrine__severity_carve_out_reading
  OLD claimed=mountain|sig=false_natural_law|base=yellow|join=yellow|cap=none|grade=correction|alerts=[signature_correction:moderate;type_1_false_summit:informational]|sheaf=genuine_sheaf|h1=0|diag=yellow|tensions=[maxent;signature]
  NEW claimed=mountain|sig=false_natural_law|base=yellow|join=yellow|cap=none|grade=correction|alerts=[signature_correction:moderate;type_1_false_summit:informational]|sheaf=genuine_sheaf|h1=0|diag=yellow|tensions=[dirac;maxent]

first_amendment_speech_protection__absolutist_reading
  OLD claimed=mountain|sig=false_natural_law|base=yellow|join=red|cap=severe_alert|grade=correction|alerts=[signature_correction:moderate;perspectival_incoherence:informational;type_1_false_summit:severe]|sheaf=manifest_presheaf|h1=3|diag=yellow|tensions=[signature]
  NEW claimed=mountain|sig=false_natural_law|base=green|join=red|cap=severe_alert|grade=correction|alerts=[signature_correction:moderate;perspectival_incoherence:informational;type_1_false_summit:severe]|sheaf=manifest_presheaf|h1=3|diag=green|tensions=[]

magna_carta_1215__universal_rights_reading
  OLD claimed=mountain|sig=false_natural_law|base=yellow|join=yellow|cap=none|grade=correction|alerts=[signature_correction:moderate;type_1_false_summit:informational]|sheaf=genuine_sheaf|h1=0|diag=yellow|tensions=[maxent;signature]
  NEW claimed=mountain|sig=false_natural_law|base=yellow|join=yellow|cap=none|grade=correction|alerts=[signature_correction:moderate;type_1_false_summit:informational]|sheaf=genuine_sheaf|h1=0|diag=yellow|tensions=[dirac;maxent]

personhood_boundary__birth_threshold_reading
  OLD claimed=mountain|sig=false_natural_law|base=red|join=red|cap=none|grade=commentary|alerts=[perspectival_incoherence:informational;type_1_false_summit:informational]|sheaf=genuine_sheaf|h1=0|diag=red|tensions=[boltzmann;cohomology;signature]
  NEW claimed=mountain|sig=false_natural_law|base=yellow|join=yellow|cap=none|grade=commentary|alerts=[perspectival_incoherence:informational;type_1_false_summit:informational]|sheaf=genuine_sheaf|h1=0|diag=yellow|tensions=[boltzmann;cohomology]

quantum_formalism__copenhagen_reading
  OLD claimed=mountain|sig=false_natural_law|base=yellow|join=red|cap=severe_alert|grade=correction|alerts=[signature_correction:moderate;perspectival_incoherence:informational;type_1_false_summit:severe]|sheaf=manifest_presheaf|h1=3|diag=yellow|tensions=[signature]
  NEW claimed=mountain|sig=false_natural_law|base=green|join=red|cap=severe_alert|grade=correction|alerts=[signature_correction:moderate;perspectival_incoherence:informational;type_1_false_summit:severe]|sheaf=manifest_presheaf|h1=3|diag=green|tensions=[]

salic_prohibition__immutable_mandate_reading
  OLD claimed=mountain|sig=false_natural_law|base=yellow|join=red|cap=severe_alert|grade=correction|alerts=[signature_correction:moderate;perspectival_incoherence:informational;type_1_false_summit:severe]|sheaf=manifest_presheaf|h1=3|diag=yellow|tensions=[drift;signature]
  NEW claimed=mountain|sig=false_natural_law|base=yellow|join=red|cap=severe_alert|grade=correction|alerts=[signature_correction:moderate;perspectival_incoherence:informational;type_1_false_summit:severe]|sheaf=manifest_presheaf|h1=3|diag=yellow|tensions=[drift]

separation_of_powers_text__formalist_reading
  OLD claimed=mountain|sig=false_natural_law|base=yellow|join=red|cap=severe_alert|grade=correction|alerts=[signature_correction:moderate;perspectival_incoherence:informational;type_1_false_summit:severe]|sheaf=manifest_presheaf|h1=2|diag=yellow|tensions=[drift;signature]
  NEW claimed=mountain|sig=false_natural_law|base=yellow|join=red|cap=severe_alert|grade=correction|alerts=[signature_correction:moderate;perspectival_incoherence:informational;type_1_false_summit:severe]|sheaf=manifest_presheaf|h1=2|diag=yellow|tensions=[drift]

state_killing_authority__categorical_abolition
  OLD claimed=mountain|sig=false_natural_law|base=red|join=red|cap=none|grade=commentary|alerts=[perspectival_incoherence:informational;type_1_false_summit:informational]|sheaf=genuine_sheaf|h1=0|diag=red|tensions=[boltzmann;cohomology;signature]
  NEW claimed=mountain|sig=false_natural_law|base=yellow|join=yellow|cap=none|grade=commentary|alerts=[perspectival_incoherence:informational;type_1_false_summit:informational]|sheaf=genuine_sheaf|h1=0|diag=yellow|tensions=[boltzmann;cohomology]
