== flash_c1_vs_c2 ==
OLD manifest: run_at=2026-07-03T20:31:18Z n=960 code=d248a6b dirty=True
NEW manifest: run_at=2026-07-04T00:23:02Z n=960 code=4d902e9 dirty=True
n=960 | changed=8

commerce_clause_text__originalist_narrow_reading
  OLD claimed=mountain|sig=false_natural_law|base=yellow|join=yellow|cap=none|grade=correction|alerts=[signature_correction:moderate;type_1_false_summit:informational]|sheaf=genuine_sheaf|h1=0|diag=yellow|tensions=[maxent;signature]
  NEW claimed=mountain|sig=false_natural_law|base=yellow|join=yellow|cap=none|grade=correction|alerts=[signature_correction:moderate;type_1_false_summit:informational]|sheaf=genuine_sheaf|h1=0|diag=yellow|tensions=[dirac;maxent]

competence_occupation__real_incident_necessity
  OLD claimed=mountain|sig=false_natural_law|base=yellow|join=red|cap=severe_alert|grade=correction|alerts=[signature_correction:moderate;perspectival_incoherence:informational;type_1_false_summit:severe]|sheaf=manifest_presheaf|h1=3|diag=yellow|tensions=[signature]
  NEW claimed=mountain|sig=false_natural_law|base=green|join=red|cap=severe_alert|grade=correction|alerts=[signature_correction:moderate;perspectival_incoherence:informational;type_1_false_summit:severe]|sheaf=manifest_presheaf|h1=3|diag=green|tensions=[]

honor_settlement_legitimacy__composite_reading
  OLD claimed=mountain|sig=false_natural_law|base=yellow|join=yellow|cap=none|grade=correction|alerts=[signature_correction:moderate;type_1_false_summit:informational]|sheaf=genuine_sheaf|h1=0|diag=yellow|tensions=[maxent;signature]
  NEW claimed=mountain|sig=false_natural_law|base=yellow|join=yellow|cap=none|grade=correction|alerts=[signature_correction:moderate;type_1_false_summit:informational]|sheaf=genuine_sheaf|h1=0|diag=yellow|tensions=[dirac;maxent]

monopoly_rulebook__extraction_demo_reading
  OLD claimed=mountain|sig=false_natural_law|base=yellow|join=red|cap=severe_alert|grade=correction|alerts=[signature_correction:moderate;perspectival_incoherence:informational;type_1_false_summit:severe]|sheaf=manifest_presheaf|h1=3|diag=yellow|tensions=[signature]
  NEW claimed=mountain|sig=false_natural_law|base=green|join=red|cap=severe_alert|grade=correction|alerts=[signature_correction:moderate;perspectival_incoherence:informational;type_1_false_summit:severe]|sheaf=manifest_presheaf|h1=3|diag=green|tensions=[]

reformation_event_boundary__composite_overdetermination_reading
  OLD claimed=mountain|sig=false_natural_law|base=yellow|join=yellow|cap=none|grade=correction|alerts=[signature_correction:moderate;type_1_false_summit:informational]|sheaf=genuine_sheaf|h1=0|diag=yellow|tensions=[maxent;signature]
  NEW claimed=mountain|sig=false_natural_law|base=yellow|join=yellow|cap=none|grade=correction|alerts=[signature_correction:moderate;type_1_false_summit:informational]|sheaf=genuine_sheaf|h1=0|diag=yellow|tensions=[dirac;maxent]

sacrifice_obligation_kernel__performance_only_reading
  OLD claimed=mountain|sig=false_natural_law|base=yellow|join=red|cap=severe_alert|grade=correction|alerts=[signature_correction:moderate;perspectival_incoherence:informational;type_1_false_summit:severe]|sheaf=manifest_presheaf|h1=3|diag=yellow|tensions=[signature]
  NEW claimed=mountain|sig=false_natural_law|base=green|join=red|cap=severe_alert|grade=correction|alerts=[signature_correction:moderate;perspectival_incoherence:informational;type_1_false_summit:severe]|sheaf=manifest_presheaf|h1=3|diag=green|tensions=[]

shinbutsu_ontological_substrate__syncretic_fusion_reading
  OLD claimed=mountain|sig=false_natural_law|base=yellow|join=yellow|cap=none|grade=correction|alerts=[signature_correction:moderate;type_1_false_summit:informational]|sheaf=genuine_sheaf|h1=0|diag=yellow|tensions=[maxent;signature]
  NEW claimed=mountain|sig=false_natural_law|base=yellow|join=yellow|cap=none|grade=correction|alerts=[signature_correction:moderate;type_1_false_summit:informational]|sheaf=genuine_sheaf|h1=0|diag=yellow|tensions=[dirac;maxent]

vaccine_mandate_balance__bodily_autonomy_primary
  OLD claimed=mountain|sig=false_natural_law|base=yellow|join=red|cap=severe_alert|grade=correction|alerts=[signature_correction:moderate;perspectival_incoherence:informational;type_1_false_summit:severe]|sheaf=manifest_presheaf|h1=3|diag=yellow|tensions=[drift;signature]
  NEW claimed=mountain|sig=false_natural_law|base=yellow|join=red|cap=severe_alert|grade=correction|alerts=[signature_correction:moderate;perspectival_incoherence:informational;type_1_false_summit:severe]|sheaf=manifest_presheaf|h1=3|diag=yellow|tensions=[drift]
