=== testsets ABLATION ===

MODE: ABLATION (lever=1, legacy overwrite)
BOOST-CONTROL: architectural_pattern_validity sig=coupling_invariant_rope default-ctx boost=boosted (must be boosted)
testsets: 1 FNL cascade-winners
organization_floor_c0 | default unknown->unknown  | vic=3 | fnl_routed=no | seat_overrides=yes | grade/sev=commentary/none | probe_signature=disagrees(override_mismatch(false_natural_law,unknown))
    @agent_power(powerless): dr_type=unknown | maxent_boost=boosted
    @agent_power(moderate): dr_type=unknown | maxent_boost=boosted
    @agent_power(institutional): dr_type=tangled_rope | maxent_boost=boosted
    @agent_power(analytical): dr_type=unknown | maxent_boost=boosted
=== testsets_flash ABLATION ===

MODE: ABLATION (lever=1, legacy overwrite)
BOOST-CONTROL: ai_governance_legitimacy__market_libertarian_reading sig=coupling_invariant_rope default-ctx boost=boosted (must be boosted)
testsets_flash: 8 FNL cascade-winners
commerce_clause_text__originalist_narrow_reading | default scaffold->tangled_rope *CHANGED* | vic=3 | fnl_routed=no | seat_overrides=yes | grade/sev=correction/moderate | probe_signature=agrees_via_override(false_natural_law)
    @agent_power(powerless): dr_type=tangled_rope | maxent_boost=boosted
    @agent_power(moderate): dr_type=tangled_rope | maxent_boost=boosted
    @agent_power(institutional): dr_type=tangled_rope | maxent_boost=boosted
    @agent_power(analytical): dr_type=tangled_rope | maxent_boost=boosted
competence_occupation__real_incident_necessity | default snare->tangled_rope *CHANGED* | vic=2 | fnl_routed=no | seat_overrides=yes | grade/sev=correction/moderate | probe_signature=agrees_via_override(false_natural_law)
    @agent_power(powerless): dr_type=tangled_rope | maxent_boost=boosted
    @agent_power(moderate): dr_type=tangled_rope | maxent_boost=boosted
    @agent_power(institutional): dr_type=tangled_rope | maxent_boost=boosted
    @agent_power(analytical): dr_type=tangled_rope | maxent_boost=boosted
honor_settlement_legitimacy__composite_reading | default scaffold->tangled_rope *CHANGED* | vic=1 | fnl_routed=no | seat_overrides=yes | grade/sev=correction/moderate | probe_signature=agrees_via_override(false_natural_law)
    @agent_power(powerless): dr_type=tangled_rope | maxent_boost=boosted
    @agent_power(moderate): dr_type=tangled_rope | maxent_boost=boosted
    @agent_power(institutional): dr_type=tangled_rope | maxent_boost=boosted
    @agent_power(analytical): dr_type=tangled_rope | maxent_boost=boosted
monopoly_rulebook__extraction_demo_reading | default snare->tangled_rope *CHANGED* | vic=2 | fnl_routed=no | seat_overrides=yes | grade/sev=correction/moderate | probe_signature=agrees_via_override(false_natural_law)
