====================================================
====================================================
====================================================
===== testsets =====
CONTROL (uneven): endpoint=0.000505 lsq=-0.003491  DIFFER (comparator live)
base_extractiveness series (>=2 pts): 97
series where |endpoint - lsq| > 1e-6 : 86
max |endpoint - lsq| over corpus     : 0.001072
====================================================
====================================================
====================================================
===== testsets_haiku =====
CONTROL (uneven): endpoint=0.000505 lsq=-0.003491  DIFFER (comparator live)
base_extractiveness series (>=2 pts): 954
series where |endpoint - lsq| > 1e-6 : 890
max |endpoint - lsq| over corpus     : 0.005684
====================================================
====================================================
====================================================
===== testsets_flash =====
CONTROL (uneven): endpoint=0.000505 lsq=-0.003491  DIFFER (comparator live)
base_extractiveness series (>=2 pts): 949
series where |endpoint - lsq| > 1e-6 : 639
max |endpoint - lsq| over corpus     : 0.006667
