====================================================
====================================================
====================================================
===== testsets  Thresh=0.01 =====
CONTROL (uneven): endpoint=0.000505 faithful=-0.003491 DIFFER (comparator live)
serialized verdicts=14 examined=14  REALIZED-FLIPPED (Vf>=Thresh 0.01)=0
  max endpoint Ve among verdicts=0.006583   max faithful Vf=0.006745   (headroom to Thresh)
====================================================
====================================================
====================================================
===== testsets_haiku  Thresh=0.01 =====
CONTROL (uneven): endpoint=0.000505 faithful=-0.003491 DIFFER (comparator live)
serialized verdicts=169 examined=169  REALIZED-FLIPPED (Vf>=Thresh 0.01)=0
  max endpoint Ve among verdicts=0.008163   max faithful Vf=0.007851   (headroom to Thresh)
====================================================
====================================================
====================================================
===== testsets_flash  Thresh=0.01 =====
CONTROL (uneven): endpoint=0.000505 faithful=-0.003491 DIFFER (comparator live)
serialized verdicts=18 examined=18  REALIZED-FLIPPED (Vf>=Thresh 0.01)=0
  max endpoint Ve among verdicts=0.004357   max faithful Vf=0.004333   (headroom to Thresh)
