====================================================
====================================================
====================================================
===== testsets =====
CONTROL: endpoint Delta=0.0600 (increasing) vs LSQ-fit=-0.0920 (decreasing) -> FLIP detected (control live)
serialized scaffold_suppression_escalating verdicts: 14  examined=14  FLIPPED=0
====================================================
====================================================
====================================================
===== testsets_haiku =====
CONTROL: endpoint Delta=0.0600 (increasing) vs LSQ-fit=-0.0920 (decreasing) -> FLIP detected (control live)
  [FLIPPED] nicene_creed_authority__symbolic_confessional_reading  endpoint Delta=0.0800(increasing) LSQ-fit=0.0207(stable)
serialized scaffold_suppression_escalating verdicts: 52  examined=52  FLIPPED=1
====================================================
====================================================
====================================================
===== testsets_flash =====
CONTROL: endpoint Delta=0.0600 (increasing) vs LSQ-fit=-0.0920 (decreasing) -> FLIP detected (control live)
  [FLIPPED] basic_law_interpretive_authority__popular_constitutionalism_reading  endpoint Delta=0.0500(increasing) LSQ-fit=0.0440(stable)
  [FLIPPED] biblical_authority__sola_scriptura_reading  endpoint Delta=0.0500(increasing) LSQ-fit=0.0500(stable)
  [FLIPPED] biblical_source_text__critical_reconstructive_reading  endpoint Delta=0.0500(increasing) LSQ-fit=0.0500(stable)
  [FLIPPED] catastrophe_memory_function__mourning_practice_reading  endpoint Delta=0.0500(increasing) LSQ-fit=0.0480(stable)
  [FLIPPED] catastrophe_memory_transmission__hybrid_embedded_reading  endpoint Delta=0.0500(increasing) LSQ-fit=0.0440(stable)
  [FLIPPED] catastrophe_memory_transmission__operational_competence_reading  endpoint Delta=0.0500(increasing) LSQ-fit=0.0440(stable)
  [FLIPPED] climate_mitigation_legitimacy__portfolio_pragmatism_reading  endpoint Delta=0.0500(increasing) LSQ-fit=0.0480(stable)
  [FLIPPED] common_article_3_scope__icrc_customary_reading  endpoint Delta=0.0500(increasing) LSQ-fit=0.0500(stable)
  [FLIPPED] derivative_work_statutory_boundary__coordination_reading  endpoint Delta=0.0500(increasing) LSQ-fit=0.0476(stable)
  [FLIPPED] hebrew_linguistic_life__liturgical_preservation_reading  endpoint Delta=0.0500(increasing) LSQ-fit=0.0424(stable)
  [FLIPPED] kjv_text_1611__revisable_translation_reading  endpoint Delta=0.0500(increasing) LSQ-fit=0.0500(stable)
  [FLIPPED] legitimacy_of_practice_standardization__dual_practice_equilibrium_reading  endpoint Delta=0.0500(increasing) LSQ-fit=0.0491(stable)
  [FLIPPED] quantum_formalism__pilot_wave_reading  endpoint Delta=0.1000(increasing) LSQ-fit=0.0413(stable)
  [FLIPPED] quran_9_5_scope__contextual_defensive  endpoint Delta=0.0500(increasing) LSQ-fit=0.0480(stable)
  [FLIPPED] rfc9293_tcp_specification__optimization_latitude_reading  endpoint Delta=0.0500(increasing) LSQ-fit=0.0479(stable)
  [FLIPPED] shinbutsu_ontological_substrate__domain_partition_reading  endpoint Delta=0.0500(increasing) LSQ-fit=0.0500(stable)
  [FLIPPED] supermajority_threshold__consensus_safeguard_reading  endpoint Delta=0.0500(increasing) LSQ-fit=0.0469(stable)
serialized scaffold_suppression_escalating verdicts: 43  examined=43  FLIPPED=17
