########## DRAW 01 START 02:11:30 ##########
[close_gaps] 7 gap(s) to close: instrumentalist_reading, menu_curation_capture, omega_production_cost_asymmetry, positional_disagreement_as_evidence_flat_control, pragmatist_reading, proceduralist_reading, standpoint_reading
[generate] Generating constraint stories (unified backend)...
[generate] Wave 1: batch of 6 (omega_production_cost_asymmetry, standpoint_reading, pragmatist_reading, proceduralist_reading, instrumentalist_reading, positional_disagreement_as_evidence_flat_control)
  Batch msgbatch_017KWZ4xB9TayQUR6ffcJJJf: in_progress — succeeded=0, errored=0, processing=6
  Batch msgbatch_017KWZ4xB9TayQUR6ffcJJJf: in_progress — succeeded=0, errored=0, processing=6
  Batch msgbatch_017KWZ4xB9TayQUR6ffcJJJf: in_progress — succeeded=0, errored=0, processing=6
  Batch msgbatch_017KWZ4xB9TayQUR6ffcJJJf: in_progress — succeeded=0, errored=0, processing=6
  Batch msgbatch_017KWZ4xB9TayQUR6ffcJJJf: in_progress — succeeded=0, errored=0, processing=6
  Batch msgbatch_017KWZ4xB9TayQUR6ffcJJJf: in_progress — succeeded=0, errored=0, processing=6
  Batch msgbatch_017KWZ4xB9TayQUR6ffcJJJf: in_progress — succeeded=0, errored=0, processing=6
  Batch msgbatch_017KWZ4xB9TayQUR6ffcJJJf: in_progress — succeeded=0, errored=0, processing=6
  Batch msgbatch_017KWZ4xB9TayQUR6ffcJJJf: in_progress — succeeded=0, errored=0, processing=6
  Batch msgbatch_017KWZ4xB9TayQUR6ffcJJJf: in_progress — succeeded=0, errored=0, processing=6
  Batch msgbatch_017KWZ4xB9TayQUR6ffcJJJf: in_progress — succeeded=0, errored=0, processing=6
  Batch msgbatch_017KWZ4xB9TayQUR6ffcJJJf: in_progress — succeeded=0, errored=0, processing=6
  Batch msgbatch_017KWZ4xB9TayQUR6ffcJJJf: in_progress — succeeded=0, errored=0, processing=6
  Batch msgbatch_017KWZ4xB9TayQUR6ffcJJJf: in_progress — succeeded=0, errored=0, processing=6
  Batch msgbatch_017KWZ4xB9TayQUR6ffcJJJf: in_progress — succeeded=0, errored=0, processing=6
  Batch msgbatch_017KWZ4xB9TayQUR6ffcJJJf: in_progress — succeeded=0, errored=0, processing=6
  Batch msgbatch_017KWZ4xB9TayQUR6ffcJJJf: in_progress — succeeded=0, errored=0, processing=6
  Batch msgbatch_017KWZ4xB9TayQUR6ffcJJJf: in_progress — succeeded=0, errored=0, processing=6
  Batch msgbatch_017KWZ4xB9TayQUR6ffcJJJf: in_progress — succeeded=0, errored=0, processing=6
  Batch msgbatch_017KWZ4xB9TayQUR6ffcJJJf: in_progress — succeeded=0, errored=0, processing=6
  Batch msgbatch_017KWZ4xB9TayQUR6ffcJJJf: in_progress — succeeded=0, errored=0, processing=6
  Batch msgbatch_017KWZ4xB9TayQUR6ffcJJJf: in_progress — succeeded=0, errored=0, processing=6
  Batch msgbatch_017KWZ4xB9TayQUR6ffcJJJf: in_progress — succeeded=0, errored=0, processing=6
  Batch msgbatch_017KWZ4xB9TayQUR6ffcJJJf: in_progress — succeeded=0, errored=0, processing=6
  Batch msgbatch_017KWZ4xB9TayQUR6ffcJJJf: in_progress — succeeded=0, errored=0, processing=6
  Batch msgbatch_017KWZ4xB9TayQUR6ffcJJJf: in_progress — succeeded=0, errored=0, processing=6
  Batch msgbatch_017KWZ4xB9TayQUR6ffcJJJf: in_progress — succeeded=0, errored=0, processing=6
  Batch msgbatch_017KWZ4xB9TayQUR6ffcJJJf: ended — succeeded=6, errored=0, processing=0
  OK positional_disagreement_as_evidence_flat_control
    - MOUNTAIN_METRIC_CONFLICT: constraint_claim is mountain but suppression_score=0.1 exceeds the mountain suppression ceiling (0.05). Operator readout, NOT an authoring error to collapse: the authored mountain claim and the engine's metric-seat reading DIVERGE here — high authored suppression makes the metric seat read snare/rope/tangled_rope, and the false_natural_law signature routes to tangled_rope where Boltzmann non-compliance is present. These readings need not collapse to one true type (OQ-74 / seat theorem); the divergence is itself the authored signal the engine measures.
  OK omega_production_cost_asymmetry
  OK instrumentalist_reading
  OK proceduralist_reading
  OK standpoint_reading
  OK pragmatist_reading
[generate] Wave 2: batch of 1 (menu_curation_capture)
  Batch msgbatch_012gsaWxTz6qVejQGao2baeG: in_progress — succeeded=0, errored=0, processing=1
  Batch msgbatch_012gsaWxTz6qVejQGao2baeG: in_progress — succeeded=0, errored=0, processing=1
  Batch msgbatch_012gsaWxTz6qVejQGao2baeG: in_progress — succeeded=0, errored=0, processing=1
  Batch msgbatch_012gsaWxTz6qVejQGao2baeG: in_progress — succeeded=0, errored=0, processing=1
  Batch msgbatch_012gsaWxTz6qVejQGao2baeG: in_progress — succeeded=0, errored=0, processing=1
  Batch msgbatch_012gsaWxTz6qVejQGao2baeG: in_progress — succeeded=0, errored=0, processing=1
  Batch msgbatch_012gsaWxTz6qVejQGao2baeG: in_progress — succeeded=0, errored=0, processing=1
  Batch msgbatch_012gsaWxTz6qVejQGao2baeG: in_progress — succeeded=0, errored=0, processing=1
  Batch msgbatch_012gsaWxTz6qVejQGao2baeG: in_progress — succeeded=0, errored=0, processing=1
  Batch msgbatch_012gsaWxTz6qVejQGao2baeG: ended — succeeded=1, errored=0, processing=0
  OK menu_curation_capture
    0 UNRESOLVED edge(s) -> quarantine (reviewed disposition, OQ-58; no auto-write)
  Axiom contradictions: 2 pair(s) → positional_disagreement_as_evidence_contradictions.pl
[generate] Generated 7 stories via the unified backend (9506→50922 tokens).
########## DRAW 01 END 02:20:43 rc=0 ##########
########## DRAW 02 START 02:20:43 ##########
[close_gaps] 7 gap(s) to close: instrumentalist_reading, menu_curation_capture, omega_production_cost_asymmetry, positional_disagreement_as_evidence_flat_control, pragmatist_reading, proceduralist_reading, standpoint_reading
[generate] Generating constraint stories (unified backend)...
[generate] Wave 1: batch of 6 (omega_production_cost_asymmetry, standpoint_reading, pragmatist_reading, proceduralist_reading, instrumentalist_reading, positional_disagreement_as_evidence_flat_control)
  Batch msgbatch_01V6FtGxC259wnienUVstpXG: in_progress — succeeded=0, errored=0, processing=6
  Batch msgbatch_01V6FtGxC259wnienUVstpXG: in_progress — succeeded=0, errored=0, processing=6
  Batch msgbatch_01V6FtGxC259wnienUVstpXG: in_progress — succeeded=0, errored=0, processing=6
  Batch msgbatch_01V6FtGxC259wnienUVstpXG: in_progress — succeeded=0, errored=0, processing=6
  Batch msgbatch_01V6FtGxC259wnienUVstpXG: in_progress — succeeded=0, errored=0, processing=6
  Batch msgbatch_01V6FtGxC259wnienUVstpXG: in_progress — succeeded=0, errored=0, processing=6
  Batch msgbatch_01V6FtGxC259wnienUVstpXG: in_progress — succeeded=0, errored=0, processing=6
  Batch msgbatch_01V6FtGxC259wnienUVstpXG: in_progress — succeeded=0, errored=0, processing=6
  Batch msgbatch_01V6FtGxC259wnienUVstpXG: in_progress — succeeded=0, errored=0, processing=6
  Batch msgbatch_01V6FtGxC259wnienUVstpXG: in_progress — succeeded=0, errored=0, processing=6
  Batch msgbatch_01V6FtGxC259wnienUVstpXG: in_progress — succeeded=0, errored=0, processing=6
  Batch msgbatch_01V6FtGxC259wnienUVstpXG: in_progress — succeeded=0, errored=0, processing=6
  Batch msgbatch_01V6FtGxC259wnienUVstpXG: in_progress — succeeded=0, errored=0, processing=6
  Batch msgbatch_01V6FtGxC259wnienUVstpXG: ended — succeeded=6, errored=0, processing=0
  OK proceduralist_reading
  OK instrumentalist_reading
  OK positional_disagreement_as_evidence_flat_control
  OK pragmatist_reading
  OK standpoint_reading
    - MOUNTAIN_METRIC_CONFLICT: constraint_claim is mountain but base_extractiveness=0.61 exceeds the mountain threshold (0.25). Operator readout, NOT an authoring error to collapse: the authored mountain claim and the engine's metric-seat reading DIVERGE here — high authored ε makes the metric seat read snare/rope/tangled_rope, and the false_natural_law signature routes to tangled_rope where Boltzmann non-compliance is present. These readings need not collapse to one true type (OQ-74 / seat theorem); the divergence is itself the authored signal the engine measures.
    - MOUNTAIN_METRIC_CONFLICT: constraint_claim is mountain but suppression_score=0.35 exceeds the mountain suppression ceiling (0.05). Operator readout, NOT an authoring error to collapse: the authored mountain claim and the engine's metric-seat reading DIVERGE here — high authored suppression makes the metric seat read snare/rope/tangled_rope, and the false_natural_law signature routes to tangled_rope where Boltzmann non-compliance is present. These readings need not collapse to one true type (OQ-74 / seat theorem); the divergence is itself the authored signal the engine measures.
  OK omega_production_cost_asymmetry
[generate] Wave 2: batch of 1 (menu_curation_capture)
  Batch msgbatch_01RQFnnhmqJSxL6HHCDCW5MT: in_progress — succeeded=0, errored=0, processing=1
  Batch msgbatch_01RQFnnhmqJSxL6HHCDCW5MT: in_progress — succeeded=0, errored=0, processing=1
  Batch msgbatch_01RQFnnhmqJSxL6HHCDCW5MT: in_progress — succeeded=0, errored=0, processing=1
  Batch msgbatch_01RQFnnhmqJSxL6HHCDCW5MT: in_progress — succeeded=0, errored=0, processing=1
  Batch msgbatch_01RQFnnhmqJSxL6HHCDCW5MT: in_progress — succeeded=0, errored=0, processing=1
  Batch msgbatch_01RQFnnhmqJSxL6HHCDCW5MT: in_progress — succeeded=0, errored=0, processing=1
  Batch msgbatch_01RQFnnhmqJSxL6HHCDCW5MT: in_progress — succeeded=0, errored=0, processing=1
  Batch msgbatch_01RQFnnhmqJSxL6HHCDCW5MT: in_progress — succeeded=0, errored=0, processing=1
  Batch msgbatch_01RQFnnhmqJSxL6HHCDCW5MT: ended — succeeded=1, errored=0, processing=0
  FAIL menu_curation_capture: 1 error(s) after repair: ["'stakeholders' is a required property"]
    0 UNRESOLVED edge(s) -> quarantine (reviewed disposition, OQ-58; no auto-write)
  Axiom contradictions: 2 pair(s) → positional_disagreement_as_evidence_contradictions.pl
[generate] Failed (1): ['menu_curation_capture'] — recoverable via --manifest-file (gap retry)
[generate] Generated 6 stories via the unified backend (9506→52055 tokens).
########## DRAW 02 END 02:26:07 rc=0 ##########
########## DRAW 03 START 02:26:07 ##########
[close_gaps] 7 gap(s) to close: instrumentalist_reading, menu_curation_capture, omega_production_cost_asymmetry, positional_disagreement_as_evidence_flat_control, pragmatist_reading, proceduralist_reading, standpoint_reading
[generate] Generating constraint stories (unified backend)...
[generate] Wave 1: batch of 6 (omega_production_cost_asymmetry, standpoint_reading, pragmatist_reading, proceduralist_reading, instrumentalist_reading, positional_disagreement_as_evidence_flat_control)
  Batch msgbatch_014zHauVE5PhesT5mra8M4Fj: in_progress — succeeded=0, errored=0, processing=6
  Batch msgbatch_014zHauVE5PhesT5mra8M4Fj: in_progress — succeeded=0, errored=0, processing=6
  Batch msgbatch_014zHauVE5PhesT5mra8M4Fj: in_progress — succeeded=0, errored=0, processing=6
  Batch msgbatch_014zHauVE5PhesT5mra8M4Fj: in_progress — succeeded=0, errored=0, processing=6
  Batch msgbatch_014zHauVE5PhesT5mra8M4Fj: in_progress — succeeded=0, errored=0, processing=6
  Batch msgbatch_014zHauVE5PhesT5mra8M4Fj: in_progress — succeeded=0, errored=0, processing=6
  Batch msgbatch_014zHauVE5PhesT5mra8M4Fj: in_progress — succeeded=0, errored=0, processing=6
  Batch msgbatch_014zHauVE5PhesT5mra8M4Fj: in_progress — succeeded=0, errored=0, processing=6
  Batch msgbatch_014zHauVE5PhesT5mra8M4Fj: ended — succeeded=6, errored=0, processing=0
  FAIL proceduralist_reading: JSON parse — JSON_PARSE_ERROR: Extra data: line 158 column 4 (char 15718)
  OK pragmatist_reading
  OK instrumentalist_reading
  OK positional_disagreement_as_evidence_flat_control
  OK standpoint_reading
  OK omega_production_cost_asymmetry
[generate] Wave 2: batch of 1 (menu_curation_capture)
  Batch msgbatch_0117c56jY3R6Z6EmHfYwrieJ: in_progress — succeeded=0, errored=0, processing=1
  Batch msgbatch_0117c56jY3R6Z6EmHfYwrieJ: in_progress — succeeded=0, errored=0, processing=1
  Batch msgbatch_0117c56jY3R6Z6EmHfYwrieJ: in_progress — succeeded=0, errored=0, processing=1
  Batch msgbatch_0117c56jY3R6Z6EmHfYwrieJ: in_progress — succeeded=0, errored=0, processing=1
  Batch msgbatch_0117c56jY3R6Z6EmHfYwrieJ: in_progress — succeeded=0, errored=0, processing=1
  Batch msgbatch_0117c56jY3R6Z6EmHfYwrieJ: in_progress — succeeded=0, errored=0, processing=1
  Batch msgbatch_0117c56jY3R6Z6EmHfYwrieJ: in_progress — succeeded=0, errored=0, processing=1
  Batch msgbatch_0117c56jY3R6Z6EmHfYwrieJ: in_progress — succeeded=0, errored=0, processing=1
  Batch msgbatch_0117c56jY3R6Z6EmHfYwrieJ: in_progress — succeeded=0, errored=0, processing=1
  Batch msgbatch_0117c56jY3R6Z6EmHfYwrieJ: ended — succeeded=1, errored=0, processing=0
  OK menu_curation_capture
    3 UNRESOLVED edge(s) -> quarantine (reviewed disposition, OQ-58; no auto-write)
  Axiom contradictions: 1 pair(s) → positional_disagreement_as_evidence_contradictions.pl
[generate] Failed (1): ['proceduralist_reading'] — recoverable via --manifest-file (gap retry)
[generate] Generated 6 stories via the unified backend (9506→47756 tokens).
########## DRAW 03 END 02:30:31 rc=0 ##########

[exited with code 0]
