
====================================================
   STRUCTURAL ANALYSIS STACK INITIALIZED             
====================================================
Control:    Scenario Manager Active
Usage:      run_scenario('file.pl', interval_id).
====================================================
CORPUS_CONSTRAINT=1106
NONTRIVIAL_CHAINS=833
UPWARD_RUNS=30
  UPWARD anthropological_record__indigenous_epistemology_reading : snare-tangled_rope
  UPWARD biblical_divine_nature__unitarian_reading : snare-tangled_rope
  UPWARD catastrophe_memory_survival__symbol_survival_reading : piton-tangled_rope
  UPWARD creed_381_pneumatology__filioque_reading : snare-tangled_rope
  UPWARD decalogue_image_prohibition__iconoclast_reading : snare-tangled_rope
  UPWARD developing_nation_debt_sustainability : snare-tangled_rope
  UPWARD equality_clause_scope__progressive_textualist : snare-tangled_rope
  UPWARD equality_clause_scope__restrictive_originalist : snare-tangled_rope
  UPWARD federation_membership_obligations__member_sovereignty_primary : snare-tangled_rope
  UPWARD gita_kurukshetra_discourse__universalist_devotional_reading : snare-tangled_rope
  UPWARD global_oil_supply_stability : snare-tangled_rope
  UPWARD hebrew_living_language__native_vernacular_reading : snare-tangled_rope
  UPWARD herem_command_dt7__contextual_supersession_reading : snare-tangled_rope
  UPWARD historical_treaty_substrate__nation_to_nation_reading : snare-tangled_rope
  UPWARD historical_treaty_substrate__stewardship_reading : snare-tangled_rope
  UPWARD homoousios_christology__arian_reading : snare-tangled_rope
  UPWARD homoousios_christology__arian_reading : tangled_rope-rope
  UPWARD irish_language_suppression : snare-tangled_rope
  UPWARD jati_practice_norm__colonial_census_reading : snare-tangled_rope
  UPWARD kjv_text_1611__functional_equivalence_reading : snare-tangled_rope
  UPWARD magna_carta_1215__universal_rights_reading : snare-tangled_rope
  UPWARD monopoly_rulebook__extraction_demo_reading : snare-tangled_rope
  UPWARD quran_ontological_status__state_enforced_creation_reading : snare-tangled_rope
  UPWARD reformation_event_boundary__political_swap_reading : snare-tangled_rope
  UPWARD roman_tax_collection_system : snare-tangled_rope
  UPWARD state_commitment_installation_mechanism__exogenous_imposition_reading : snare-tangled_rope
  UPWARD treaty_authority_cession__rangatiratanga_retention_reading : snare-tangled_rope
  UPWARD versailles_reparations_clauses__punitive_liability_reading : snare-tangled_rope
  UPWARD versailles_reparations_clauses__punitive_liability_reading : tangled_rope-rope
  UPWARD waitangi_sovereignty_allocation__partnership_reading : snare-tangled_rope
