
====================================================
   STRUCTURAL ANALYSIS STACK INITIALIZED             
====================================================
Control:    Scenario Manager Active
Usage:      run_scenario('file.pl', interval_id).
====================================================

=== neutron_star_bombardment_reading ===
  claim=mountain  eps(extractiveness)=0.12
  metric_type=scaffold  dr_type=scaffold
  signatures=[false_ci_rope]  fcr_routed=yes
  signature_grade=commentary  signature_severity=informational
  boltzmann=compliant(0)  excess_extraction=0.09999999999999999
  base_verdict=yellow  join_verdict=yellow (base_in_join=yellow) cap=none sig_grade=commentary
  grid_prov=grid_prov(0,0,0,32,32)
  alerts=[alert(signature_correction,informational,signature_grade),alert(type_1_false_summit,informational,claim_mismatch)]

=== superheavy_decay_reading ===
  claim=rope  eps(extractiveness)=0.68
  metric_type=unknown  dr_type=unknown
  signatures=[false_ci_rope]  fcr_routed=no
  signature_grade=commentary  signature_severity=none
  boltzmann=non_compliant(0.75,0.25)  excess_extraction=0.66
  base_verdict=err  join_verdict=err (base_in_join=err) cap=err sig_grade=err
  grid_prov=err
  alerts=err
