
====================================================
====================================================
====================================================
=== C-ARM FIRST LIVE DECISIONS (all 5 perspectives-free; named pair inspected individually) ===
adjunctification_of_university_teaching_c0: claim=snare eps=0.78 chain=chain_false exclusion=not_listed -> GUARD: examined
demographic_skill_mismatch_c0: claim=mountain eps=0.18 chain=chain_true exclusion=not_listed -> GUARD: protected
institutional_trust_erosion_c0: claim=mountain eps=0.68 chain=chain_false exclusion=oq114_substantive_dissent -> GUARD: examined
organization_floor_c0: claim=mountain eps=0.42 chain=chain_false exclusion=not_listed -> GUARD: examined
scale_ceiling_c0: claim=mountain eps=0.18 chain=chain_false exclusion=not_listed -> GUARD: examined
=== trust_erosion_c0 exclusion witness: chain verdict vs guard outcome above ===
=== trio re-measure (falsifier): does the NL trio separate on cohort zero? ===
  adjunctification_of_university_teaching_c0: emerges_naturally=no AC=0.48 resistance=0.71
  demographic_skill_mismatch_c0: emerges_naturally=yes AC=0.88 resistance=0.08
  institutional_trust_erosion_c0: emerges_naturally=yes AC=0.71 resistance=0.58
  organization_floor_c0: emerges_naturally=yes AC=0.78 resistance=0.31
  scale_ceiling_c0: emerges_naturally=yes AC=0.82 resistance=0.15
=== corroborated_zombie watch (first-live-exercise flag) ===
  adjunctification_of_university_teaching_c0: authored_zombie_uncorroborated
  demographic_skill_mismatch_c0: neither
  institutional_trust_erosion_c0: neither
  organization_floor_c0: neither
  scale_ceiling_c0: neither
