submitting batch of 15 requests...
batch created: msgbatch_01UbfPq13BcHgJKxcsqK549i
  Batch msgbatch_01UbfPq13BcHgJKxcsqK549i: in_progress — succeeded=0, errored=0, processing=15
  Batch msgbatch_01UbfPq13BcHgJKxcsqK549i: in_progress — succeeded=0, errored=0, processing=15
  Batch msgbatch_01UbfPq13BcHgJKxcsqK549i: in_progress — succeeded=0, errored=0, processing=15
  Batch msgbatch_01UbfPq13BcHgJKxcsqK549i: in_progress — succeeded=0, errored=0, processing=15
  Batch msgbatch_01UbfPq13BcHgJKxcsqK549i: ended — succeeded=15, errored=0, processing=0
OK qwerty_path_naturalization_d3
OK printing_press_reformation_d1
OK free_market_naturalization_d3
OK total_war_unthinkability_d3
OK qwerty_path_naturalization_d1
OK total_war_unthinkability_d2
OK zero_as_number_d3
OK total_war_unthinkability_d1
OK free_market_naturalization_d2
OK zero_as_number_d1
OK printing_press_reformation_d2
OK zero_as_number_d2
OK free_market_naturalization_d1
OK qwerty_path_naturalization_d2
OK printing_press_reformation_d3

done: 15/15 ok, 0 failed. draws in /home/scott/bin/wt-oq109-spend/audits/2026-06-12_cohort_zero/replicates
