
====================================================
   STRUCTURAL ANALYSIS STACK INITIALIZED             
====================================================
Control:    Scenario Manager Active
Usage:      run_scenario('file.pl', interval_id).
====================================================
ARCHIVE kernel_v1 — inspecting ALL _ C-only stories

## animal_moral_status__property_reading
  authored seats: [analytical-mountain,institutional-mountain,powerful-mountain,powerful-rope,powerless-snare]
  metric-level types (pre-signature): [powerless/biographical/trapped/local-mountain,moderate/biographical/mobile/national-scaffold,institutional/generational/arbitrage/national-scaffold,analytical/civilizational/analytical/global-mountain]
  suppression: 0.02 (below snare floor 0.6)
  beneficiaries: 2 [property_owners,resource_users] | theater_ratio: 0.15 | eps: 0.08

## dark_matter_structure_formation_timeline
  authored seats: [analytical-mountain,analytical-rope,institutional-mountain,moderate-mountain,powerful-mountain]
  metric-level types (pre-signature): [powerless/biographical/trapped/local-mountain,moderate/biographical/mobile/national-rope,institutional/generational/arbitrage/national-rope,analytical/civilizational/analytical/global-mountain]
  suppression: 0.03 (below snare floor 0.6)
  beneficiaries: 0 [] | theater_ratio: 0.15 | eps: 0.12

## humane_treatment_standard__absolute_prohibition
  authored seats: [analytical-mountain,institutional-mountain,institutional-tangled_rope,powerless-mountain]
  metric-level types (pre-signature): [powerless/biographical/trapped/local-mountain,moderate/biographical/mobile/national-scaffold,institutional/generational/arbitrage/national-scaffold,analytical/civilizational/analytical/global-mountain]
  suppression: 0.02 (below snare floor 0.6)
  beneficiaries: 2 [detainees_under_armed_conflict,international_humanitarian_law_framework] | theater_ratio: 0.15 | eps: 0.08

## microscopy_color_bottleneck
  authored seats: [analytical-mountain,organized-rope,powerful-mountain,powerless-mountain]
  metric-level types (pre-signature): [powerless/biographical/trapped/local-mountain,moderate/biographical/mobile/national-rope,institutional/generational/arbitrage/national-rope,analytical/civilizational/analytical/global-mountain]
  suppression: 0.04 (below snare floor 0.6)
  beneficiaries: 0 [] | theater_ratio: 0.12 | eps: 0.18

## papal_temporal_authority_mountain
  authored seats: [analytical-mountain,analytical-rope,institutional-mountain,powerless-mountain]
  metric-level types (pre-signature): [powerless/biographical/trapped/local-mountain,moderate/biographical/mobile/national-scaffold,institutional/generational/arbitrage/national-scaffold,analytical/civilizational/analytical/global-mountain]
  suppression: 0.04 (below snare floor 0.6)
  beneficiaries: 2 [catholic_church_institutional_authority,iberian_crowns] | theater_ratio: 0.35 | eps: 0.18

## qwerty_persistence_inevitability__path_dependency_reading
  authored seats: [analytical-mountain,institutional-mountain,moderate-mountain,organized-rope,powerful-mountain]
  metric-level types (pre-signature): [powerless/biographical/trapped/local-mountain,moderate/biographical/mobile/national-rope,institutional/generational/arbitrage/national-rope,analytical/civilizational/analytical/global-mountain]
  suppression: 0.02 (below snare floor 0.6)
  beneficiaries: 0 [] | theater_ratio: 0.15 | eps: 0.08

## reformation_composite__technological_mediation_reading
  authored seats: [analytical-mountain,institutional-mountain,institutional-rope,organized-rope,powerless-mountain]
  metric-level types (pre-signature): [powerless/biographical/trapped/local-mountain,moderate/biographical/mobile/national-scaffold,institutional/generational/arbitrage/national-scaffold,analytical/civilizational/analytical/global-mountain]
  suppression: 0.02 (below snare floor 0.6)
  beneficiaries: 3 [literate_urban_merchant_class,printing_industry,protestant_reformers] | theater_ratio: 0.15 | eps: 0.08

## statutory_debt_ceiling__constitutional_nullity_reading
  authored seats: [analytical-mountain,institutional-piton,powerful-mountain]
  metric-level types (pre-signature): [powerless/biographical/trapped/local-mountain,moderate/biographical/mobile/national-rope,institutional/generational/arbitrage/national-rope,analytical/civilizational/analytical/global-mountain]
  suppression: 0.0 (below snare floor 0.6)
  beneficiaries: 1 [constitutional_supremacy_doctrine] | theater_ratio: 0.95 | eps: 0.0

## topological_invariant_universality
  authored seats: [analytical-mountain,analytical-rope,institutional-mountain,organized-mountain,powerless-mountain]
  metric-level types (pre-signature): [powerless/biographical/trapped/local-mountain,moderate/biographical/mobile/national-rope,institutional/generational/arbitrage/national-rope,analytical/civilizational/analytical/global-mountain]
  suppression: 0.03 (below snare floor 0.6)
  beneficiaries: 0 [] | theater_ratio: 0.08 | eps: 0.12

RIDER (beneficiary co-occurrence among C-certified): both-cell 7/32 declare beneficiaries; C-only 5/9 declare beneficiaries
