
====================================================
   STRUCTURAL ANALYSIS STACK INITIALIZED             
====================================================
Control:    Scenario Manager Active
Usage:      run_scenario('file.pl', interval_id).
====================================================
ARCHIVE original_v6 — inspecting ALL _ C-only stories

## age_related_capacity_erosion
  authored seats: [analytical-mountain,institutional-rope,moderate-mountain,organized-scaffold,organized-tangled_rope,powerless-mountain]
  metric-level types (pre-signature): [powerless/biographical/trapped/local-mountain,moderate/biographical/mobile/national-scaffold,institutional/generational/arbitrage/national-scaffold,analytical/civilizational/analytical/global-mountain]
  suppression: 0.03 (below snare floor 0.6)
  beneficiaries: 3 [age_management_clinics,fitness_industry,pharmaceutical_companies] | theater_ratio: 0.15 | eps: 0.08

## axiom_of_choice_dependency
  authored seats: [analytical-mountain,institutional-mountain,moderate-rope,powerful-mountain,powerful-piton]
  metric-level types (pre-signature): [powerless/biographical/trapped/local-mountain,moderate/biographical/mobile/national-rope,institutional/generational/arbitrage/national-rope,analytical/civilizational/analytical/global-mountain]
  suppression: 0.03 (below snare floor 0.6)
  beneficiaries: 0 [] | theater_ratio: 0.15 | eps: 0.12

## axiom_of_choice_determinacy
  authored seats: [analytical-mountain,institutional-rope,moderate-mountain,powerful-mountain]
  metric-level types (pre-signature): [powerless/biographical/trapped/local-mountain,moderate/biographical/mobile/national-rope,institutional/generational/arbitrage/national-rope,analytical/civilizational/analytical/global-mountain]
  suppression: 0.03 (below snare floor 0.6)
  beneficiaries: 0 [] | theater_ratio: 0.15 | eps: 0.12

## boltzmann_universality_2026
  authored seats: [analytical-mountain,institutional-mountain,organized-rope,powerful-mountain,powerless-mountain]
  metric-level types (pre-signature): [powerless/biographical/trapped/local-mountain,moderate/biographical/mobile/national-rope,institutional/generational/arbitrage/national-rope,analytical/civilizational/analytical/global-mountain]
  suppression: 0.03 (below snare floor 0.6)
  beneficiaries: 0 [] | theater_ratio: 0.15 | eps: 0.12

## deep_earth_hydrogen_availability
  authored seats: [analytical-mountain,institutional-rope,organized-mountain,powerless-mountain]
  metric-level types (pre-signature): [powerless/biographical/trapped/local-mountain,moderate/biographical/mobile/national-rope,institutional/generational/arbitrage/national-rope,analytical/civilizational/analytical/global-mountain]
  suppression: 0.03 (below snare floor 0.6)
  beneficiaries: 0 [] | theater_ratio: 0.15 | eps: 0.18

## ecological_carrying_capacity
  authored seats: [analytical-mountain,institutional-tangled_rope,organized-mountain,powerful-mountain,powerless-mountain]
  metric-level types (pre-signature): [powerless/biographical/trapped/local-mountain,moderate/biographical/mobile/national-rope,institutional/generational/arbitrage/national-rope,analytical/civilizational/analytical/global-mountain]
  suppression: 0.03 (below snare floor 0.6)
  beneficiaries: 0 [] | theater_ratio: 0.12 | eps: 0.18

## erasure_before_celebration
  authored seats: [analytical-mountain,institutional-mountain,organized-snare,powerless-mountain]
  metric-level types (pre-signature): [powerless/biographical/trapped/local-mountain,moderate/biographical/mobile/national-scaffold,institutional/generational/arbitrage/national-scaffold,analytical/civilizational/analytical/global-mountain]
  suppression: 0.03 (below snare floor 0.6)
  beneficiaries: 2 [dominant_cultural_institutions,mainstream_commercial_interests] | theater_ratio: 0.15 | eps: 0.08

## euclidean_geometry_axioms
  authored seats: [analytical-mountain,analytical-rope,institutional-mountain,moderate-mountain,powerless-mountain]
  metric-level types (pre-signature): [powerless/biographical/trapped/local-mountain,moderate/biographical/mobile/national-rope,institutional/generational/arbitrage/national-rope,analytical/civilizational/analytical/global-mountain]
  suppression: 0.03 (below snare floor 0.6)
  beneficiaries: 0 [] | theater_ratio: 0.15 | eps: 0.12

## gilgamesh_mortality_limit
  authored seats: [analytical-mountain,institutional-piton,institutional-rope,organized-mountain,powerless-mountain]
  metric-level types (pre-signature): [powerless/biographical/trapped/local-mountain,moderate/biographical/mobile/national-rope,institutional/generational/arbitrage/national-rope,analytical/civilizational/analytical/global-mountain]
  suppression: 0.02 (below snare floor 0.6)
  beneficiaries: 0 [] | theater_ratio: 0.15 | eps: 0.08

## introspective_access_limits
  authored seats: [analytical-mountain,institutional-mountain,institutional-rope,moderate-mountain,organized-mountain,powerless-mountain]
  metric-level types (pre-signature): [powerless/biographical/trapped/local-mountain,moderate/biographical/mobile/national-scaffold,institutional/generational/arbitrage/national-scaffold,analytical/civilizational/analytical/global-mountain]
  suppression: 0.02 (below snare floor 0.6)
  beneficiaries: 1 [avoidance_rationalizers] | theater_ratio: 0.15 | eps: 0.08

## marginal_product_of_capital_collapse
  authored seats: [analytical-mountain,institutional-rope,moderate-mountain,organized-tangled_rope,powerless-mountain]
  metric-level types (pre-signature): [powerless/biographical/trapped/local-mountain,moderate/biographical/mobile/national-scaffold,institutional/generational/arbitrage/national-scaffold,analytical/civilizational/analytical/global-mountain]
  suppression: 0.03 (below snare floor 0.6)
  beneficiaries: 3 [capital_goods_exporters,construction_sector_incumbents,development_finance_institutions] | theater_ratio: 0.15 | eps: 0.08

## physical_airgap_authenticity
  authored seats: [analytical-mountain,institutional-mountain,institutional-rope,moderate-mountain,powerless-mountain]
  metric-level types (pre-signature): [powerless/biographical/trapped/local-mountain,moderate/biographical/mobile/national-scaffold,institutional/generational/arbitrage/national-scaffold,analytical/civilizational/analytical/global-mountain]
  suppression: 0.03 (below snare floor 0.6)
  beneficiaries: 3 [airgap_hardware_vendors,compliance_frameworks,security_auditors] | theater_ratio: 0.15 | eps: 0.08

## physician_call_reluctance
  authored seats: [analytical-tangled_rope,institutional-rope,moderate-mountain,powerless-mountain]
  metric-level types (pre-signature): [powerless/biographical/trapped/local-mountain,moderate/biographical/mobile/national-scaffold,institutional/generational/arbitrage/national-scaffold,analytical/civilizational/analytical/global-mountain]
  suppression: 0.03 (below snare floor 0.6)
  beneficiaries: 2 [hospital_administration,physicians] | theater_ratio: 0.15 | eps: 0.08

## prisoners_dilemma_equilibrium
  authored seats: [analytical-mountain,institutional-scaffold,organized-rope,powerful-mountain,powerless-mountain]
  metric-level types (pre-signature): [powerless/biographical/trapped/local-mountain,moderate/biographical/mobile/national-rope,institutional/generational/arbitrage/national-rope,analytical/civilizational/analytical/global-mountain]
  suppression: 0.03 (below snare floor 0.6)
  beneficiaries: 0 [] | theater_ratio: 0.15 | eps: 0.08

## spacetime_realism
  authored seats: [analytical-mountain,analytical-snare,analytical-tangled_rope,institutional-piton,moderate-mountain,powerful-rope,powerless-mountain]
  metric-level types (pre-signature): [powerless/biographical/trapped/local-mountain,moderate/biographical/mobile/national-rope,institutional/generational/arbitrage/national-rope,analytical/civilizational/analytical/global-mountain]
  suppression: 0.02 (below snare floor 0.6)
  beneficiaries: 0 [] | theater_ratio: 0.15 | eps: 0.08

## sts86_ascent_checklist
  authored seats: [institutional-mountain,institutional-rope,organized-mountain,powerless-mountain]
  metric-level types (pre-signature): [powerless/biographical/trapped/local-mountain,moderate/biographical/mobile/national-rope,institutional/generational/arbitrage/national-rope,analytical/civilizational/analytical/global-mountain]
  suppression: 0.02 (below snare floor 0.6)
  beneficiaries: 0 [] | theater_ratio: 0.15 | eps: 0.08

## thai_article_112_mountain
  authored seats: [analytical-mountain,institutional-mountain,organized-mountain,powerless-snare]
  metric-level types (pre-signature): [powerless/biographical/trapped/local-mountain,moderate/biographical/mobile/national-rope,institutional/generational/arbitrage/national-rope,analytical/civilizational/analytical/global-mountain]
  suppression: 0.04 (below snare floor 0.6)
  beneficiaries: 0 [] | theater_ratio: 0.15 | eps: 0.18

## ulysses_chp14
  authored seats: [analytical-mountain,analytical-rope,institutional-mountain,moderate-mountain,powerless-mountain]
  metric-level types (pre-signature): [powerless/biographical/trapped/local-mountain,moderate/biographical/mobile/national-rope,institutional/generational/arbitrage/national-rope,analytical/civilizational/analytical/global-mountain]
  suppression: 0.04 (below snare floor 0.6)
  beneficiaries: 0 [] | theater_ratio: 0.15 | eps: 0.18

## yoneda_lemma
  authored seats: [analytical-mountain,institutional-mountain,moderate-mountain,powerful-rope]
  metric-level types (pre-signature): [powerless/biographical/trapped/local-mountain,moderate/biographical/mobile/national-rope,institutional/generational/arbitrage/national-rope,analytical/civilizational/analytical/global-mountain]
  suppression: 0.03 (below snare floor 0.6)
  beneficiaries: 0 [] | theater_ratio: 0.15 | eps: 0.12

RIDER (beneficiary co-occurrence among C-certified): both-cell 12/411 declare beneficiaries; C-only 6/19 declare beneficiaries
