Warning: /home/scott/bin/structural_dynamics_model/prolog/constraint_instances.pl:152:
Warning:    Local definition of drl_core:base_extractiveness/2 overrides weak import from constraint_data
Warning: /home/scott/bin/structural_dynamics_model/prolog/constraint_instances.pl:153:
Warning:    Local definition of drl_core:suppression_score/2 overrides weak import from constraint_data
Warning: /home/scott/bin/structural_dynamics_model/prolog/arakelov_height.pl:35:
Warning:    import/1: measurement_layer:wasserstein_contexts/1 is not exported (still imported into arakelov_height)

====================================================
   STRUCTURAL ANALYSIS STACK INITIALIZED             
====================================================
Control:    Scenario Manager Active
Usage:      run_scenario('file.pl', interval_id).
====================================================
% Start unit: coexists_fpn_canary
% [1/5] coexists_fpn_cana..rol_fact_level_leak ...... passed (0.003 sec)
% [2/5] coexists_fpn_cana..ontrol_equal_purity ...... passed (0.388 sec)
% [3/5] coexists_fpn_cana..trol_sentinel_donor ...... passed (0.180 sec)
% [4/5] coexists_fpn_cana..ed_relation_no_edge ...... passed (0.001 sec)
% [5/5] coexists_fpn_cana..ak_on_loaded_corpus ...... passed (0.209 sec)
% End unit coexists_fpn_canary: passed (1.086 sec CPU)
% FIXME: 0 failed; 1 passed
% All 5 (+-1 sub-tests) tests passed in 1.090 seconds (1.090 cpu)
