[fingerprint-pre] testsets n=199 md5=ca49716f39d109a5e1a9bd2a9eaa53d1
[done] testsets: n=199 commit=d051d06 dirty=True
[fingerprint-post] testsets stable
[fingerprint-pre] testsets_haiku n=960 md5=f697246d3331b4528e6f1b2591ae5b5c
[done] testsets_haiku: n=960 commit=d051d06 dirty=True
[fingerprint-post] testsets_haiku stable
[fingerprint-pre] testsets_flash n=960 md5=6c6a2dbd832f33031441e286089e3dd6
[done] testsets_flash: n=960 commit=d051d06 dirty=True
[fingerprint-post] testsets_flash stable
[fingerprint-pre] archives/datasets/kernel_v1 n=1106 md5=5c0b20a5a4951c41aa47e0b65c21d338
[done] archives/datasets/kernel_v1: n=1106 commit=d051d06 dirty=True
[fingerprint-post] archives/datasets/kernel_v1 stable
[testsets] census_rows=199 json_rows=199 membership: only_census=0 only_json=0
  flips=11 over_flip=[] under_flip=[] value_diff=[]
  screen: scorable n=153 (pred 153) mean=0.5450033660 (pred 0.5450032680) -> OK
  [testsets] JOIN CLEAN: flip set exactly the census unknown rows
[testsets_haiku] census_rows=960 json_rows=960 membership: only_census=0 only_json=0
  flips=2 over_flip=[] under_flip=[] value_diff=[]
  screen: scorable n=492 (pred 492) mean=0.4915549390 (pred 0.4915548780) -> OK
  [testsets_haiku] JOIN CLEAN: flip set exactly the census unknown rows
[testsets_flash] census_rows=960 json_rows=960 membership: only_census=0 only_json=0
  flips=80 over_flip=[] under_flip=[] value_diff=[]
  screen: scorable n=668 (pred 668) mean=0.5711255269 (pred 0.5711254990) -> OK
  [testsets_flash] JOIN CLEAN: flip set exactly the census unknown rows
[archives/datasets/kernel_v1] census_rows=1106 json_rows=1106 membership: only_census=0 only_json=0
  flips=2 over_flip=[] under_flip=[] value_diff=[]
  screen: scorable n=1102 (pred 1102) mean=0.4812508113 (pred 0.4812507562) -> OK
  [archives/datasets/kernel_v1] JOIN CLEAN: flip set exactly the census unknown rows
[money pair] conceptual_framework_reading: 0.972 -> None
[money pair] vocabulary_collision_reading: 0.948 -> None
