Warning: /home/scott/bin/structural_dynamics_model/prolog/constraint_instances.pl:152:
Warning:    Local definition of drl_core:base_extractiveness/2 overrides weak import from constraint_data
Warning: /home/scott/bin/structural_dynamics_model/prolog/constraint_instances.pl:153:
Warning:    Local definition of drl_core:suppression_score/2 overrides weak import from constraint_data
Warning: /home/scott/bin/structural_dynamics_model/prolog/maxent_classifier.pl:849:
Warning:    Singleton variables: [C2]
Warning: /home/scott/bin/structural_dynamics_model/prolog/arakelov_height.pl:35:
Warning:    import/1: measurement_layer:wasserstein_contexts/1 is not exported (still imported into arakelov_height)

====================================================
   STRUCTURAL ANALYSIS STACK INITIALIZED             
====================================================
Control:    Scenario Manager Active
Usage:      run_scenario('file.pl', interval_id).
====================================================
[corpus] Loading 39 testset files...
Warning: /home/scott/bin/structural_dynamics_model/prolog/testsets/ai_governance_accountability.pl:268:
Warning:    Clauses of constraint_ai_governance_accountability:omega_variable/5 are not together in the source-file
Warning:    Earlier definition at /home/scott/bin/structural_dynamics_model/prolog/testsets/ai_governance_accountability.pl:258
Warning:    Current predicate: narrative_ontology:omega_variable/3
Warning:    Use :- discontiguous constraint_ai_governance_accountability:omega_variable/5. to suppress this message
Warning: /home/scott/bin/structural_dynamics_model/prolog/testsets/ai_governance_accountability.pl:278:
Warning:    Clauses of constraint_ai_governance_accountability:omega_variable/5 are not together in the source-file
Warning:    Earlier definition at /home/scott/bin/structural_dynamics_model/prolog/testsets/ai_governance_accountability.pl:258
Warning:    Current predicate: narrative_ontology:omega_variable/3
Warning:    Use :- discontiguous constraint_ai_governance_accountability:omega_variable/5. to suppress this message
Warning: /home/scott/bin/structural_dynamics_model/prolog/testsets/ai_governance_accountability.pl:288:
Warning:    Clauses of constraint_ai_governance_accountability:omega_variable/5 are not together in the source-file
Warning:    Earlier definition at /home/scott/bin/structural_dynamics_model/prolog/testsets/ai_governance_accountability.pl:258
Warning:    Current predicate: narrative_ontology:omega_variable/3
Warning:    Use :- discontiguous constraint_ai_governance_accountability:omega_variable/5. to suppress this message
Warning: /home/scott/bin/structural_dynamics_model/prolog/testsets/collapse_mechanism_ambiguity.pl:212:
Warning:    Clauses of constraint_collapse_mechanism_ambiguity:omega_variable/5 are not together in the source-file
Warning:    Earlier definition at /home/scott/bin/structural_dynamics_model/prolog/testsets/collapse_mechanism_ambiguity.pl:202
Warning:    Current predicate: narrative_ontology:omega_variable/3
Warning:    Use :- discontiguous constraint_collapse_mechanism_ambiguity:omega_variable/5. to suppress this message
Warning: /home/scott/bin/structural_dynamics_model/prolog/testsets/collapse_mechanism_ambiguity.pl:222:
Warning:    Clauses of constraint_collapse_mechanism_ambiguity:omega_variable/5 are not together in the source-file
Warning:    Earlier definition at /home/scott/bin/structural_dynamics_model/prolog/testsets/collapse_mechanism_ambiguity.pl:202
Warning:    Current predicate: narrative_ontology:omega_variable/3
Warning:    Use :- discontiguous constraint_collapse_mechanism_ambiguity:omega_variable/5. to suppress this message
Warning: /home/scott/bin/structural_dynamics_model/prolog/testsets/collapse_mechanism_ambiguity.pl:232:
Warning:    Clauses of constraint_collapse_mechanism_ambiguity:omega_variable/5 are not together in the source-file
Warning:    Earlier definition at /home/scott/bin/structural_dynamics_model/prolog/testsets/collapse_mechanism_ambiguity.pl:202
Warning:    Current predicate: narrative_ontology:omega_variable/3
Warning:    Use :- discontiguous constraint_collapse_mechanism_ambiguity:omega_variable/5. to suppress this message
Warning: /home/scott/bin/structural_dynamics_model/prolog/testsets/collapse_timing_uncertainty.pl:218:
Warning:    Clauses of constraint_collapse_timing_uncertainty:omega_variable/5 are not together in the source-file
Warning:    Earlier definition at /home/scott/bin/structural_dynamics_model/prolog/testsets/collapse_timing_uncertainty.pl:208
Warning:    Current predicate: narrative_ontology:omega_variable/3
Warning:    Use :- discontiguous constraint_collapse_timing_uncertainty:omega_variable/5. to suppress this message
Warning: /home/scott/bin/structural_dynamics_model/prolog/testsets/collapse_timing_uncertainty.pl:228:
Warning:    Clauses of constraint_collapse_timing_uncertainty:omega_variable/5 are not together in the source-file
Warning:    Earlier definition at /home/scott/bin/structural_dynamics_model/prolog/testsets/collapse_timing_uncertainty.pl:208
Warning:    Current predicate: narrative_ontology:omega_variable/3
Warning:    Use :- discontiguous constraint_collapse_timing_uncertainty:omega_variable/5. to suppress this message
Warning: /home/scott/bin/structural_dynamics_model/prolog/testsets/collapse_timing_uncertainty.pl:238:
Warning:    Clauses of constraint_collapse_timing_uncertainty:omega_variable/5 are not together in the source-file
Warning:    Earlier definition at /home/scott/bin/structural_dynamics_model/prolog/testsets/collapse_timing_uncertainty.pl:208
Warning:    Current predicate: narrative_ontology:omega_variable/3
Warning:    Use :- discontiguous constraint_collapse_timing_uncertainty:omega_variable/5. to suppress this message
Warning: /home/scott/bin/structural_dynamics_model/prolog/testsets/demographic_skill_mismatch.pl:288:
Warning:    Clauses of constraint_demographic_skill_mismatch:omega_variable/5 are not together in the source-file
Warning:    Earlier definition at /home/scott/bin/structural_dynamics_model/prolog/testsets/demographic_skill_mismatch.pl:278
Warning:    Current predicate: narrative_ontology:omega_variable/3
Warning:    Use :- discontiguous constraint_demographic_skill_mismatch:omega_variable/5. to suppress this message
Warning: /home/scott/bin/structural_dynamics_model/prolog/testsets/demographic_skill_mismatch.pl:298:
Warning:    Clauses of constraint_demographic_skill_mismatch:omega_variable/5 are not together in the source-file
Warning:    Earlier definition at /home/scott/bin/structural_dynamics_model/prolog/testsets/demographic_skill_mismatch.pl:278
Warning:    Current predicate: narrative_ontology:omega_variable/3
Warning:    Use :- discontiguous constraint_demographic_skill_mismatch:omega_variable/5. to suppress this message
Warning: /home/scott/bin/structural_dynamics_model/prolog/testsets/demographic_skill_mismatch.pl:308:
Warning:    Clauses of constraint_demographic_skill_mismatch:omega_variable/5 are not together in the source-file
Warning:    Earlier definition at /home/scott/bin/structural_dynamics_model/prolog/testsets/demographic_skill_mismatch.pl:278
Warning:    Current predicate: narrative_ontology:omega_variable/3
Warning:    Use :- discontiguous constraint_demographic_skill_mismatch:omega_variable/5. to suppress this message
Warning: /home/scott/bin/structural_dynamics_model/prolog/testsets/digital_colonialism_data_extraction.pl:251:
Warning:    Clauses of constraint_digital_colonialism_data_extraction:omega_variable/5 are not together in the source-file
Warning:    Earlier definition at /home/scott/bin/structural_dynamics_model/prolog/testsets/digital_colonialism_data_extraction.pl:241
Warning:    Current predicate: narrative_ontology:omega_variable/3
Warning:    Use :- discontiguous constraint_digital_colonialism_data_extraction:omega_variable/5. to suppress this message
Warning: /home/scott/bin/structural_dynamics_model/prolog/testsets/digital_colonialism_data_extraction.pl:261:
Warning:    Clauses of constraint_digital_colonialism_data_extraction:omega_variable/5 are not together in the source-file
Warning:    Earlier definition at /home/scott/bin/structural_dynamics_model/prolog/testsets/digital_colonialism_data_extraction.pl:241
Warning:    Current predicate: narrative_ontology:omega_variable/3
Warning:    Use :- discontiguous constraint_digital_colonialism_data_extraction:omega_variable/5. to suppress this message
Warning: /home/scott/bin/structural_dynamics_model/prolog/testsets/digital_colonialism_data_extraction.pl:271:
Warning:    Clauses of constraint_digital_colonialism_data_extraction:omega_variable/5 are not together in the source-file
Warning:    Earlier definition at /home/scott/bin/structural_dynamics_model/prolog/testsets/digital_colonialism_data_extraction.pl:241
Warning:    Current predicate: narrative_ontology:omega_variable/3
Warning:    Use :- discontiguous constraint_digital_colonialism_data_extraction:omega_variable/5. to suppress this message
Warning: /home/scott/bin/structural_dynamics_model/prolog/testsets/digital_colonialism_data_extraction.pl:281:
Warning:    Clauses of constraint_digital_colonialism_data_extraction:omega_variable/5 are not together in the source-file
Warning:    Earlier definition at /home/scott/bin/structural_dynamics_model/prolog/testsets/digital_colonialism_data_extraction.pl:241
Warning:    Current predicate: narrative_ontology:omega_variable/3
Warning:    Use :- discontiguous constraint_digital_colonialism_data_extraction:omega_variable/5. to suppress this message
Warning: /home/scott/bin/structural_dynamics_model/prolog/testsets/digital_power_concentration.pl:266:
Warning:    Clauses of constraint_digital_power_concentration:omega_variable/5 are not together in the source-file
Warning:    Earlier definition at /home/scott/bin/structural_dynamics_model/prolog/testsets/digital_power_concentration.pl:256
Warning:    Current predicate: narrative_ontology:omega_variable/3
Warning:    Use :- discontiguous constraint_digital_power_concentration:omega_variable/5. to suppress this message
Warning: /home/scott/bin/structural_dynamics_model/prolog/testsets/digital_power_concentration.pl:276:
Warning:    Clauses of constraint_digital_power_concentration:omega_variable/5 are not together in the source-file
Warning:    Earlier definition at /home/scott/bin/structural_dynamics_model/prolog/testsets/digital_power_concentration.pl:256
Warning:    Current predicate: narrative_ontology:omega_variable/3
Warning:    Use :- discontiguous constraint_digital_power_concentration:omega_variable/5. to suppress this message
Warning: /home/scott/bin/structural_dynamics_model/prolog/testsets/digital_power_concentration.pl:286:
Warning:    Clauses of constraint_digital_power_concentration:omega_variable/5 are not together in the source-file
Warning:    Earlier definition at /home/scott/bin/structural_dynamics_model/prolog/testsets/digital_power_concentration.pl:256
Warning:    Current predicate: narrative_ontology:omega_variable/3
Warning:    Use :- discontiguous constraint_digital_power_concentration:omega_variable/5. to suppress this message
Warning: /home/scott/bin/structural_dynamics_model/prolog/testsets/digital_power_concentration.pl:296:
Warning:    Clauses of constraint_digital_power_concentration:omega_variable/5 are not together in the source-file
Warning:    Earlier definition at /home/scott/bin/structural_dynamics_model/prolog/testsets/digital_power_concentration.pl:256
Warning:    Current predicate: narrative_ontology:omega_variable/3
Warning:    Use :- discontiguous constraint_digital_power_concentration:omega_variable/5. to suppress this message
Warning: /home/scott/bin/structural_dynamics_model/prolog/testsets/employment_boundary_flat_control.pl:326:
Warning:    Clauses of constraint_employment_boundary_flat_control:omega_variable/5 are not together in the source-file
Warning:    Earlier definition at /home/scott/bin/structural_dynamics_model/prolog/testsets/employment_boundary_flat_control.pl:316
Warning:    Current predicate: narrative_ontology:omega_variable/3
Warning:    Use :- discontiguous constraint_employment_boundary_flat_control:omega_variable/5. to suppress this message
Warning: /home/scott/bin/structural_dynamics_model/prolog/testsets/employment_boundary_flat_control.pl:336:
Warning:    Clauses of constraint_employment_boundary_flat_control:omega_variable/5 are not together in the source-file
Warning:    Earlier definition at /home/scott/bin/structural_dynamics_model/prolog/testsets/employment_boundary_flat_control.pl:316
Warning:    Current predicate: narrative_ontology:omega_variable/3
Warning:    Use :- discontiguous constraint_employment_boundary_flat_control:omega_variable/5. to suppress this message
Warning: /home/scott/bin/structural_dynamics_model/prolog/testsets/employment_boundary_flat_control.pl:346:
Warning:    Clauses of constraint_employment_boundary_flat_control:omega_variable/5 are not together in the source-file
Warning:    Earlier definition at /home/scott/bin/structural_dynamics_model/prolog/testsets/employment_boundary_flat_control.pl:316
Warning:    Current predicate: narrative_ontology:omega_variable/3
Warning:    Use :- discontiguous constraint_employment_boundary_flat_control:omega_variable/5. to suppress this message
Warning: /home/scott/bin/structural_dynamics_model/prolog/testsets/employment_boundary_flat_control.pl:356:
Warning:    Clauses of constraint_employment_boundary_flat_control:omega_variable/5 are not together in the source-file
Warning:    Earlier definition at /home/scott/bin/structural_dynamics_model/prolog/testsets/employment_boundary_flat_control.pl:316
Warning:    Current predicate: narrative_ontology:omega_variable/3
Warning:    Use :- discontiguous constraint_employment_boundary_flat_control:omega_variable/5. to suppress this message
Warning: /home/scott/bin/structural_dynamics_model/prolog/testsets/formalist_employment_reading.pl:309:
Warning:    Clauses of constraint_formalist_employment_reading:omega_variable/5 are not together in the source-file
Warning:    Earlier definition at /home/scott/bin/structural_dynamics_model/prolog/testsets/formalist_employment_reading.pl:299
Warning:    Current predicate: narrative_ontology:omega_variable/3
Warning:    Use :- discontiguous constraint_formalist_employment_reading:omega_variable/5. to suppress this message
Warning: /home/scott/bin/structural_dynamics_model/prolog/testsets/formalist_employment_reading.pl:319:
Warning:    Clauses of constraint_formalist_employment_reading:omega_variable/5 are not together in the source-file
Warning:    Earlier definition at /home/scott/bin/structural_dynamics_model/prolog/testsets/formalist_employment_reading.pl:299
Warning:    Current predicate: narrative_ontology:omega_variable/3
Warning:    Use :- discontiguous constraint_formalist_employment_reading:omega_variable/5. to suppress this message
Warning: /home/scott/bin/structural_dynamics_model/prolog/testsets/formalist_employment_reading.pl:329:
Warning:    Clauses of constraint_formalist_employment_reading:omega_variable/5 are not together in the source-file
Warning:    Earlier definition at /home/scott/bin/structural_dynamics_model/prolog/testsets/formalist_employment_reading.pl:299
Warning:    Current predicate: narrative_ontology:omega_variable/3
Warning:    Use :- discontiguous constraint_formalist_employment_reading:omega_variable/5. to suppress this message
Warning: /home/scott/bin/structural_dynamics_model/prolog/testsets/human_dignity_ai_governance_flat_control.pl:246:
Warning:    Clauses of constraint_human_dignity_ai_governance_flat_control:omega_variable/5 are not together in the source-file
Warning:    Earlier definition at /home/scott/bin/structural_dynamics_model/prolog/testsets/human_dignity_ai_governance_flat_control.pl:236
Warning:    Current predicate: narrative_ontology:omega_variable/3
Warning:    Use :- discontiguous constraint_human_dignity_ai_governance_flat_control:omega_variable/5. to suppress this message
Warning: /home/scott/bin/structural_dynamics_model/prolog/testsets/human_dignity_ai_governance_flat_control.pl:256:
Warning:    Clauses of constraint_human_dignity_ai_governance_flat_control:omega_variable/5 are not together in the source-file
Warning:    Earlier definition at /home/scott/bin/structural_dynamics_model/prolog/testsets/human_dignity_ai_governance_flat_control.pl:236
Warning:    Current predicate: narrative_ontology:omega_variable/3
Warning:    Use :- discontiguous constraint_human_dignity_ai_governance_flat_control:omega_variable/5. to suppress this message
Warning: /home/scott/bin/structural_dynamics_model/prolog/testsets/human_dignity_ai_governance_flat_control.pl:266:
Warning:    Clauses of constraint_human_dignity_ai_governance_flat_control:omega_variable/5 are not together in the source-file
Warning:    Earlier definition at /home/scott/bin/structural_dynamics_model/prolog/testsets/human_dignity_ai_governance_flat_control.pl:236
Warning:    Current predicate: narrative_ontology:omega_variable/3
Warning:    Use :- discontiguous constraint_human_dignity_ai_governance_flat_control:omega_variable/5. to suppress this message
Warning: /home/scott/bin/structural_dynamics_model/prolog/testsets/human_dignity_ai_governance_flat_control.pl:276:
Warning:    Clauses of constraint_human_dignity_ai_governance_flat_control:omega_variable/5 are not together in the source-file
Warning:    Earlier definition at /home/scott/bin/structural_dynamics_model/prolog/testsets/human_dignity_ai_governance_flat_control.pl:236
Warning:    Current predicate: narrative_ontology:omega_variable/3
Warning:    Use :- discontiguous constraint_human_dignity_ai_governance_flat_control:omega_variable/5. to suppress this message
Warning: /home/scott/bin/structural_dynamics_model/prolog/testsets/hybrid_security_reading.pl:310:
Warning:    Clauses of constraint_hybrid_security_reading:omega_variable/5 are not together in the source-file
Warning:    Earlier definition at /home/scott/bin/structural_dynamics_model/prolog/testsets/hybrid_security_reading.pl:300
Warning:    Current predicate: narrative_ontology:omega_variable/3
Warning:    Use :- discontiguous constraint_hybrid_security_reading:omega_variable/5. to suppress this message
Warning: /home/scott/bin/structural_dynamics_model/prolog/testsets/hybrid_security_reading.pl:320:
Warning:    Clauses of constraint_hybrid_security_reading:omega_variable/5 are not together in the source-file
Warning:    Earlier definition at /home/scott/bin/structural_dynamics_model/prolog/testsets/hybrid_security_reading.pl:300
Warning:    Current predicate: narrative_ontology:omega_variable/3
Warning:    Use :- discontiguous constraint_hybrid_security_reading:omega_variable/5. to suppress this message
Warning: /home/scott/bin/structural_dynamics_model/prolog/testsets/hybrid_security_reading.pl:330:
Warning:    Clauses of constraint_hybrid_security_reading:omega_variable/5 are not together in the source-file
Warning:    Earlier definition at /home/scott/bin/structural_dynamics_model/prolog/testsets/hybrid_security_reading.pl:300
Warning:    Current predicate: narrative_ontology:omega_variable/3
Warning:    Use :- discontiguous constraint_hybrid_security_reading:omega_variable/5. to suppress this message
Warning: /home/scott/bin/structural_dynamics_model/prolog/testsets/magisterial_integralist_reading.pl:314:
Warning:    Clauses of constraint_magisterial_integralist_reading:omega_variable/5 are not together in the source-file
Warning:    Earlier definition at /home/scott/bin/structural_dynamics_model/prolog/testsets/magisterial_integralist_reading.pl:304
Warning:    Current predicate: narrative_ontology:omega_variable/3
Warning:    Use :- discontiguous constraint_magisterial_integralist_reading:omega_variable/5. to suppress this message
Warning: /home/scott/bin/structural_dynamics_model/prolog/testsets/magisterial_integralist_reading.pl:324:
Warning:    Clauses of constraint_magisterial_integralist_reading:omega_variable/5 are not together in the source-file
Warning:    Earlier definition at /home/scott/bin/structural_dynamics_model/prolog/testsets/magisterial_integralist_reading.pl:304
Warning:    Current predicate: narrative_ontology:omega_variable/3
Warning:    Use :- discontiguous constraint_magisterial_integralist_reading:omega_variable/5. to suppress this message
Warning: /home/scott/bin/structural_dynamics_model/prolog/testsets/magisterial_integralist_reading.pl:334:
Warning:    Clauses of constraint_magisterial_integralist_reading:omega_variable/5 are not together in the source-file
Warning:    Earlier definition at /home/scott/bin/structural_dynamics_model/prolog/testsets/magisterial_integralist_reading.pl:304
Warning:    Current predicate: narrative_ontology:omega_variable/3
Warning:    Use :- discontiguous constraint_magisterial_integralist_reading:omega_variable/5. to suppress this message
Warning: /home/scott/bin/structural_dynamics_model/prolog/testsets/optimization_artifact_risk.pl:270:
Warning:    Clauses of constraint_optimization_artifact_risk:omega_variable/5 are not together in the source-file
Warning:    Earlier definition at /home/scott/bin/structural_dynamics_model/prolog/testsets/optimization_artifact_risk.pl:260
Warning:    Current predicate: narrative_ontology:omega_variable/3
Warning:    Use :- discontiguous constraint_optimization_artifact_risk:omega_variable/5. to suppress this message
Warning: /home/scott/bin/structural_dynamics_model/prolog/testsets/optimization_artifact_risk.pl:280:
Warning:    Clauses of constraint_optimization_artifact_risk:omega_variable/5 are not together in the source-file
Warning:    Earlier definition at /home/scott/bin/structural_dynamics_model/prolog/testsets/optimization_artifact_risk.pl:260
Warning:    Current predicate: narrative_ontology:omega_variable/3
Warning:    Use :- discontiguous constraint_optimization_artifact_risk:omega_variable/5. to suppress this message
Warning: /home/scott/bin/structural_dynamics_model/prolog/testsets/optimization_artifact_risk.pl:290:
Warning:    Clauses of constraint_optimization_artifact_risk:omega_variable/5 are not together in the source-file
Warning:    Earlier definition at /home/scott/bin/structural_dynamics_model/prolog/testsets/optimization_artifact_risk.pl:260
Warning:    Current predicate: narrative_ontology:omega_variable/3
Warning:    Use :- discontiguous constraint_optimization_artifact_risk:omega_variable/5. to suppress this message
Warning: /home/scott/bin/structural_dynamics_model/prolog/testsets/platform_flexibility_precarity_tradeoff.pl:302:
Warning:    Clauses of constraint_platform_flexibility_precarity_tradeoff:omega_variable/5 are not together in the source-file
Warning:    Earlier definition at /home/scott/bin/structural_dynamics_model/prolog/testsets/platform_flexibility_precarity_tradeoff.pl:292
Warning:    Current predicate: narrative_ontology:omega_variable/3
Warning:    Use :- discontiguous constraint_platform_flexibility_precarity_tradeoff:omega_variable/5. to suppress this message
Warning: /home/scott/bin/structural_dynamics_model/prolog/testsets/platform_flexibility_precarity_tradeoff.pl:312:
Warning:    Clauses of constraint_platform_flexibility_precarity_tradeoff:omega_variable/5 are not together in the source-file
Warning:    Earlier definition at /home/scott/bin/structural_dynamics_model/prolog/testsets/platform_flexibility_precarity_tradeoff.pl:292
Warning:    Current predicate: narrative_ontology:omega_variable/3
Warning:    Use :- discontiguous constraint_platform_flexibility_precarity_tradeoff:omega_variable/5. to suppress this message
Warning: /home/scott/bin/structural_dynamics_model/prolog/testsets/platform_flexibility_precarity_tradeoff.pl:322:
Warning:    Clauses of constraint_platform_flexibility_precarity_tradeoff:omega_variable/5 are not together in the source-file
Warning:    Earlier definition at /home/scott/bin/structural_dynamics_model/prolog/testsets/platform_flexibility_precarity_tradeoff.pl:292
Warning:    Current predicate: narrative_ontology:omega_variable/3
Warning:    Use :- discontiguous constraint_platform_flexibility_precarity_tradeoff:omega_variable/5. to suppress this message
Warning: /home/scott/bin/structural_dynamics_model/prolog/testsets/platform_flexibility_precarity_tradeoff.pl:332:
Warning:    Clauses of constraint_platform_flexibility_precarity_tradeoff:omega_variable/5 are not together in the source-file
Warning:    Earlier definition at /home/scott/bin/structural_dynamics_model/prolog/testsets/platform_flexibility_precarity_tradeoff.pl:292
Warning:    Current predicate: narrative_ontology:omega_variable/3
Warning:    Use :- discontiguous constraint_platform_flexibility_precarity_tradeoff:omega_variable/5. to suppress this message
Warning: /home/scott/bin/structural_dynamics_model/prolog/testsets/pluralist_pragmatic_reading.pl:302:
Warning:    Clauses of constraint_pluralist_pragmatic_reading:omega_variable/5 are not together in the source-file
Warning:    Earlier definition at /home/scott/bin/structural_dynamics_model/prolog/testsets/pluralist_pragmatic_reading.pl:292
Warning:    Current predicate: narrative_ontology:omega_variable/3
Warning:    Use :- discontiguous constraint_pluralist_pragmatic_reading:omega_variable/5. to suppress this message
Warning: /home/scott/bin/structural_dynamics_model/prolog/testsets/pluralist_pragmatic_reading.pl:312:
Warning:    Clauses of constraint_pluralist_pragmatic_reading:omega_variable/5 are not together in the source-file
Warning:    Earlier definition at /home/scott/bin/structural_dynamics_model/prolog/testsets/pluralist_pragmatic_reading.pl:292
Warning:    Current predicate: narrative_ontology:omega_variable/3
Warning:    Use :- discontiguous constraint_pluralist_pragmatic_reading:omega_variable/5. to suppress this message
Warning: /home/scott/bin/structural_dynamics_model/prolog/testsets/pluralist_pragmatic_reading.pl:322:
Warning:    Clauses of constraint_pluralist_pragmatic_reading:omega_variable/5 are not together in the source-file
Warning:    Earlier definition at /home/scott/bin/structural_dynamics_model/prolog/testsets/pluralist_pragmatic_reading.pl:292
Warning:    Current predicate: narrative_ontology:omega_variable/3
Warning:    Use :- discontiguous constraint_pluralist_pragmatic_reading:omega_variable/5. to suppress this message
Warning: /home/scott/bin/structural_dynamics_model/prolog/testsets/proxy_measurement_validity.pl:262:
Warning:    Clauses of constraint_proxy_measurement_validity:omega_variable/5 are not together in the source-file
Warning:    Earlier definition at /home/scott/bin/structural_dynamics_model/prolog/testsets/proxy_measurement_validity.pl:252
Warning:    Current predicate: narrative_ontology:omega_variable/3
Warning:    Use :- discontiguous constraint_proxy_measurement_validity:omega_variable/5. to suppress this message
Warning: /home/scott/bin/structural_dynamics_model/prolog/testsets/proxy_measurement_validity.pl:272:
Warning:    Clauses of constraint_proxy_measurement_validity:omega_variable/5 are not together in the source-file
Warning:    Earlier definition at /home/scott/bin/structural_dynamics_model/prolog/testsets/proxy_measurement_validity.pl:252
Warning:    Current predicate: narrative_ontology:omega_variable/3
Warning:    Use :- discontiguous constraint_proxy_measurement_validity:omega_variable/5. to suppress this message
Warning: /home/scott/bin/structural_dynamics_model/prolog/testsets/recalibration_interpretive_validity.pl:220:
Warning:    Clauses of constraint_recalibration_interpretive_validity:omega_variable/5 are not together in the source-file
Warning:    Earlier definition at /home/scott/bin/structural_dynamics_model/prolog/testsets/recalibration_interpretive_validity.pl:210
Warning:    Current predicate: narrative_ontology:omega_variable/3
Warning:    Use :- discontiguous constraint_recalibration_interpretive_validity:omega_variable/5. to suppress this message
Warning: /home/scott/bin/structural_dynamics_model/prolog/testsets/recalibration_interpretive_validity.pl:230:
Warning:    Clauses of constraint_recalibration_interpretive_validity:omega_variable/5 are not together in the source-file
Warning:    Earlier definition at /home/scott/bin/structural_dynamics_model/prolog/testsets/recalibration_interpretive_validity.pl:210
Warning:    Current predicate: narrative_ontology:omega_variable/3
Warning:    Use :- discontiguous constraint_recalibration_interpretive_validity:omega_variable/5. to suppress this message
Warning: /home/scott/bin/structural_dynamics_model/prolog/testsets/recalibration_interpretive_validity.pl:240:
Warning:    Clauses of constraint_recalibration_interpretive_validity:omega_variable/5 are not together in the source-file
Warning:    Earlier definition at /home/scott/bin/structural_dynamics_model/prolog/testsets/recalibration_interpretive_validity.pl:210
Warning:    Current predicate: narrative_ontology:omega_variable/3
Warning:    Use :- discontiguous constraint_recalibration_interpretive_validity:omega_variable/5. to suppress this message
Warning: /home/scott/bin/structural_dynamics_model/prolog/testsets/regime_change_structural_break.pl:266:
Warning:    Clauses of constraint_regime_change_structural_break:omega_variable/5 are not together in the source-file
Warning:    Earlier definition at /home/scott/bin/structural_dynamics_model/prolog/testsets/regime_change_structural_break.pl:256
Warning:    Current predicate: narrative_ontology:omega_variable/3
Warning:    Use :- discontiguous constraint_regime_change_structural_break:omega_variable/5. to suppress this message
Warning: /home/scott/bin/structural_dynamics_model/prolog/testsets/regime_change_structural_break.pl:276:
Warning:    Clauses of constraint_regime_change_structural_break:omega_variable/5 are not together in the source-file
Warning:    Earlier definition at /home/scott/bin/structural_dynamics_model/prolog/testsets/regime_change_structural_break.pl:256
Warning:    Current predicate: narrative_ontology:omega_variable/3
Warning:    Use :- discontiguous constraint_regime_change_structural_break:omega_variable/5. to suppress this message
Warning: /home/scott/bin/structural_dynamics_model/prolog/testsets/regime_change_structural_break.pl:286:
Warning:    Clauses of constraint_regime_change_structural_break:omega_variable/5 are not together in the source-file
Warning:    Earlier definition at /home/scott/bin/structural_dynamics_model/prolog/testsets/regime_change_structural_break.pl:256
Warning:    Current predicate: narrative_ontology:omega_variable/3
Warning:    Use :- discontiguous constraint_regime_change_structural_break:omega_variable/5. to suppress this message
Warning: /home/scott/bin/structural_dynamics_model/prolog/testsets/retirement_security_deficit.pl:312:
Warning:    Clauses of constraint_retirement_security_deficit:omega_variable/5 are not together in the source-file
Warning:    Earlier definition at /home/scott/bin/structural_dynamics_model/prolog/testsets/retirement_security_deficit.pl:302
Warning:    Current predicate: narrative_ontology:omega_variable/3
Warning:    Use :- discontiguous constraint_retirement_security_deficit:omega_variable/5. to suppress this message
Warning: /home/scott/bin/structural_dynamics_model/prolog/testsets/retirement_security_deficit.pl:322:
Warning:    Clauses of constraint_retirement_security_deficit:omega_variable/5 are not together in the source-file
Warning:    Earlier definition at /home/scott/bin/structural_dynamics_model/prolog/testsets/retirement_security_deficit.pl:302
Warning:    Current predicate: narrative_ontology:omega_variable/3
Warning:    Use :- discontiguous constraint_retirement_security_deficit:omega_variable/5. to suppress this message
Warning: /home/scott/bin/structural_dynamics_model/prolog/testsets/retirement_security_deficit.pl:332:
Warning:    Clauses of constraint_retirement_security_deficit:omega_variable/5 are not together in the source-file
Warning:    Earlier definition at /home/scott/bin/structural_dynamics_model/prolog/testsets/retirement_security_deficit.pl:302
Warning:    Current predicate: narrative_ontology:omega_variable/3
Warning:    Use :- discontiguous constraint_retirement_security_deficit:omega_variable/5. to suppress this message
Warning: /home/scott/bin/structural_dynamics_model/prolog/testsets/secular_humanist_reading.pl:302:
Warning:    Clauses of constraint_secular_humanist_reading:omega_variable/5 are not together in the source-file
Warning:    Earlier definition at /home/scott/bin/structural_dynamics_model/prolog/testsets/secular_humanist_reading.pl:292
Warning:    Current predicate: narrative_ontology:omega_variable/3
Warning:    Use :- discontiguous constraint_secular_humanist_reading:omega_variable/5. to suppress this message
Warning: /home/scott/bin/structural_dynamics_model/prolog/testsets/secular_humanist_reading.pl:312:
Warning:    Clauses of constraint_secular_humanist_reading:omega_variable/5 are not together in the source-file
Warning:    Earlier definition at /home/scott/bin/structural_dynamics_model/prolog/testsets/secular_humanist_reading.pl:292
Warning:    Current predicate: narrative_ontology:omega_variable/3
Warning:    Use :- discontiguous constraint_secular_humanist_reading:omega_variable/5. to suppress this message
Warning: /home/scott/bin/structural_dynamics_model/prolog/testsets/secular_humanist_reading.pl:322:
Warning:    Clauses of constraint_secular_humanist_reading:omega_variable/5 are not together in the source-file
Warning:    Earlier definition at /home/scott/bin/structural_dynamics_model/prolog/testsets/secular_humanist_reading.pl:292
Warning:    Current predicate: narrative_ontology:omega_variable/3
Warning:    Use :- discontiguous constraint_secular_humanist_reading:omega_variable/5. to suppress this message
Warning: /home/scott/bin/structural_dynamics_model/prolog/testsets/solar_integration_mechanism.pl:240:
Warning:    Clauses of constraint_solar_integration_mechanism:omega_variable/5 are not together in the source-file
Warning:    Earlier definition at /home/scott/bin/structural_dynamics_model/prolog/testsets/solar_integration_mechanism.pl:230
Warning:    Current predicate: narrative_ontology:omega_variable/3
Warning:    Use :- discontiguous constraint_solar_integration_mechanism:omega_variable/5. to suppress this message
Warning: /home/scott/bin/structural_dynamics_model/prolog/testsets/solar_integration_mechanism.pl:250:
Warning:    Clauses of constraint_solar_integration_mechanism:omega_variable/5 are not together in the source-file
Warning:    Earlier definition at /home/scott/bin/structural_dynamics_model/prolog/testsets/solar_integration_mechanism.pl:230
Warning:    Current predicate: narrative_ontology:omega_variable/3
Warning:    Use :- discontiguous constraint_solar_integration_mechanism:omega_variable/5. to suppress this message
Warning: /home/scott/bin/structural_dynamics_model/prolog/testsets/substantive_employment_reading.pl:300:
Warning:    Clauses of constraint_substantive_employment_reading:omega_variable/5 are not together in the source-file
Warning:    Earlier definition at /home/scott/bin/structural_dynamics_model/prolog/testsets/substantive_employment_reading.pl:290
Warning:    Current predicate: narrative_ontology:omega_variable/3
Warning:    Use :- discontiguous constraint_substantive_employment_reading:omega_variable/5. to suppress this message
Warning: /home/scott/bin/structural_dynamics_model/prolog/testsets/substantive_employment_reading.pl:310:
Warning:    Clauses of constraint_substantive_employment_reading:omega_variable/5 are not together in the source-file
Warning:    Earlier definition at /home/scott/bin/structural_dynamics_model/prolog/testsets/substantive_employment_reading.pl:290
Warning:    Current predicate: narrative_ontology:omega_variable/3
Warning:    Use :- discontiguous constraint_substantive_employment_reading:omega_variable/5. to suppress this message
Warning: /home/scott/bin/structural_dynamics_model/prolog/testsets/substantive_employment_reading.pl:320:
Warning:    Clauses of constraint_substantive_employment_reading:omega_variable/5 are not together in the source-file
Warning:    Earlier definition at /home/scott/bin/structural_dynamics_model/prolog/testsets/substantive_employment_reading.pl:290
Warning:    Current predicate: narrative_ontology:omega_variable/3
Warning:    Use :- discontiguous constraint_substantive_employment_reading:omega_variable/5. to suppress this message
Warning: /home/scott/bin/structural_dynamics_model/prolog/testsets/surveillance_control_freedom.pl:267:
Warning:    Clauses of constraint_surveillance_control_freedom:omega_variable/5 are not together in the source-file
Warning:    Earlier definition at /home/scott/bin/structural_dynamics_model/prolog/testsets/surveillance_control_freedom.pl:257
Warning:    Current predicate: narrative_ontology:omega_variable/3
Warning:    Use :- discontiguous constraint_surveillance_control_freedom:omega_variable/5. to suppress this message
Warning: /home/scott/bin/structural_dynamics_model/prolog/testsets/surveillance_control_freedom.pl:277:
Warning:    Clauses of constraint_surveillance_control_freedom:omega_variable/5 are not together in the source-file
Warning:    Earlier definition at /home/scott/bin/structural_dynamics_model/prolog/testsets/surveillance_control_freedom.pl:257
Warning:    Current predicate: narrative_ontology:omega_variable/3
Warning:    Use :- discontiguous constraint_surveillance_control_freedom:omega_variable/5. to suppress this message
Warning: /home/scott/bin/structural_dynamics_model/prolog/testsets/surveillance_control_freedom.pl:287:
Warning:    Clauses of constraint_surveillance_control_freedom:omega_variable/5 are not together in the source-file
Warning:    Earlier definition at /home/scott/bin/structural_dynamics_model/prolog/testsets/surveillance_control_freedom.pl:257
Warning:    Current predicate: narrative_ontology:omega_variable/3
Warning:    Use :- discontiguous constraint_surveillance_control_freedom:omega_variable/5. to suppress this message
Warning: /home/scott/bin/structural_dynamics_model/prolog/testsets/surveillance_control_freedom.pl:297:
Warning:    Clauses of constraint_surveillance_control_freedom:omega_variable/5 are not together in the source-file
Warning:    Earlier definition at /home/scott/bin/structural_dynamics_model/prolog/testsets/surveillance_control_freedom.pl:257
Warning:    Current predicate: narrative_ontology:omega_variable/3
Warning:    Use :- discontiguous constraint_surveillance_control_freedom:omega_variable/5. to suppress this message
Warning: /home/scott/bin/structural_dynamics_model/prolog/testsets/techno_optimist_reading.pl:307:
Warning:    Clauses of constraint_techno_optimist_reading:omega_variable/5 are not together in the source-file
Warning:    Earlier definition at /home/scott/bin/structural_dynamics_model/prolog/testsets/techno_optimist_reading.pl:297
Warning:    Current predicate: narrative_ontology:omega_variable/3
Warning:    Use :- discontiguous constraint_techno_optimist_reading:omega_variable/5. to suppress this message
Warning: /home/scott/bin/structural_dynamics_model/prolog/testsets/techno_optimist_reading.pl:317:
Warning:    Clauses of constraint_techno_optimist_reading:omega_variable/5 are not together in the source-file
Warning:    Earlier definition at /home/scott/bin/structural_dynamics_model/prolog/testsets/techno_optimist_reading.pl:297
Warning:    Current predicate: narrative_ontology:omega_variable/3
Warning:    Use :- discontiguous constraint_techno_optimist_reading:omega_variable/5. to suppress this message
Warning: /home/scott/bin/structural_dynamics_model/prolog/testsets/techno_optimist_reading.pl:327:
Warning:    Clauses of constraint_techno_optimist_reading:omega_variable/5 are not together in the source-file
Warning:    Earlier definition at /home/scott/bin/structural_dynamics_model/prolog/testsets/techno_optimist_reading.pl:297
Warning:    Current predicate: narrative_ontology:omega_variable/3
Warning:    Use :- discontiguous constraint_techno_optimist_reading:omega_variable/5. to suppress this message
Warning: /home/scott/bin/structural_dynamics_model/prolog/testsets/technocratic_paradigm_resistance.pl:316:
Warning:    Clauses of constraint_technocratic_paradigm_resistance:omega_variable/5 are not together in the source-file
Warning:    Earlier definition at /home/scott/bin/structural_dynamics_model/prolog/testsets/technocratic_paradigm_resistance.pl:306
Warning:    Current predicate: narrative_ontology:omega_variable/3
Warning:    Use :- discontiguous constraint_technocratic_paradigm_resistance:omega_variable/5. to suppress this message
Warning: /home/scott/bin/structural_dynamics_model/prolog/testsets/technocratic_paradigm_resistance.pl:326:
Warning:    Clauses of constraint_technocratic_paradigm_resistance:omega_variable/5 are not together in the source-file
Warning:    Earlier definition at /home/scott/bin/structural_dynamics_model/prolog/testsets/technocratic_paradigm_resistance.pl:306
Warning:    Current predicate: narrative_ontology:omega_variable/3
Warning:    Use :- discontiguous constraint_technocratic_paradigm_resistance:omega_variable/5. to suppress this message
Warning: /home/scott/bin/structural_dynamics_model/prolog/testsets/technocratic_paradigm_resistance.pl:336:
Warning:    Clauses of constraint_technocratic_paradigm_resistance:omega_variable/5 are not together in the source-file
Warning:    Earlier definition at /home/scott/bin/structural_dynamics_model/prolog/testsets/technocratic_paradigm_resistance.pl:306
Warning:    Current predicate: narrative_ontology:omega_variable/3
Warning:    Use :- discontiguous constraint_technocratic_paradigm_resistance:omega_variable/5. to suppress this message
Warning: /home/scott/bin/structural_dynamics_model/prolog/testsets/technocratic_paradigm_vs_human_primacy.pl:256:
Warning:    Clauses of constraint_technocratic_paradigm_vs_human_primacy:omega_variable/5 are not together in the source-file
Warning:    Earlier definition at /home/scott/bin/structural_dynamics_model/prolog/testsets/technocratic_paradigm_vs_human_primacy.pl:246
Warning:    Current predicate: narrative_ontology:omega_variable/3
Warning:    Use :- discontiguous constraint_technocratic_paradigm_vs_human_primacy:omega_variable/5. to suppress this message
Warning: /home/scott/bin/structural_dynamics_model/prolog/testsets/technocratic_paradigm_vs_human_primacy.pl:266:
Warning:    Clauses of constraint_technocratic_paradigm_vs_human_primacy:omega_variable/5 are not together in the source-file
Warning:    Earlier definition at /home/scott/bin/structural_dynamics_model/prolog/testsets/technocratic_paradigm_vs_human_primacy.pl:246
Warning:    Current predicate: narrative_ontology:omega_variable/3
Warning:    Use :- discontiguous constraint_technocratic_paradigm_vs_human_primacy:omega_variable/5. to suppress this message
Warning: /home/scott/bin/structural_dynamics_model/prolog/testsets/technocratic_paradigm_vs_human_primacy.pl:276:
Warning:    Clauses of constraint_technocratic_paradigm_vs_human_primacy:omega_variable/5 are not together in the source-file
Warning:    Earlier definition at /home/scott/bin/structural_dynamics_model/prolog/testsets/technocratic_paradigm_vs_human_primacy.pl:246
Warning:    Current predicate: narrative_ontology:omega_variable/3
Warning:    Use :- discontiguous constraint_technocratic_paradigm_vs_human_primacy:omega_variable/5. to suppress this message
Warning: /home/scott/bin/structural_dynamics_model/prolog/testsets/thermal_dissipation_constraint.pl:209:
Warning:    Clauses of constraint_thermal_dissipation_constraint:omega_variable/5 are not together in the source-file
Warning:    Earlier definition at /home/scott/bin/structural_dynamics_model/prolog/testsets/thermal_dissipation_constraint.pl:199
Warning:    Current predicate: narrative_ontology:omega_variable/3
Warning:    Use :- discontiguous constraint_thermal_dissipation_constraint:omega_variable/5. to suppress this message
Warning: /home/scott/bin/structural_dynamics_model/prolog/testsets/topology_selection.pl:271:
Warning:    Clauses of constraint_topology_selection:omega_variable/5 are not together in the source-file
Warning:    Earlier definition at /home/scott/bin/structural_dynamics_model/prolog/testsets/topology_selection.pl:261
Warning:    Current predicate: narrative_ontology:omega_variable/3
Warning:    Use :- discontiguous constraint_topology_selection:omega_variable/5. to suppress this message
Warning: /home/scott/bin/structural_dynamics_model/prolog/testsets/topology_selection.pl:281:
Warning:    Clauses of constraint_topology_selection:omega_variable/5 are not together in the source-file
Warning:    Earlier definition at /home/scott/bin/structural_dynamics_model/prolog/testsets/topology_selection.pl:261
Warning:    Current predicate: narrative_ontology:omega_variable/3
Warning:    Use :- discontiguous constraint_topology_selection:omega_variable/5. to suppress this message
Warning: /home/scott/bin/structural_dynamics_model/prolog/testsets/transfer_gap_physics.pl:253:
Warning:    Clauses of constraint_transfer_gap_physics:omega_variable/5 are not together in the source-file
Warning:    Earlier definition at /home/scott/bin/structural_dynamics_model/prolog/testsets/transfer_gap_physics.pl:243
Warning:    Current predicate: narrative_ontology:omega_variable/3
Warning:    Use :- discontiguous constraint_transfer_gap_physics:omega_variable/5. to suppress this message
Warning: /home/scott/bin/structural_dynamics_model/prolog/testsets/transfer_gap_physics.pl:263:
Warning:    Clauses of constraint_transfer_gap_physics:omega_variable/5 are not together in the source-file
Warning:    Earlier definition at /home/scott/bin/structural_dynamics_model/prolog/testsets/transfer_gap_physics.pl:243
Warning:    Current predicate: narrative_ontology:omega_variable/3
Warning:    Use :- discontiguous constraint_transfer_gap_physics:omega_variable/5. to suppress this message
Warning: /home/scott/bin/structural_dynamics_model/prolog/testsets/truth_as_common_good.pl:317:
Warning:    Clauses of constraint_truth_as_common_good:omega_variable/5 are not together in the source-file
Warning:    Earlier definition at /home/scott/bin/structural_dynamics_model/prolog/testsets/truth_as_common_good.pl:307
Warning:    Current predicate: narrative_ontology:omega_variable/3
Warning:    Use :- discontiguous constraint_truth_as_common_good:omega_variable/5. to suppress this message
Warning: /home/scott/bin/structural_dynamics_model/prolog/testsets/truth_as_common_good.pl:327:
Warning:    Clauses of constraint_truth_as_common_good:omega_variable/5 are not together in the source-file
Warning:    Earlier definition at /home/scott/bin/structural_dynamics_model/prolog/testsets/truth_as_common_good.pl:307
Warning:    Current predicate: narrative_ontology:omega_variable/3
Warning:    Use :- discontiguous constraint_truth_as_common_good:omega_variable/5. to suppress this message
Warning: /home/scott/bin/structural_dynamics_model/prolog/testsets/truth_as_common_good.pl:337:
Warning:    Clauses of constraint_truth_as_common_good:omega_variable/5 are not together in the source-file
Warning:    Earlier definition at /home/scott/bin/structural_dynamics_model/prolog/testsets/truth_as_common_good.pl:307
Warning:    Current predicate: narrative_ontology:omega_variable/3
Warning:    Use :- discontiguous constraint_truth_as_common_good:omega_variable/5. to suppress this message
Warning: /home/scott/bin/structural_dynamics_model/prolog/testsets/truth_democracy_disinformation.pl:307:
Warning:    Clauses of constraint_truth_democracy_disinformation:omega_variable/5 are not together in the source-file
Warning:    Earlier definition at /home/scott/bin/structural_dynamics_model/prolog/testsets/truth_democracy_disinformation.pl:297
Warning:    Current predicate: narrative_ontology:omega_variable/3
Warning:    Use :- discontiguous constraint_truth_democracy_disinformation:omega_variable/5. to suppress this message
Warning: /home/scott/bin/structural_dynamics_model/prolog/testsets/truth_democracy_disinformation.pl:317:
Warning:    Clauses of constraint_truth_democracy_disinformation:omega_variable/5 are not together in the source-file
Warning:    Earlier definition at /home/scott/bin/structural_dynamics_model/prolog/testsets/truth_democracy_disinformation.pl:297
Warning:    Current predicate: narrative_ontology:omega_variable/3
Warning:    Use :- discontiguous constraint_truth_democracy_disinformation:omega_variable/5. to suppress this message
Warning: /home/scott/bin/structural_dynamics_model/prolog/testsets/truth_democracy_disinformation.pl:327:
Warning:    Clauses of constraint_truth_democracy_disinformation:omega_variable/5 are not together in the source-file
Warning:    Earlier definition at /home/scott/bin/structural_dynamics_model/prolog/testsets/truth_democracy_disinformation.pl:297
Warning:    Current predicate: narrative_ontology:omega_variable/3
Warning:    Use :- discontiguous constraint_truth_democracy_disinformation:omega_variable/5. to suppress this message
Warning: /home/scott/bin/structural_dynamics_model/prolog/testsets/voltage_regulation_tradeoff.pl:253:
Warning:    Clauses of constraint_voltage_regulation_tradeoff:omega_variable/5 are not together in the source-file
Warning:    Earlier definition at /home/scott/bin/structural_dynamics_model/prolog/testsets/voltage_regulation_tradeoff.pl:243
Warning:    Current predicate: narrative_ontology:omega_variable/3
Warning:    Use :- discontiguous constraint_voltage_regulation_tradeoff:omega_variable/5. to suppress this message
Warning: /home/scott/bin/structural_dynamics_model/prolog/testsets/voltage_regulation_tradeoff.pl:263:
Warning:    Clauses of constraint_voltage_regulation_tradeoff:omega_variable/5 are not together in the source-file
Warning:    Earlier definition at /home/scott/bin/structural_dynamics_model/prolog/testsets/voltage_regulation_tradeoff.pl:243
Warning:    Current predicate: narrative_ontology:omega_variable/3
Warning:    Use :- discontiguous constraint_voltage_regulation_tradeoff:omega_variable/5. to suppress this message
Warning: /home/scott/bin/structural_dynamics_model/prolog/testsets/wage_convergence_mechanism.pl:305:
Warning:    Clauses of constraint_wage_convergence_mechanism:omega_variable/5 are not together in the source-file
Warning:    Earlier definition at /home/scott/bin/structural_dynamics_model/prolog/testsets/wage_convergence_mechanism.pl:295
Warning:    Current predicate: narrative_ontology:omega_variable/3
Warning:    Use :- discontiguous constraint_wage_convergence_mechanism:omega_variable/5. to suppress this message
Warning: /home/scott/bin/structural_dynamics_model/prolog/testsets/wage_convergence_mechanism.pl:315:
Warning:    Clauses of constraint_wage_convergence_mechanism:omega_variable/5 are not together in the source-file
Warning:    Earlier definition at /home/scott/bin/structural_dynamics_model/prolog/testsets/wage_convergence_mechanism.pl:295
Warning:    Current predicate: narrative_ontology:omega_variable/3
Warning:    Use :- discontiguous constraint_wage_convergence_mechanism:omega_variable/5. to suppress this message
Warning: /home/scott/bin/structural_dynamics_model/prolog/testsets/wage_convergence_mechanism.pl:325:
Warning:    Clauses of constraint_wage_convergence_mechanism:omega_variable/5 are not together in the source-file
Warning:    Earlier definition at /home/scott/bin/structural_dynamics_model/prolog/testsets/wage_convergence_mechanism.pl:295
Warning:    Current predicate: narrative_ontology:omega_variable/3
Warning:    Use :- discontiguous constraint_wage_convergence_mechanism:omega_variable/5. to suppress this message
Warning: /home/scott/bin/structural_dynamics_model/prolog/testsets/wage_convergence_mechanism.pl:335:
Warning:    Clauses of constraint_wage_convergence_mechanism:omega_variable/5 are not together in the source-file
Warning:    Earlier definition at /home/scott/bin/structural_dynamics_model/prolog/testsets/wage_convergence_mechanism.pl:295
Warning:    Current predicate: narrative_ontology:omega_variable/3
Warning:    Use :- discontiguous constraint_wage_convergence_mechanism:omega_variable/5. to suppress this message
Warning: /home/scott/bin/structural_dynamics_model/prolog/testsets/wage_convergence_sustainability.pl:246:
Warning:    Clauses of constraint_wage_convergence_sustainability:omega_variable/5 are not together in the source-file
Warning:    Earlier definition at /home/scott/bin/structural_dynamics_model/prolog/testsets/wage_convergence_sustainability.pl:236
Warning:    Current predicate: narrative_ontology:omega_variable/3
Warning:    Use :- discontiguous constraint_wage_convergence_sustainability:omega_variable/5. to suppress this message
Warning: /home/scott/bin/structural_dynamics_model/prolog/testsets/wage_convergence_sustainability.pl:256:
Warning:    Clauses of constraint_wage_convergence_sustainability:omega_variable/5 are not together in the source-file
Warning:    Earlier definition at /home/scott/bin/structural_dynamics_model/prolog/testsets/wage_convergence_sustainability.pl:236
Warning:    Current predicate: narrative_ontology:omega_variable/3
Warning:    Use :- discontiguous constraint_wage_convergence_sustainability:omega_variable/5. to suppress this message
Warning: /home/scott/bin/structural_dynamics_model/prolog/testsets/wage_convergence_sustainability.pl:266:
Warning:    Clauses of constraint_wage_convergence_sustainability:omega_variable/5 are not together in the source-file
Warning:    Earlier definition at /home/scott/bin/structural_dynamics_model/prolog/testsets/wage_convergence_sustainability.pl:236
Warning:    Current predicate: narrative_ontology:omega_variable/3
Warning:    Use :- discontiguous constraint_wage_convergence_sustainability:omega_variable/5. to suppress this message
Warning: /home/scott/bin/structural_dynamics_model/prolog/testsets/war_normalization_ai_weapons.pl:266:
Warning:    Clauses of constraint_war_normalization_ai_weapons:omega_variable/5 are not together in the source-file
Warning:    Earlier definition at /home/scott/bin/structural_dynamics_model/prolog/testsets/war_normalization_ai_weapons.pl:256
Warning:    Current predicate: narrative_ontology:omega_variable/3
Warning:    Use :- discontiguous constraint_war_normalization_ai_weapons:omega_variable/5. to suppress this message
Warning: /home/scott/bin/structural_dynamics_model/prolog/testsets/war_normalization_ai_weapons.pl:276:
Warning:    Clauses of constraint_war_normalization_ai_weapons:omega_variable/5 are not together in the source-file
Warning:    Earlier definition at /home/scott/bin/structural_dynamics_model/prolog/testsets/war_normalization_ai_weapons.pl:256
Warning:    Current predicate: narrative_ontology:omega_variable/3
Warning:    Use :- discontiguous constraint_war_normalization_ai_weapons:omega_variable/5. to suppress this message
Warning: /home/scott/bin/structural_dynamics_model/prolog/testsets/war_normalization_ai_weapons.pl:286:
Warning:    Clauses of constraint_war_normalization_ai_weapons:omega_variable/5 are not together in the source-file
Warning:    Earlier definition at /home/scott/bin/structural_dynamics_model/prolog/testsets/war_normalization_ai_weapons.pl:256
Warning:    Current predicate: narrative_ontology:omega_variable/3
Warning:    Use :- discontiguous constraint_war_normalization_ai_weapons:omega_variable/5. to suppress this message
Warning: /home/scott/bin/structural_dynamics_model/prolog/testsets/war_normalization_ai_weapons.pl:296:
Warning:    Clauses of constraint_war_normalization_ai_weapons:omega_variable/5 are not together in the source-file
Warning:    Earlier definition at /home/scott/bin/structural_dynamics_model/prolog/testsets/war_normalization_ai_weapons.pl:256
Warning:    Current predicate: narrative_ontology:omega_variable/3
Warning:    Use :- discontiguous constraint_war_normalization_ai_weapons:omega_variable/5. to suppress this message
Warning: /home/scott/bin/structural_dynamics_model/prolog/testsets/war_normalization_autonomous_weapons.pl:308:
Warning:    Clauses of constraint_war_normalization_autonomous_weapons:omega_variable/5 are not together in the source-file
Warning:    Earlier definition at /home/scott/bin/structural_dynamics_model/prolog/testsets/war_normalization_autonomous_weapons.pl:298
Warning:    Current predicate: narrative_ontology:omega_variable/3
Warning:    Use :- discontiguous constraint_war_normalization_autonomous_weapons:omega_variable/5. to suppress this message
Warning: /home/scott/bin/structural_dynamics_model/prolog/testsets/war_normalization_autonomous_weapons.pl:318:
Warning:    Clauses of constraint_war_normalization_autonomous_weapons:omega_variable/5 are not together in the source-file
Warning:    Earlier definition at /home/scott/bin/structural_dynamics_model/prolog/testsets/war_normalization_autonomous_weapons.pl:298
Warning:    Current predicate: narrative_ontology:omega_variable/3
Warning:    Use :- discontiguous constraint_war_normalization_autonomous_weapons:omega_variable/5. to suppress this message
Warning: /home/scott/bin/structural_dynamics_model/prolog/testsets/war_normalization_autonomous_weapons.pl:328:
Warning:    Clauses of constraint_war_normalization_autonomous_weapons:omega_variable/5 are not together in the source-file
Warning:    Earlier definition at /home/scott/bin/structural_dynamics_model/prolog/testsets/war_normalization_autonomous_weapons.pl:298
Warning:    Current predicate: narrative_ontology:omega_variable/3
Warning:    Use :- discontiguous constraint_war_normalization_autonomous_weapons:omega_variable/5. to suppress this message
Warning: /home/scott/bin/structural_dynamics_model/prolog/testsets/work_dignity_automation.pl:341:
Warning:    Clauses of constraint_work_dignity_automation:omega_variable/5 are not together in the source-file
Warning:    Earlier definition at /home/scott/bin/structural_dynamics_model/prolog/testsets/work_dignity_automation.pl:331
Warning:    Current predicate: narrative_ontology:omega_variable/3
Warning:    Use :- discontiguous constraint_work_dignity_automation:omega_variable/5. to suppress this message
Warning: /home/scott/bin/structural_dynamics_model/prolog/testsets/work_dignity_automation.pl:351:
Warning:    Clauses of constraint_work_dignity_automation:omega_variable/5 are not together in the source-file
Warning:    Earlier definition at /home/scott/bin/structural_dynamics_model/prolog/testsets/work_dignity_automation.pl:331
Warning:    Current predicate: narrative_ontology:omega_variable/3
Warning:    Use :- discontiguous constraint_work_dignity_automation:omega_variable/5. to suppress this message
Warning: /home/scott/bin/structural_dynamics_model/prolog/testsets/work_dignity_automation.pl:361:
Warning:    Clauses of constraint_work_dignity_automation:omega_variable/5 are not together in the source-file
Warning:    Earlier definition at /home/scott/bin/structural_dynamics_model/prolog/testsets/work_dignity_automation.pl:331
Warning:    Current predicate: narrative_ontology:omega_variable/3
Warning:    Use :- discontiguous constraint_work_dignity_automation:omega_variable/5. to suppress this message
Warning: /home/scott/bin/structural_dynamics_model/prolog/testsets/work_dignity_automation.pl:371:
Warning:    Clauses of constraint_work_dignity_automation:omega_variable/5 are not together in the source-file
Warning:    Earlier definition at /home/scott/bin/structural_dynamics_model/prolog/testsets/work_dignity_automation.pl:331
Warning:    Current predicate: narrative_ontology:omega_variable/3
Warning:    Use :- discontiguous constraint_work_dignity_automation:omega_variable/5. to suppress this message
Warning: /home/scott/bin/structural_dynamics_model/prolog/testsets/work_displacement_dignity.pl:252:
Warning:    Clauses of constraint_work_displacement_dignity:omega_variable/5 are not together in the source-file
Warning:    Earlier definition at /home/scott/bin/structural_dynamics_model/prolog/testsets/work_displacement_dignity.pl:242
Warning:    Current predicate: narrative_ontology:omega_variable/3
Warning:    Use :- discontiguous constraint_work_displacement_dignity:omega_variable/5. to suppress this message
Warning: /home/scott/bin/structural_dynamics_model/prolog/testsets/work_displacement_dignity.pl:262:
Warning:    Clauses of constraint_work_displacement_dignity:omega_variable/5 are not together in the source-file
Warning:    Earlier definition at /home/scott/bin/structural_dynamics_model/prolog/testsets/work_displacement_dignity.pl:242
Warning:    Current predicate: narrative_ontology:omega_variable/3
Warning:    Use :- discontiguous constraint_work_displacement_dignity:omega_variable/5. to suppress this message
Warning: /home/scott/bin/structural_dynamics_model/prolog/testsets/work_displacement_dignity.pl:272:
Warning:    Clauses of constraint_work_displacement_dignity:omega_variable/5 are not together in the source-file
Warning:    Earlier definition at /home/scott/bin/structural_dynamics_model/prolog/testsets/work_displacement_dignity.pl:242
Warning:    Current predicate: narrative_ontology:omega_variable/3
Warning:    Use :- discontiguous constraint_work_displacement_dignity:omega_variable/5. to suppress this message
Warning: /home/scott/bin/structural_dynamics_model/prolog/testsets/work_displacement_dignity.pl:282:
Warning:    Clauses of constraint_work_displacement_dignity:omega_variable/5 are not together in the source-file
Warning:    Earlier definition at /home/scott/bin/structural_dynamics_model/prolog/testsets/work_displacement_dignity.pl:242
Warning:    Current predicate: narrative_ontology:omega_variable/3
Warning:    Use :- discontiguous constraint_work_displacement_dignity:omega_variable/5. to suppress this message
[corpus] Loaded 39 testsets successfully.

=== OQ-57 LIVE RE-WITNESS (2026-06-10) ===
corpus_constraint denominator: 39

[reachability] internalized_piton guard (eps<0.10 AND theater>0.70): 0 constraint(s)
[reachability] extraction_dried_up clause (eps<0.10 AND supp>0.50): 0 constraint(s)

[symptom] calling drift_event(C, internalized_piton, _) on reaching constraints:
  (none reach the guard on the live corpus -- fix is UNEXERCISED here)

[full-scan] drift_event/3 over ALL corpus constraints, any event type:
  full enumeration completed with NO throw

[diagnostic positive control]
  domain_priors:requires_active_enforcement/1 (FIXED qualifier): succeeded
  narrative_ontology:requires_active_enforcement/1 (PRE-FIX qualifier): threw(error(existence_error(procedure,narrative_ontology:requires_active_enforcement/1),context(system: <meta-call> / 1,_29220)))

=== END ===
