  Total drift events:  4
  Total drift events:  2
  Total drift events:  4
  Total drift events:  1
  Total drift events:  4
  Total drift events:  4
  Total drift events:  0
  No drift events detected.
  Total drift events:  4
  Total drift events:  4
  Total drift events:  0
  No drift events detected.
  Total drift events:  3
  Total drift events:  4
  Total drift events:  3
  Total drift events:  4
  Total drift events:  3
  Total drift events:  3
  Total drift events:  2
  Total drift events:  4
  Total drift events:  4
  Total drift events:  3
  Total drift events:  3
  Total drift events:  1
  Total drift events:  3
  Total drift events:  4
  Total drift events:  3
  Total drift events:  4
  Total drift events:  3
  Total drift events:  0
  No drift events detected.
  Total drift events:  4
  Total drift events:  0
  No drift events detected.
  Total drift events:  3
  Total drift events:  4
  Total drift events:  2
  Total drift events:  3
  Total drift events:  3
  Total drift events:  4
  Total drift events:  4
  Total drift events:  3
  Total drift events:  4
           TEST SUITE SUMMARY
Passed: 39
Failed: 0
   VALIDATION SUMMARY                              
  Errors:   0
