# Trimmed: full stderr was 6.5M of per-testset load warnings (3380 files); kept [corpus]/[giant]/ERROR lines.
[corpus] Loading 3380 testset files...
[corpus] Loaded 3380 testsets successfully.
[giant] Pre-computing edges for 3380 constraints (threshold=0.01)...
[giant]   50/3380 nodes processed
[giant]   100/3380 nodes processed
[giant]   150/3380 nodes processed
[giant]   200/3380 nodes processed
[giant]   250/3380 nodes processed
[giant]   300/3380 nodes processed
[giant]   350/3380 nodes processed
[giant]   400/3380 nodes processed
[giant]   450/3380 nodes processed
[giant]   500/3380 nodes processed
[giant]   550/3380 nodes processed
[giant]   600/3380 nodes processed
[giant]   650/3380 nodes processed
[giant]   700/3380 nodes processed
[giant]   750/3380 nodes processed
[giant]   800/3380 nodes processed
[giant]   850/3380 nodes processed
[giant]   900/3380 nodes processed
[giant]   950/3380 nodes processed
[giant]   1000/3380 nodes processed
[giant]   1050/3380 nodes processed
[giant]   1100/3380 nodes processed
[giant]   1150/3380 nodes processed
[giant]   1200/3380 nodes processed
[giant]   1250/3380 nodes processed
[giant]   1300/3380 nodes processed
[giant]   1350/3380 nodes processed
[giant]   1400/3380 nodes processed
[giant]   1450/3380 nodes processed
[giant]   1500/3380 nodes processed
[giant]   1550/3380 nodes processed
[giant]   1600/3380 nodes processed
[giant]   1650/3380 nodes processed
[giant]   1700/3380 nodes processed
[giant]   1750/3380 nodes processed
[giant]   1800/3380 nodes processed
[giant]   1850/3380 nodes processed
[giant]   1900/3380 nodes processed
[giant]   1950/3380 nodes processed
[giant]   2000/3380 nodes processed
[giant]   2050/3380 nodes processed
[giant]   2100/3380 nodes processed
[giant]   2150/3380 nodes processed
[giant]   2200/3380 nodes processed
[giant]   2250/3380 nodes processed
[giant]   2300/3380 nodes processed
[giant]   2350/3380 nodes processed
[giant]   2400/3380 nodes processed
[giant]   2450/3380 nodes processed
[giant]   2500/3380 nodes processed
[giant]   2550/3380 nodes processed
[giant]   2600/3380 nodes processed
[giant]   2650/3380 nodes processed
[giant]   2700/3380 nodes processed
[giant]   2750/3380 nodes processed
[giant]   2800/3380 nodes processed
[giant]   2850/3380 nodes processed
[giant]   2900/3380 nodes processed
[giant]   2950/3380 nodes processed
[giant]   3000/3380 nodes processed
[giant]   3050/3380 nodes processed
[giant]   3100/3380 nodes processed
[giant]   3150/3380 nodes processed
[giant]   3200/3380 nodes processed
[giant]   3250/3380 nodes processed
[giant]   3300/3380 nodes processed
[giant]   3350/3380 nodes processed
[giant] Found 0 constraints with gradient data for inferred coupling.
[giant] Pre-computed 25757 non-inferred + 0 inferred edge records.
[giant] Computing node properties for 3380 constraints...
[giant]   100/3380 properties computed
[giant]   200/3380 properties computed
[giant]   300/3380 properties computed
[giant]   400/3380 properties computed
[giant]   500/3380 properties computed
[giant]   600/3380 properties computed
[giant]   700/3380 properties computed
[giant]   800/3380 properties computed
[giant]   900/3380 properties computed
[giant]   1000/3380 properties computed
[giant]   1100/3380 properties computed
[giant]   1200/3380 properties computed
[giant]   1300/3380 properties computed
[giant]   1400/3380 properties computed
[giant]   1500/3380 properties computed
[giant]   1600/3380 properties computed
[giant]   1700/3380 properties computed
[giant]   1800/3380 properties computed
[giant]   1900/3380 properties computed
[giant]   2000/3380 properties computed
[giant]   2100/3380 properties computed
[giant]   2200/3380 properties computed
[giant]   2300/3380 properties computed
[giant]   2400/3380 properties computed
[giant]   2500/3380 properties computed
[giant]   2600/3380 properties computed
[giant]   2700/3380 properties computed
[giant]   2800/3380 properties computed
[giant]   2900/3380 properties computed
[giant]   3000/3380 properties computed
[giant]   3100/3380 properties computed
[giant]   3200/3380 properties computed
[giant]   3300/3380 properties computed
