
[attempt 1/3] sync 18 requests (kimi-k2.6)...
  sync 1/18 (1 ok)
  sync 2/18 (2 ok)
  sync 3/18 (3 ok)
  sync 4/18 (4 ok)
  sync 5/18 (5 ok)
  sync 6/18 (6 ok)
  sync 7/18 (7 ok)
  sync 8/18 (8 ok)
  sync 9/18 (9 ok)
  sync 10/18 (10 ok)
  sync 11/18 (11 ok)
  [k13] HTTP 520: <!DOCTYPE html>
<!--[if lt IE 7]> <html class="no-js ie6 oldie" lang="en-US"> <![endif]-->
<!--[if IE 7]>    <html class="no-js ie7 oldie" lang="en-US"> <![endif]-->
<!--[if IE 8]>    <html class="no-
  sync 12/18 (11 ok)
  sync 13/18 (12 ok)
  sync 14/18 (13 ok)
  sync 15/18 (14 ok)
  sync 16/18 (15 ok)
  [k17] HTTP 520: <!DOCTYPE html>
<!--[if lt IE 7]> <html class="no-js ie6 oldie" lang="en-US"> <![endif]-->
<!--[if IE 7]>    <html class="no-js ie7 oldie" lang="en-US"> <![endif]-->
<!--[if IE 8]>    <html class="no-
  sync 17/18 (15 ok)
  sync 18/18 (16 ok)
  SNAP total_war_possibility_space__space_contraction_reading: reading_relation 'deterrence_equilibrium_reading' → 'total_war_possibility_space__deterrence_equilibrium_reading'
  SNAP total_war_possibility_space__space_contraction_reading: reading_relation 'nuclear_taboo_reading' → 'total_war_possibility_space__nuclear_taboo_reading'
Loaded 170 threshold values from config.pl
  LINT total_war_possibility_space__space_contraction_reading (2 warning(s)):
    - MISSING_AGENT_SURFACE: requires constraint_classification/3 (legacy) or constraint_stakeholder/7 (stakeholder surface) or the sanctioned authored-empty case (disappearance_verdict = world_unchanged).
    - MOUNTAIN_METRIC_CONFLICT: constraint_claim is mountain but suppression_score=0.08 exceeds the mountain suppression ceiling (0.05). Operator readout, NOT an authoring error to collapse: the authored mountain claim and the engine's metric-seat reading DIVERGE here — high authored suppression makes the metric seat read snare/rope/tangled_rope, and the false_natural_law signature routes to tangled_rope where Boltzmann non-compliance is present. These readings need not collapse to one true type (OQ-74 / seat theorem); the divergence is itself the authored signal the engine measures.
  OK total_war_possibility_space__space_contraction_reading
  SNAP dueling_disappearance_mechanism__contraction_reading: reading_relation 'institutional_displacement_reading' → 'dueling_disappearance_mechanism__institutional_displacement_reading'
  SNAP dueling_disappearance_mechanism__contraction_reading: reading_relation 'overdetermined_composite_reading' → 'dueling_disappearance_mechanism__overdetermined_composite_reading'
Loaded 170 threshold values from config.pl
  LINT dueling_disappearance_mechanism__contraction_reading (2 warning(s)):
    - SCAFFOLD_DANGER_ZONE: eps=0.25 with beneficiary data, no enforcement, no sunset clause, and low theater. The engine's scaffold gate may fire at moderate/analytical perspectives. Either add has_sunset_clause/1 (if genuinely a scaffold) or verify that the intended classification is rope.
    - MOUNTAIN_METRIC_CONFLICT: constraint_claim is mountain but suppression_score=0.25 exceeds the mountain suppression ceiling (0.05). Operator readout, NOT an authoring error to collapse: the authored mountain claim and the engine's metric-seat reading DIVERGE here — high authored suppression makes the metric seat read snare/rope/tangled_rope, and the false_natural_law signature routes to tangled_rope where Boltzmann non-compliance is present. These readings need not collapse to one true type (OQ-74 / seat theorem); the divergence is itself the authored signal the engine measures.
  OK dueling_disappearance_mechanism__contraction_reading
  SNAP total_war_possibility_space__nuclear_taboo_reading: reading_relation 'deterrence_equilibrium_reading' → 'total_war_possibility_space__deterrence_equilibrium_reading'
  SNAP total_war_possibility_space__nuclear_taboo_reading: reading_relation 'space_contraction_reading' → 'total_war_possibility_space__space_contraction_reading'
Loaded 170 threshold values from config.pl
  OK total_war_possibility_space__nuclear_taboo_reading
Loaded 170 threshold values from config.pl
  LINT press_reformation_causation__technological_determinism (2 warning(s)):
    - SCAFFOLD_DANGER_ZONE: eps=0.12 with beneficiary data, no enforcement, no sunset clause, and low theater. The engine's scaffold gate may fire at moderate/analytical perspectives. Either add has_sunset_clause/1 (if genuinely a scaffold) or verify that the intended classification is rope.
    - MOUNTAIN_METRIC_CONFLICT: constraint_claim is mountain but suppression_score=0.1 exceeds the mountain suppression ceiling (0.05). Operator readout, NOT an authoring error to collapse: the authored mountain claim and the engine's metric-seat reading DIVERGE here — high authored suppression makes the metric seat read snare/rope/tangled_rope, and the false_natural_law signature routes to tangled_rope where Boltzmann non-compliance is present. These readings need not collapse to one true type (OQ-74 / seat theorem); the divergence is itself the authored signal the engine measures.
  OK press_reformation_causation__technological_determinism
  SNAP digital_money_emergence_boundary__infrastructure_reading: reading_relation 'conceptualization_reading' → 'digital_money_emergence_boundary__conceptualization_reading'
  SNAP digital_money_emergence_boundary__infrastructure_reading: reading_relation 'consumer_holdings_reading' → 'digital_money_emergence_boundary__consumer_holdings_reading'
Loaded 170 threshold values from config.pl
  OK digital_money_emergence_boundary__infrastructure_reading
  SNAP competence_retention_exercise__simulation_as_sufficient: reading_relation 'catastrophe_as_necessary' → 'competence_retention_exercise__catastrophe_as_necessary'
  SNAP competence_retention_exercise__simulation_as_sufficient: reading_relation 'near_miss_as_bridge' → 'competence_retention_exercise__near_miss_as_bridge'
Loaded 170 threshold values from config.pl
  OK competence_retention_exercise__simulation_as_sufficient
Loaded 170 threshold values from config.pl
  OK animal_status__abolitionist_reading
Loaded 170 threshold values from config.pl
  LINT competence_occupation__real_incident_necessity (2 warning(s)):
    - MOUNTAIN_METRIC_CONFLICT: constraint_claim is mountain but base_extractiveness=0.62 exceeds the mountain threshold (0.25). Operator readout, NOT an authoring error to collapse: the authored mountain claim and the engine's metric-seat reading DIVERGE here — high authored ε makes the metric seat read snare/rope/tangled_rope, and the false_natural_law signature routes to tangled_rope where Boltzmann non-compliance is present. These readings need not collapse to one true type (OQ-74 / seat theorem); the divergence is itself the authored signal the engine measures.
    - MOUNTAIN_METRIC_CONFLICT: constraint_claim is mountain but suppression_score=0.71 exceeds the mountain suppression ceiling (0.05). Operator readout, NOT an authoring error to collapse: the authored mountain claim and the engine's metric-seat reading DIVERGE here — high authored suppression makes the metric seat read snare/rope/tangled_rope, and the false_natural_law signature routes to tangled_rope where Boltzmann non-compliance is present. These readings need not collapse to one true type (OQ-74 / seat theorem); the divergence is itself the authored signal the engine measures.
  OK competence_occupation__real_incident_necessity
Loaded 170 threshold values from config.pl
  OK genesis_creation_cosmology__literary_framework
Loaded 170 threshold values from config.pl
  LINT genesis_creation_narrative__allegorical_ancient_near_east (1 warning(s)):
    - SCAFFOLD_DANGER_ZONE: eps=0.12 with beneficiary data, no enforcement, no sunset clause, and low theater. The engine's scaffold gate may fire at moderate/analytical perspectives. Either add has_sunset_clause/1 (if genuinely a scaffold) or verify that the intended classification is rope.
  OK genesis_creation_narrative__allegorical_ancient_near_east
  SNAP legitimacy_of_practice_standardization__endogenous_displacement_reading: reading_relation 'exogenous_override_reading' → 'legitimacy_of_practice_standardization__exogenous_override_reading'
  SNAP legitimacy_of_practice_standardization__endogenous_displacement_reading: reading_relation 'dual_practice_equilibrium_reading' → 'legitimacy_of_practice_standardization__dual_practice_equilibrium_reading'
Loaded 170 threshold values from config.pl
  OK legitimacy_of_practice_standardization__endogenous_displacement_reading
  FAIL dignity_kernel__imago_dei_reading: errored
  SNAP quantum_formalism__copenhagen_reading: reading_relation 'many_worlds_reading' → 'quantum_formalism__many_worlds_reading'
  SNAP quantum_formalism__copenhagen_reading: reading_relation 'pilot_wave_reading' → 'quantum_formalism__pilot_wave_reading'
Loaded 170 threshold values from config.pl
  OK quantum_formalism__copenhagen_reading
  SNAP hebrew_linguistic_life__liturgical_preservation_reading: reading_relation 'native_generational_reading' → 'hebrew_linguistic_life__native_generational_reading'
  SNAP hebrew_linguistic_life__liturgical_preservation_reading: reading_relation 'marketplace_pidgin_reading' → 'hebrew_linguistic_life__marketplace_pidgin_reading'
Loaded 170 threshold values from config.pl
  OK hebrew_linguistic_life__liturgical_preservation_reading
  SNAP quantum_formalism__many_worlds_reading: reading_relation 'copenhagen_reading' → 'quantum_formalism__copenhagen_reading'
  SNAP quantum_formalism__many_worlds_reading: reading_relation 'pilot_wave_reading' → 'quantum_formalism__pilot_wave_reading'
Loaded 170 threshold values from config.pl
  OK quantum_formalism__many_worlds_reading
  SNAP deferential_realism_ontology__immutable_diagnostic_reading: reading_relation 'rhetorical_scaffold_reading' → 'deferential_realism_ontology__rhetorical_scaffold_reading'
  SNAP deferential_realism_ontology__immutable_diagnostic_reading: reading_relation 'hybrid_pragmatic_reading' → 'deferential_realism_ontology__hybrid_pragmatic_reading'
Loaded 170 threshold values from config.pl
  OK deferential_realism_ontology__immutable_diagnostic_reading
  FAIL honor_violence_legitimacy__contraction_reading: errored
  SNAP aneyoshi_stone_commitment__commemorative_husk_reading: reading_relation 'behavioral_competence_reading' → 'aneyoshi_stone_commitment__behavioral_competence_reading'
Loaded 170 threshold values from config.pl
  LINT aneyoshi_stone_commitment__commemorative_husk_reading (1 warning(s)):
    - MISSING_BENEFICIARY: Non-mountain constraints require narrative_ontology:constraint_beneficiary/2 for directionality derivation. Without it, the engine falls back to canonical d (power atom only).
  OK aneyoshi_stone_commitment__commemorative_husk_reading
  2 still failing after attempt 1

[attempt 2/3] sync 2 requests (kimi-k2.6)...
  sync 1/2 (1 ok)
  sync 2/2 (2 ok)
Loaded 170 threshold values from config.pl
  OK dignity_kernel__imago_dei_reading
  SNAP honor_violence_legitimacy__contraction_reading: reading_relation 'drop_reading' → 'honor_violence_legitimacy__drop_reading'
  SNAP honor_violence_legitimacy__contraction_reading: reading_relation 'composite_reading' → 'honor_violence_legitimacy__composite_reading'
Loaded 170 threshold values from config.pl
  OK honor_violence_legitimacy__contraction_reading

Kimi no-scope run complete: 18/18 into prolog/testsets_kimi_oq258_armb (ladder: beta_processed_kimi_oq258_armb.txt).
  token_acc: input=535,946 output=296,719 (output INCLUDES mandatory reasoning tokens)
  per-story mean: input=29,774 output=16,484
