
[attempt 1/3] sync 18 requests (kimi-k2.6)...
  sync 1/18 (1 ok)
  sync 2/18 (2 ok)
  sync 3/18 (3 ok)
  sync 4/18 (4 ok)
  sync 5/18 (5 ok)
  sync 6/18 (6 ok)
  sync 7/18 (7 ok)
  sync 8/18 (8 ok)
  sync 9/18 (9 ok)
  sync 10/18 (10 ok)
  sync 11/18 (11 ok)
  sync 12/18 (12 ok)
  sync 13/18 (13 ok)
  sync 14/18 (14 ok)
  sync 15/18 (15 ok)
  sync 16/18 (16 ok)
  sync 17/18 (17 ok)
  sync 18/18 (18 ok)
  SNAP total_war_possibility_space__nuclear_taboo_reading: reading_relation 'deterrence_equilibrium_reading' → 'total_war_possibility_space__deterrence_equilibrium_reading'
  SNAP total_war_possibility_space__nuclear_taboo_reading: reading_relation 'space_contraction_reading' → 'total_war_possibility_space__space_contraction_reading'
Loaded 170 threshold values from config.pl
  OK total_war_possibility_space__nuclear_taboo_reading
  SNAP digital_money_emergence_boundary__infrastructure_reading: reading_relation 'conceptualization_reading' → 'digital_money_emergence_boundary__conceptualization_reading'
  SNAP digital_money_emergence_boundary__infrastructure_reading: reading_relation 'consumer_holdings_reading' → 'digital_money_emergence_boundary__consumer_holdings_reading'
Loaded 170 threshold values from config.pl
  OK digital_money_emergence_boundary__infrastructure_reading
  SNAP dueling_disappearance_mechanism__contraction_reading: reading_relation 'institutional_displacement_reading' → 'dueling_disappearance_mechanism__institutional_displacement_reading'
  SNAP dueling_disappearance_mechanism__contraction_reading: reading_relation 'overdetermined_composite_reading' → 'dueling_disappearance_mechanism__overdetermined_composite_reading'
Loaded 170 threshold values from config.pl
  LINT dueling_disappearance_mechanism__contraction_reading (2 warning(s)):
    - MISSING_BENEFICIARY: Non-mountain constraints require narrative_ontology:constraint_beneficiary/2 for directionality derivation. Without it, the engine falls back to canonical d (power atom only).
    - MOUNTAIN_METRIC_CONFLICT: constraint_claim is mountain but suppression_score=0.18 exceeds the mountain suppression ceiling (0.05). Operator readout, NOT an authoring error to collapse: the authored mountain claim and the engine's metric-seat reading DIVERGE here — high authored suppression makes the metric seat read snare/rope/tangled_rope, and the false_natural_law signature routes to tangled_rope where Boltzmann non-compliance is present. These readings need not collapse to one true type (OQ-74 / seat theorem); the divergence is itself the authored signal the engine measures.
  OK dueling_disappearance_mechanism__contraction_reading
Loaded 170 threshold values from config.pl
  LINT press_reformation_causation__technological_determinism (2 warning(s)):
    - SCAFFOLD_DANGER_ZONE: eps=0.18 with beneficiary data, no enforcement, no sunset clause, and low theater. The engine's scaffold gate may fire at moderate/analytical perspectives. Either add has_sunset_clause/1 (if genuinely a scaffold) or verify that the intended classification is rope.
    - MOUNTAIN_METRIC_CONFLICT: constraint_claim is mountain but suppression_score=0.12 exceeds the mountain suppression ceiling (0.05). Operator readout, NOT an authoring error to collapse: the authored mountain claim and the engine's metric-seat reading DIVERGE here — high authored suppression makes the metric seat read snare/rope/tangled_rope, and the false_natural_law signature routes to tangled_rope where Boltzmann non-compliance is present. These readings need not collapse to one true type (OQ-74 / seat theorem); the divergence is itself the authored signal the engine measures.
  OK press_reformation_causation__technological_determinism
  SNAP total_war_possibility_space__space_contraction_reading: reading_relation 'deterrence_equilibrium_reading' → 'total_war_possibility_space__deterrence_equilibrium_reading'
  SNAP total_war_possibility_space__space_contraction_reading: reading_relation 'nuclear_taboo_reading' → 'total_war_possibility_space__nuclear_taboo_reading'
Loaded 170 threshold values from config.pl
  LINT total_war_possibility_space__space_contraction_reading (1 warning(s)):
    - SCAFFOLD_DANGER_ZONE: eps=0.18 with beneficiary data, no enforcement, no sunset clause, and low theater. The engine's scaffold gate may fire at moderate/analytical perspectives. Either add has_sunset_clause/1 (if genuinely a scaffold) or verify that the intended classification is rope.
  OK total_war_possibility_space__space_contraction_reading
  SNAP genesis_creation_cosmology__literary_framework: reading_relation 'young_earth_literal' → 'genesis_creation_cosmology__young_earth_literal'
  SNAP genesis_creation_cosmology__literary_framework: reading_relation 'theistic_evolution' → 'genesis_creation_cosmology__theistic_evolution'
Loaded 170 threshold values from config.pl
  OK genesis_creation_cosmology__literary_framework
Loaded 170 threshold values from config.pl
  OK competence_retention_exercise__simulation_as_sufficient
  SNAP legitimacy_of_practice_standardization__endogenous_displacement_reading: reading_relation 'exogenous_override_reading' → 'legitimacy_of_practice_standardization__exogenous_override_reading'
  SNAP legitimacy_of_practice_standardization__endogenous_displacement_reading: reading_relation 'dual_practice_equilibrium_reading' → 'legitimacy_of_practice_standardization__dual_practice_equilibrium_reading'
Loaded 170 threshold values from config.pl
  OK legitimacy_of_practice_standardization__endogenous_displacement_reading
Loaded 170 threshold values from config.pl
  OK genesis_creation_narrative__allegorical_ancient_near_east
Loaded 170 threshold values from config.pl
  LINT competence_occupation__real_incident_necessity (2 warning(s)):
    - MISSING_AGENT_SURFACE: requires constraint_classification/3 (legacy) or constraint_stakeholder/7 (stakeholder surface) or the sanctioned authored-empty case (disappearance_verdict = world_unchanged).
    - MOUNTAIN_METRIC_CONFLICT: constraint_claim is mountain but suppression_score=0.14 exceeds the mountain suppression ceiling (0.05). Operator readout, NOT an authoring error to collapse: the authored mountain claim and the engine's metric-seat reading DIVERGE here — high authored suppression makes the metric seat read snare/rope/tangled_rope, and the false_natural_law signature routes to tangled_rope where Boltzmann non-compliance is present. These readings need not collapse to one true type (OQ-74 / seat theorem); the divergence is itself the authored signal the engine measures.
  OK competence_occupation__real_incident_necessity
  SNAP animal_status__abolitionist_reading: reading_relation 'property_reading' → 'animal_status__property_reading'
  SNAP animal_status__abolitionist_reading: reading_relation 'welfare_reading' → 'animal_status__welfare_reading'
Loaded 170 threshold values from config.pl
  LINT animal_status__abolitionist_reading (2 warning(s)):
    - MISSING_BENEFICIARY: Non-mountain constraints require narrative_ontology:constraint_beneficiary/2 for directionality derivation. Without it, the engine falls back to canonical d (power atom only).
    - MOUNTAIN_METRIC_CONFLICT: constraint_claim is mountain but suppression_score=0.15 exceeds the mountain suppression ceiling (0.05). Operator readout, NOT an authoring error to collapse: the authored mountain claim and the engine's metric-seat reading DIVERGE here — high authored suppression makes the metric seat read snare/rope/tangled_rope, and the false_natural_law signature routes to tangled_rope where Boltzmann non-compliance is present. These readings need not collapse to one true type (OQ-74 / seat theorem); the divergence is itself the authored signal the engine measures.
  OK animal_status__abolitionist_reading
  SNAP quantum_formalism__copenhagen_reading: reading_relation 'many_worlds_reading' → 'quantum_formalism__many_worlds_reading'
  SNAP quantum_formalism__copenhagen_reading: reading_relation 'pilot_wave_reading' → 'quantum_formalism__pilot_wave_reading'
Loaded 170 threshold values from config.pl
  OK quantum_formalism__copenhagen_reading
Loaded 170 threshold values from config.pl
  OK quantum_formalism__many_worlds_reading
  SNAP dignity_kernel__imago_dei_reading: reading_relation 'autonomy_rights_reading' → 'dignity_kernel__autonomy_rights_reading'
  SNAP dignity_kernel__imago_dei_reading: reading_relation 'posthumanist_reading' → 'dignity_kernel__posthumanist_reading'
Loaded 170 threshold values from config.pl
  OK dignity_kernel__imago_dei_reading
  SNAP deferential_realism_ontology__immutable_diagnostic_reading: reading_relation 'rhetorical_scaffold_reading' → 'deferential_realism_ontology__rhetorical_scaffold_reading'
  SNAP deferential_realism_ontology__immutable_diagnostic_reading: reading_relation 'hybrid_pragmatic_reading' → 'deferential_realism_ontology__hybrid_pragmatic_reading'
Loaded 170 threshold values from config.pl
  OK deferential_realism_ontology__immutable_diagnostic_reading
  SNAP hebrew_linguistic_life__liturgical_preservation_reading: reading_relation 'native_generational_reading' → 'hebrew_linguistic_life__native_generational_reading'
  SNAP hebrew_linguistic_life__liturgical_preservation_reading: reading_relation 'marketplace_pidgin_reading' → 'hebrew_linguistic_life__marketplace_pidgin_reading'
Loaded 170 threshold values from config.pl
  OK hebrew_linguistic_life__liturgical_preservation_reading
Loaded 170 threshold values from config.pl
  OK honor_violence_legitimacy__contraction_reading
  SNAP aneyoshi_stone_commitment__commemorative_husk_reading: reading_relation 'behavioral_competence_reading' → 'aneyoshi_stone_commitment__behavioral_competence_reading'
Loaded 170 threshold values from config.pl
  LINT aneyoshi_stone_commitment__commemorative_husk_reading (1 warning(s)):
    - MISSING_BENEFICIARY: Non-mountain constraints require narrative_ontology:constraint_beneficiary/2 for directionality derivation. Without it, the engine falls back to canonical d (power atom only).
  OK aneyoshi_stone_commitment__commemorative_husk_reading

Kimi no-scope run complete: 18/18 into prolog/testsets_kimi_oq258_arma (ladder: beta_processed_kimi_oq258_arma.txt).
  token_acc: input=541,382 output=290,333 (output INCLUDES mandatory reasoning tokens)
  per-story mean: input=30,076 output=16,129
