REACH CHECK for the §(b) conclusion-invariance instrument
========================================================================
Candidate claim: the ONE cross-story name-identity claim in the radius —
`shared_agent_link/4` network topology (component count / connectedness), which is
exactly the survival §(b) describes: names churn, topology may not.

draw-slice k=1: 5 stories
    shared_agent_link edges in this slice: 0
    => component count = 5 (every story isolated)
draw-slice k=2: 6 stories
    shared_agent_link edges in this slice: 0
    => component count = 6 (every story isolated)
draw-slice k=3: 6 stories
    shared_agent_link edges in this slice: 0
    => component count = 6 (every story isolated)
========================================================================
VERDICT: the conclusion is INVARIANT across all three slices — and invariant BY
CONSTRUCTION, not by measurement. Six stories on six unrelated topics share no
beneficiary or victim name in ANY draw, so the component count equals the story count
in every slice and no draw could have made it differ. That is a CONSISTENCY check,
not a DISCRIMINATION check (build_discipline: 'a check that CANNOT fail witnesses
nothing while looking exactly like one that passed').

Admitting `-and-survives` on it would manufacture a survival into the sole confirmed
state the headline excludes — the precise failure §(b) built the category's door to stop.
