
====================================================
   STRUCTURAL ANALYSIS STACK INITIALIZED             
====================================================
Control:    Scenario Manager Active
Usage:      run_scenario('file.pl', interval_id).
====================================================
contexts=156
DIVERGENT agenda_conditioning T=10 ctx=context(agent_power(powerless),time_horizon(biographical),exit_options(trapped),spatial_scope(national)) sub=0.72/snare interp=0.58/tangled_rope
DIVERGENT agenda_conditioning T=10 ctx=context(agent_power(powerless),time_horizon(biographical),exit_options(trapped),spatial_scope(global)) sub=0.72/snare interp=0.58/tangled_rope
DIVERGENT agenda_conditioning T=10 ctx=context(agent_power(powerless),time_horizon(biographical),exit_options(constrained),spatial_scope(national)) sub=0.72/snare interp=0.58/tangled_rope
DIVERGENT agenda_conditioning T=10 ctx=context(agent_power(powerless),time_horizon(biographical),exit_options(constrained),spatial_scope(global)) sub=0.72/snare interp=0.58/tangled_rope
DIVERGENT agenda_conditioning T=10 ctx=context(agent_power(powerless),time_horizon(biographical),exit_options(mobile),spatial_scope(national)) sub=0.72/snare interp=0.58/tangled_rope
DIVERGENT agenda_conditioning T=10 ctx=context(agent_power(powerless),time_horizon(biographical),exit_options(mobile),spatial_scope(global)) sub=0.72/snare interp=0.58/tangled_rope
DIVERGENT agenda_conditioning T=10 ctx=context(agent_power(powerless),time_horizon(biographical),exit_options(arbitrage),spatial_scope(national)) sub=0.72/snare interp=0.58/tangled_rope
DIVERGENT agenda_conditioning T=10 ctx=context(agent_power(powerless),time_horizon(biographical),exit_options(arbitrage),spatial_scope(global)) sub=0.72/snare interp=0.58/tangled_rope
DIVERGENT agenda_conditioning T=10 ctx=context(agent_power(powerless),time_horizon(generational),exit_options(trapped),spatial_scope(national)) sub=0.72/snare interp=0.58/tangled_rope
DIVERGENT agenda_conditioning T=10 ctx=context(agent_power(powerless),time_horizon(generational),exit_options(trapped),spatial_scope(global)) sub=0.72/snare interp=0.58/tangled_rope
DIVERGENT agenda_conditioning T=10 ctx=context(agent_power(powerless),time_horizon(generational),exit_options(constrained),spatial_scope(national)) sub=0.72/snare interp=0.58/tangled_rope
DIVERGENT agenda_conditioning T=10 ctx=context(agent_power(powerless),time_horizon(generational),exit_options(constrained),spatial_scope(global)) sub=0.72/snare interp=0.58/tangled_rope
DIVERGENT agenda_conditioning T=10 ctx=context(agent_power(powerless),time_horizon(generational),exit_options(mobile),spatial_scope(national)) sub=0.72/snare interp=0.58/tangled_rope
DIVERGENT agenda_conditioning T=10 ctx=context(agent_power(powerless),time_horizon(generational),exit_options(mobile),spatial_scope(global)) sub=0.72/snare interp=0.58/tangled_rope
DIVERGENT agenda_conditioning T=10 ctx=context(agent_power(powerless),time_horizon(generational),exit_options(arbitrage),spatial_scope(national)) sub=0.72/snare interp=0.58/tangled_rope
DIVERGENT agenda_conditioning T=10 ctx=context(agent_power(powerless),time_horizon(generational),exit_options(arbitrage),spatial_scope(global)) sub=0.72/snare interp=0.58/tangled_rope
DIVERGENT agenda_conditioning T=10 ctx=context(agent_power(powerless),time_horizon(civilizational),exit_options(trapped),spatial_scope(national)) sub=0.72/snare interp=0.58/tangled_rope
DIVERGENT agenda_conditioning T=10 ctx=context(agent_power(powerless),time_horizon(civilizational),exit_options(trapped),spatial_scope(global)) sub=0.72/snare interp=0.58/tangled_rope
DIVERGENT agenda_conditioning T=10 ctx=context(agent_power(powerless),time_horizon(civilizational),exit_options(constrained),spatial_scope(national)) sub=0.72/snare interp=0.58/tangled_rope
DIVERGENT agenda_conditioning T=10 ctx=context(agent_power(powerless),time_horizon(civilizational),exit_options(constrained),spatial_scope(global)) sub=0.72/snare interp=0.58/tangled_rope
DIVERGENT agenda_conditioning T=10 ctx=context(agent_power(powerless),time_horizon(civilizational),exit_options(mobile),spatial_scope(national)) sub=0.72/snare interp=0.58/tangled_rope
DIVERGENT agenda_conditioning T=10 ctx=context(agent_power(powerless),time_horizon(civilizational),exit_options(mobile),spatial_scope(global)) sub=0.72/snare interp=0.58/tangled_rope
DIVERGENT agenda_conditioning T=10 ctx=context(agent_power(powerless),time_horizon(civilizational),exit_options(arbitrage),spatial_scope(national)) sub=0.72/snare interp=0.58/tangled_rope
DIVERGENT agenda_conditioning T=10 ctx=context(agent_power(powerless),time_horizon(civilizational),exit_options(arbitrage),spatial_scope(global)) sub=0.72/snare interp=0.58/tangled_rope
DIVERGENT agenda_conditioning T=10 ctx=context(agent_power(powerless),time_horizon(civilizational),exit_options(analytical),spatial_scope(national)) sub=0.72/snare interp=0.58/tangled_rope
DIVERGENT agenda_conditioning T=10 ctx=context(agent_power(powerless),time_horizon(civilizational),exit_options(analytical),spatial_scope(global)) sub=0.72/snare interp=0.58/tangled_rope
DIVERGENT agenda_conditioning T=10 ctx=context(agent_power(moderate),time_horizon(biographical),exit_options(trapped),spatial_scope(global)) sub=0.72/snare interp=0.58/tangled_rope
DIVERGENT agenda_conditioning T=10 ctx=context(agent_power(moderate),time_horizon(biographical),exit_options(constrained),spatial_scope(global)) sub=0.72/snare interp=0.58/tangled_rope
DIVERGENT agenda_conditioning T=10 ctx=context(agent_power(moderate),time_horizon(biographical),exit_options(mobile),spatial_scope(global)) sub=0.72/snare interp=0.58/tangled_rope
DIVERGENT agenda_conditioning T=10 ctx=context(agent_power(moderate),time_horizon(generational),exit_options(trapped),spatial_scope(global)) sub=0.72/snare interp=0.58/tangled_rope
DIVERGENT agenda_conditioning T=10 ctx=context(agent_power(moderate),time_horizon(generational),exit_options(constrained),spatial_scope(global)) sub=0.72/snare interp=0.58/tangled_rope
DIVERGENT agenda_conditioning T=10 ctx=context(agent_power(moderate),time_horizon(generational),exit_options(mobile),spatial_scope(global)) sub=0.72/snare interp=0.58/tangled_rope
DIVERGENT agenda_conditioning T=10 ctx=context(agent_power(moderate),time_horizon(civilizational),exit_options(trapped),spatial_scope(global)) sub=0.72/snare interp=0.58/tangled_rope
DIVERGENT agenda_conditioning T=10 ctx=context(agent_power(moderate),time_horizon(civilizational),exit_options(constrained),spatial_scope(global)) sub=0.72/snare interp=0.58/tangled_rope
DIVERGENT agenda_conditioning T=10 ctx=context(agent_power(moderate),time_horizon(civilizational),exit_options(mobile),spatial_scope(global)) sub=0.72/snare interp=0.58/tangled_rope
DIVERGENT agenda_conditioning T=10 ctx=context(agent_power(moderate),time_horizon(civilizational),exit_options(analytical),spatial_scope(global)) sub=0.72/snare interp=0.58/tangled_rope
DIVERGENT agenda_conditioning T=10 ctx=context(agent_power(analytical),time_horizon(biographical),exit_options(trapped),spatial_scope(global)) sub=0.72/snare interp=0.58/tangled_rope
DIVERGENT agenda_conditioning T=10 ctx=context(agent_power(analytical),time_horizon(biographical),exit_options(constrained),spatial_scope(global)) sub=0.72/snare interp=0.58/tangled_rope
DIVERGENT agenda_conditioning T=10 ctx=context(agent_power(analytical),time_horizon(biographical),exit_options(mobile),spatial_scope(global)) sub=0.72/snare interp=0.58/tangled_rope
DIVERGENT agenda_conditioning T=10 ctx=context(agent_power(analytical),time_horizon(biographical),exit_options(arbitrage),spatial_scope(global)) sub=0.72/snare interp=0.58/tangled_rope
DIVERGENT agenda_conditioning T=10 ctx=context(agent_power(analytical),time_horizon(generational),exit_options(trapped),spatial_scope(global)) sub=0.72/snare interp=0.58/tangled_rope
DIVERGENT agenda_conditioning T=10 ctx=context(agent_power(analytical),time_horizon(generational),exit_options(constrained),spatial_scope(global)) sub=0.72/snare interp=0.58/tangled_rope
DIVERGENT agenda_conditioning T=10 ctx=context(agent_power(analytical),time_horizon(generational),exit_options(mobile),spatial_scope(global)) sub=0.72/snare interp=0.58/tangled_rope
DIVERGENT agenda_conditioning T=10 ctx=context(agent_power(analytical),time_horizon(generational),exit_options(arbitrage),spatial_scope(global)) sub=0.72/snare interp=0.58/tangled_rope
DIVERGENT agenda_conditioning T=10 ctx=context(agent_power(analytical),time_horizon(civilizational),exit_options(trapped),spatial_scope(global)) sub=0.72/snare interp=0.58/tangled_rope
DIVERGENT agenda_conditioning T=10 ctx=context(agent_power(analytical),time_horizon(civilizational),exit_options(constrained),spatial_scope(global)) sub=0.72/snare interp=0.58/tangled_rope
DIVERGENT agenda_conditioning T=10 ctx=context(agent_power(analytical),time_horizon(civilizational),exit_options(mobile),spatial_scope(global)) sub=0.72/snare interp=0.58/tangled_rope
DIVERGENT agenda_conditioning T=10 ctx=context(agent_power(analytical),time_horizon(civilizational),exit_options(arbitrage),spatial_scope(global)) sub=0.72/snare interp=0.58/tangled_rope
DIVERGENT agenda_conditioning T=10 ctx=context(agent_power(analytical),time_horizon(civilizational),exit_options(analytical),spatial_scope(global)) sub=0.72/snare interp=0.58/tangled_rope
DIVERGENT post_1998_convergence T=13 ctx=context(agent_power(powerless),time_horizon(biographical),exit_options(trapped),spatial_scope(national)) sub=0.72/snare interp=0.56/tangled_rope
DIVERGENT post_1998_convergence T=13 ctx=context(agent_power(powerless),time_horizon(biographical),exit_options(trapped),spatial_scope(global)) sub=0.72/snare interp=0.56/tangled_rope
DIVERGENT post_1998_convergence T=13 ctx=context(agent_power(powerless),time_horizon(biographical),exit_options(constrained),spatial_scope(national)) sub=0.72/snare interp=0.56/tangled_rope
DIVERGENT post_1998_convergence T=13 ctx=context(agent_power(powerless),time_horizon(biographical),exit_options(constrained),spatial_scope(global)) sub=0.72/snare interp=0.56/tangled_rope
DIVERGENT post_1998_convergence T=13 ctx=context(agent_power(powerless),time_horizon(biographical),exit_options(mobile),spatial_scope(national)) sub=0.72/snare interp=0.56/tangled_rope
DIVERGENT post_1998_convergence T=13 ctx=context(agent_power(powerless),time_horizon(biographical),exit_options(mobile),spatial_scope(global)) sub=0.72/snare interp=0.56/tangled_rope
DIVERGENT post_1998_convergence T=13 ctx=context(agent_power(powerless),time_horizon(biographical),exit_options(arbitrage),spatial_scope(national)) sub=0.72/snare interp=0.56/tangled_rope
DIVERGENT post_1998_convergence T=13 ctx=context(agent_power(powerless),time_horizon(biographical),exit_options(arbitrage),spatial_scope(global)) sub=0.72/snare interp=0.56/tangled_rope
DIVERGENT post_1998_convergence T=13 ctx=context(agent_power(powerless),time_horizon(generational),exit_options(trapped),spatial_scope(national)) sub=0.72/snare interp=0.56/tangled_rope
DIVERGENT post_1998_convergence T=13 ctx=context(agent_power(powerless),time_horizon(generational),exit_options(trapped),spatial_scope(global)) sub=0.72/snare interp=0.56/tangled_rope
DIVERGENT post_1998_convergence T=13 ctx=context(agent_power(powerless),time_horizon(generational),exit_options(constrained),spatial_scope(national)) sub=0.72/snare interp=0.56/tangled_rope
DIVERGENT post_1998_convergence T=13 ctx=context(agent_power(powerless),time_horizon(generational),exit_options(constrained),spatial_scope(global)) sub=0.72/snare interp=0.56/tangled_rope
DIVERGENT post_1998_convergence T=13 ctx=context(agent_power(powerless),time_horizon(generational),exit_options(mobile),spatial_scope(national)) sub=0.72/snare interp=0.56/tangled_rope
DIVERGENT post_1998_convergence T=13 ctx=context(agent_power(powerless),time_horizon(generational),exit_options(mobile),spatial_scope(global)) sub=0.72/snare interp=0.56/tangled_rope
DIVERGENT post_1998_convergence T=13 ctx=context(agent_power(powerless),time_horizon(generational),exit_options(arbitrage),spatial_scope(national)) sub=0.72/snare interp=0.56/tangled_rope
DIVERGENT post_1998_convergence T=13 ctx=context(agent_power(powerless),time_horizon(generational),exit_options(arbitrage),spatial_scope(global)) sub=0.72/snare interp=0.56/tangled_rope
DIVERGENT post_1998_convergence T=13 ctx=context(agent_power(powerless),time_horizon(civilizational),exit_options(trapped),spatial_scope(national)) sub=0.72/snare interp=0.56/tangled_rope
DIVERGENT post_1998_convergence T=13 ctx=context(agent_power(powerless),time_horizon(civilizational),exit_options(trapped),spatial_scope(global)) sub=0.72/snare interp=0.56/tangled_rope
DIVERGENT post_1998_convergence T=13 ctx=context(agent_power(powerless),time_horizon(civilizational),exit_options(constrained),spatial_scope(national)) sub=0.72/snare interp=0.56/tangled_rope
DIVERGENT post_1998_convergence T=13 ctx=context(agent_power(powerless),time_horizon(civilizational),exit_options(constrained),spatial_scope(global)) sub=0.72/snare interp=0.56/tangled_rope
DIVERGENT post_1998_convergence T=13 ctx=context(agent_power(powerless),time_horizon(civilizational),exit_options(mobile),spatial_scope(national)) sub=0.72/snare interp=0.56/tangled_rope
DIVERGENT post_1998_convergence T=13 ctx=context(agent_power(powerless),time_horizon(civilizational),exit_options(mobile),spatial_scope(global)) sub=0.72/snare interp=0.56/tangled_rope
DIVERGENT post_1998_convergence T=13 ctx=context(agent_power(powerless),time_horizon(civilizational),exit_options(arbitrage),spatial_scope(national)) sub=0.72/snare interp=0.56/tangled_rope
DIVERGENT post_1998_convergence T=13 ctx=context(agent_power(powerless),time_horizon(civilizational),exit_options(arbitrage),spatial_scope(global)) sub=0.72/snare interp=0.56/tangled_rope
DIVERGENT post_1998_convergence T=13 ctx=context(agent_power(powerless),time_horizon(civilizational),exit_options(analytical),spatial_scope(national)) sub=0.72/snare interp=0.56/tangled_rope
DIVERGENT post_1998_convergence T=13 ctx=context(agent_power(powerless),time_horizon(civilizational),exit_options(analytical),spatial_scope(global)) sub=0.72/snare interp=0.56/tangled_rope
DIVERGENT post_1998_convergence T=13 ctx=context(agent_power(moderate),time_horizon(biographical),exit_options(trapped),spatial_scope(global)) sub=0.72/snare interp=0.56/tangled_rope
DIVERGENT post_1998_convergence T=13 ctx=context(agent_power(moderate),time_horizon(biographical),exit_options(constrained),spatial_scope(global)) sub=0.72/snare interp=0.56/tangled_rope
DIVERGENT post_1998_convergence T=13 ctx=context(agent_power(moderate),time_horizon(biographical),exit_options(mobile),spatial_scope(global)) sub=0.72/snare interp=0.56/tangled_rope
DIVERGENT post_1998_convergence T=13 ctx=context(agent_power(moderate),time_horizon(biographical),exit_options(arbitrage),spatial_scope(global)) sub=0.72/snare interp=0.56/tangled_rope
DIVERGENT post_1998_convergence T=13 ctx=context(agent_power(moderate),time_horizon(generational),exit_options(trapped),spatial_scope(global)) sub=0.72/snare interp=0.56/tangled_rope
DIVERGENT post_1998_convergence T=13 ctx=context(agent_power(moderate),time_horizon(generational),exit_options(constrained),spatial_scope(global)) sub=0.72/snare interp=0.56/tangled_rope
DIVERGENT post_1998_convergence T=13 ctx=context(agent_power(moderate),time_horizon(generational),exit_options(mobile),spatial_scope(global)) sub=0.72/snare interp=0.56/tangled_rope
DIVERGENT post_1998_convergence T=13 ctx=context(agent_power(moderate),time_horizon(generational),exit_options(arbitrage),spatial_scope(global)) sub=0.72/snare interp=0.56/tangled_rope
DIVERGENT post_1998_convergence T=13 ctx=context(agent_power(moderate),time_horizon(civilizational),exit_options(trapped),spatial_scope(global)) sub=0.72/snare interp=0.56/tangled_rope
DIVERGENT post_1998_convergence T=13 ctx=context(agent_power(moderate),time_horizon(civilizational),exit_options(constrained),spatial_scope(global)) sub=0.72/snare interp=0.56/tangled_rope
DIVERGENT post_1998_convergence T=13 ctx=context(agent_power(moderate),time_horizon(civilizational),exit_options(mobile),spatial_scope(global)) sub=0.72/snare interp=0.56/tangled_rope
DIVERGENT post_1998_convergence T=13 ctx=context(agent_power(moderate),time_horizon(civilizational),exit_options(arbitrage),spatial_scope(global)) sub=0.72/snare interp=0.56/tangled_rope
DIVERGENT post_1998_convergence T=13 ctx=context(agent_power(moderate),time_horizon(civilizational),exit_options(analytical),spatial_scope(global)) sub=0.72/snare interp=0.56/tangled_rope
DIVERGENT post_1998_convergence T=13 ctx=context(agent_power(analytical),time_horizon(biographical),exit_options(trapped),spatial_scope(national)) sub=0.72/snare interp=0.56/tangled_rope
DIVERGENT post_1998_convergence T=13 ctx=context(agent_power(analytical),time_horizon(biographical),exit_options(trapped),spatial_scope(global)) sub=0.72/snare interp=0.56/tangled_rope
DIVERGENT post_1998_convergence T=13 ctx=context(agent_power(analytical),time_horizon(biographical),exit_options(constrained),spatial_scope(global)) sub=0.72/snare interp=0.56/tangled_rope
DIVERGENT post_1998_convergence T=13 ctx=context(agent_power(analytical),time_horizon(biographical),exit_options(mobile),spatial_scope(global)) sub=0.72/snare interp=0.56/tangled_rope
DIVERGENT post_1998_convergence T=13 ctx=context(agent_power(analytical),time_horizon(biographical),exit_options(arbitrage),spatial_scope(global)) sub=0.72/snare interp=0.56/tangled_rope
DIVERGENT post_1998_convergence T=13 ctx=context(agent_power(analytical),time_horizon(generational),exit_options(trapped),spatial_scope(national)) sub=0.72/snare interp=0.56/tangled_rope
DIVERGENT post_1998_convergence T=13 ctx=context(agent_power(analytical),time_horizon(generational),exit_options(trapped),spatial_scope(global)) sub=0.72/snare interp=0.56/tangled_rope
DIVERGENT post_1998_convergence T=13 ctx=context(agent_power(analytical),time_horizon(generational),exit_options(constrained),spatial_scope(global)) sub=0.72/snare interp=0.56/tangled_rope
DIVERGENT post_1998_convergence T=13 ctx=context(agent_power(analytical),time_horizon(generational),exit_options(mobile),spatial_scope(global)) sub=0.72/snare interp=0.56/tangled_rope
DIVERGENT post_1998_convergence T=13 ctx=context(agent_power(analytical),time_horizon(generational),exit_options(arbitrage),spatial_scope(global)) sub=0.72/snare interp=0.56/tangled_rope
DIVERGENT post_1998_convergence T=13 ctx=context(agent_power(analytical),time_horizon(civilizational),exit_options(trapped),spatial_scope(national)) sub=0.72/snare interp=0.56/tangled_rope
DIVERGENT post_1998_convergence T=13 ctx=context(agent_power(analytical),time_horizon(civilizational),exit_options(trapped),spatial_scope(global)) sub=0.72/snare interp=0.56/tangled_rope
DIVERGENT post_1998_convergence T=13 ctx=context(agent_power(analytical),time_horizon(civilizational),exit_options(constrained),spatial_scope(global)) sub=0.72/snare interp=0.56/tangled_rope
DIVERGENT post_1998_convergence T=13 ctx=context(agent_power(analytical),time_horizon(civilizational),exit_options(mobile),spatial_scope(global)) sub=0.72/snare interp=0.56/tangled_rope
DIVERGENT post_1998_convergence T=13 ctx=context(agent_power(analytical),time_horizon(civilizational),exit_options(arbitrage),spatial_scope(global)) sub=0.72/snare interp=0.56/tangled_rope
DIVERGENT post_1998_convergence T=13 ctx=context(agent_power(analytical),time_horizon(civilizational),exit_options(analytical),spatial_scope(global)) sub=0.72/snare interp=0.56/tangled_rope
DIVERGENT technocratic_paradigm_vs_human_primacy T=9 ctx=context(agent_power(powerless),time_horizon(biographical),exit_options(trapped),spatial_scope(national)) sub=0.62/snare interp=0.58/tangled_rope
DIVERGENT technocratic_paradigm_vs_human_primacy T=9 ctx=context(agent_power(powerless),time_horizon(biographical),exit_options(trapped),spatial_scope(global)) sub=0.62/snare interp=0.58/tangled_rope
DIVERGENT technocratic_paradigm_vs_human_primacy T=9 ctx=context(agent_power(powerless),time_horizon(biographical),exit_options(constrained),spatial_scope(national)) sub=0.62/snare interp=0.58/tangled_rope
DIVERGENT technocratic_paradigm_vs_human_primacy T=9 ctx=context(agent_power(powerless),time_horizon(biographical),exit_options(constrained),spatial_scope(global)) sub=0.62/snare interp=0.58/tangled_rope
DIVERGENT technocratic_paradigm_vs_human_primacy T=9 ctx=context(agent_power(powerless),time_horizon(biographical),exit_options(mobile),spatial_scope(national)) sub=0.62/snare interp=0.58/tangled_rope
DIVERGENT technocratic_paradigm_vs_human_primacy T=9 ctx=context(agent_power(powerless),time_horizon(biographical),exit_options(mobile),spatial_scope(global)) sub=0.62/snare interp=0.58/tangled_rope
DIVERGENT technocratic_paradigm_vs_human_primacy T=9 ctx=context(agent_power(powerless),time_horizon(biographical),exit_options(arbitrage),spatial_scope(national)) sub=0.62/snare interp=0.58/tangled_rope
DIVERGENT technocratic_paradigm_vs_human_primacy T=9 ctx=context(agent_power(powerless),time_horizon(biographical),exit_options(arbitrage),spatial_scope(global)) sub=0.62/snare interp=0.58/tangled_rope
DIVERGENT technocratic_paradigm_vs_human_primacy T=9 ctx=context(agent_power(powerless),time_horizon(generational),exit_options(trapped),spatial_scope(national)) sub=0.62/snare interp=0.58/tangled_rope
DIVERGENT technocratic_paradigm_vs_human_primacy T=9 ctx=context(agent_power(powerless),time_horizon(generational),exit_options(trapped),spatial_scope(global)) sub=0.62/snare interp=0.58/tangled_rope
DIVERGENT technocratic_paradigm_vs_human_primacy T=9 ctx=context(agent_power(powerless),time_horizon(generational),exit_options(constrained),spatial_scope(national)) sub=0.62/snare interp=0.58/tangled_rope
DIVERGENT technocratic_paradigm_vs_human_primacy T=9 ctx=context(agent_power(powerless),time_horizon(generational),exit_options(constrained),spatial_scope(global)) sub=0.62/snare interp=0.58/tangled_rope
DIVERGENT technocratic_paradigm_vs_human_primacy T=9 ctx=context(agent_power(powerless),time_horizon(generational),exit_options(mobile),spatial_scope(national)) sub=0.62/snare interp=0.58/tangled_rope
DIVERGENT technocratic_paradigm_vs_human_primacy T=9 ctx=context(agent_power(powerless),time_horizon(generational),exit_options(mobile),spatial_scope(global)) sub=0.62/snare interp=0.58/tangled_rope
DIVERGENT technocratic_paradigm_vs_human_primacy T=9 ctx=context(agent_power(powerless),time_horizon(generational),exit_options(arbitrage),spatial_scope(national)) sub=0.62/snare interp=0.58/tangled_rope
DIVERGENT technocratic_paradigm_vs_human_primacy T=9 ctx=context(agent_power(powerless),time_horizon(generational),exit_options(arbitrage),spatial_scope(global)) sub=0.62/snare interp=0.58/tangled_rope
DIVERGENT technocratic_paradigm_vs_human_primacy T=9 ctx=context(agent_power(powerless),time_horizon(civilizational),exit_options(trapped),spatial_scope(national)) sub=0.62/snare interp=0.58/tangled_rope
DIVERGENT technocratic_paradigm_vs_human_primacy T=9 ctx=context(agent_power(powerless),time_horizon(civilizational),exit_options(trapped),spatial_scope(global)) sub=0.62/snare interp=0.58/tangled_rope
DIVERGENT technocratic_paradigm_vs_human_primacy T=9 ctx=context(agent_power(powerless),time_horizon(civilizational),exit_options(constrained),spatial_scope(national)) sub=0.62/snare interp=0.58/tangled_rope
DIVERGENT technocratic_paradigm_vs_human_primacy T=9 ctx=context(agent_power(powerless),time_horizon(civilizational),exit_options(constrained),spatial_scope(global)) sub=0.62/snare interp=0.58/tangled_rope
DIVERGENT technocratic_paradigm_vs_human_primacy T=9 ctx=context(agent_power(powerless),time_horizon(civilizational),exit_options(mobile),spatial_scope(national)) sub=0.62/snare interp=0.58/tangled_rope
DIVERGENT technocratic_paradigm_vs_human_primacy T=9 ctx=context(agent_power(powerless),time_horizon(civilizational),exit_options(mobile),spatial_scope(global)) sub=0.62/snare interp=0.58/tangled_rope
DIVERGENT technocratic_paradigm_vs_human_primacy T=9 ctx=context(agent_power(powerless),time_horizon(civilizational),exit_options(arbitrage),spatial_scope(national)) sub=0.62/snare interp=0.58/tangled_rope
DIVERGENT technocratic_paradigm_vs_human_primacy T=9 ctx=context(agent_power(powerless),time_horizon(civilizational),exit_options(arbitrage),spatial_scope(global)) sub=0.62/snare interp=0.58/tangled_rope
DIVERGENT technocratic_paradigm_vs_human_primacy T=9 ctx=context(agent_power(powerless),time_horizon(civilizational),exit_options(analytical),spatial_scope(national)) sub=0.62/snare interp=0.58/tangled_rope
DIVERGENT technocratic_paradigm_vs_human_primacy T=9 ctx=context(agent_power(powerless),time_horizon(civilizational),exit_options(analytical),spatial_scope(global)) sub=0.62/snare interp=0.58/tangled_rope
DIVERGENT technocratic_paradigm_vs_human_primacy T=9 ctx=context(agent_power(moderate),time_horizon(biographical),exit_options(trapped),spatial_scope(global)) sub=0.62/snare interp=0.58/tangled_rope
DIVERGENT technocratic_paradigm_vs_human_primacy T=9 ctx=context(agent_power(moderate),time_horizon(biographical),exit_options(constrained),spatial_scope(global)) sub=0.62/snare interp=0.58/tangled_rope
DIVERGENT technocratic_paradigm_vs_human_primacy T=9 ctx=context(agent_power(moderate),time_horizon(biographical),exit_options(mobile),spatial_scope(global)) sub=0.62/snare interp=0.58/tangled_rope
DIVERGENT technocratic_paradigm_vs_human_primacy T=9 ctx=context(agent_power(moderate),time_horizon(biographical),exit_options(arbitrage),spatial_scope(global)) sub=0.62/snare interp=0.58/tangled_rope
DIVERGENT technocratic_paradigm_vs_human_primacy T=9 ctx=context(agent_power(moderate),time_horizon(generational),exit_options(trapped),spatial_scope(global)) sub=0.62/snare interp=0.58/tangled_rope
DIVERGENT technocratic_paradigm_vs_human_primacy T=9 ctx=context(agent_power(moderate),time_horizon(generational),exit_options(constrained),spatial_scope(global)) sub=0.62/snare interp=0.58/tangled_rope
DIVERGENT technocratic_paradigm_vs_human_primacy T=9 ctx=context(agent_power(moderate),time_horizon(generational),exit_options(mobile),spatial_scope(global)) sub=0.62/snare interp=0.58/tangled_rope
DIVERGENT technocratic_paradigm_vs_human_primacy T=9 ctx=context(agent_power(moderate),time_horizon(generational),exit_options(arbitrage),spatial_scope(global)) sub=0.62/snare interp=0.58/tangled_rope
DIVERGENT technocratic_paradigm_vs_human_primacy T=9 ctx=context(agent_power(moderate),time_horizon(civilizational),exit_options(trapped),spatial_scope(global)) sub=0.62/snare interp=0.58/tangled_rope
DIVERGENT technocratic_paradigm_vs_human_primacy T=9 ctx=context(agent_power(moderate),time_horizon(civilizational),exit_options(constrained),spatial_scope(global)) sub=0.62/snare interp=0.58/tangled_rope
DIVERGENT technocratic_paradigm_vs_human_primacy T=9 ctx=context(agent_power(moderate),time_horizon(civilizational),exit_options(mobile),spatial_scope(global)) sub=0.62/snare interp=0.58/tangled_rope
DIVERGENT technocratic_paradigm_vs_human_primacy T=9 ctx=context(agent_power(moderate),time_horizon(civilizational),exit_options(arbitrage),spatial_scope(global)) sub=0.62/snare interp=0.58/tangled_rope
DIVERGENT technocratic_paradigm_vs_human_primacy T=9 ctx=context(agent_power(moderate),time_horizon(civilizational),exit_options(analytical),spatial_scope(global)) sub=0.62/snare interp=0.58/tangled_rope
DIVERGENT technocratic_paradigm_vs_human_primacy T=9 ctx=context(agent_power(analytical),time_horizon(biographical),exit_options(trapped),spatial_scope(national)) sub=0.62/snare interp=0.58/tangled_rope
DIVERGENT technocratic_paradigm_vs_human_primacy T=9 ctx=context(agent_power(analytical),time_horizon(biographical),exit_options(trapped),spatial_scope(global)) sub=0.62/snare interp=0.58/tangled_rope
DIVERGENT technocratic_paradigm_vs_human_primacy T=9 ctx=context(agent_power(analytical),time_horizon(biographical),exit_options(constrained),spatial_scope(global)) sub=0.62/snare interp=0.58/tangled_rope
DIVERGENT technocratic_paradigm_vs_human_primacy T=9 ctx=context(agent_power(analytical),time_horizon(biographical),exit_options(mobile),spatial_scope(global)) sub=0.62/snare interp=0.58/tangled_rope
DIVERGENT technocratic_paradigm_vs_human_primacy T=9 ctx=context(agent_power(analytical),time_horizon(biographical),exit_options(arbitrage),spatial_scope(global)) sub=0.62/snare interp=0.58/tangled_rope
DIVERGENT technocratic_paradigm_vs_human_primacy T=9 ctx=context(agent_power(analytical),time_horizon(generational),exit_options(trapped),spatial_scope(national)) sub=0.62/snare interp=0.58/tangled_rope
DIVERGENT technocratic_paradigm_vs_human_primacy T=9 ctx=context(agent_power(analytical),time_horizon(generational),exit_options(trapped),spatial_scope(global)) sub=0.62/snare interp=0.58/tangled_rope
DIVERGENT technocratic_paradigm_vs_human_primacy T=9 ctx=context(agent_power(analytical),time_horizon(generational),exit_options(constrained),spatial_scope(global)) sub=0.62/snare interp=0.58/tangled_rope
DIVERGENT technocratic_paradigm_vs_human_primacy T=9 ctx=context(agent_power(analytical),time_horizon(generational),exit_options(mobile),spatial_scope(global)) sub=0.62/snare interp=0.58/tangled_rope
DIVERGENT technocratic_paradigm_vs_human_primacy T=9 ctx=context(agent_power(analytical),time_horizon(generational),exit_options(arbitrage),spatial_scope(global)) sub=0.62/snare interp=0.58/tangled_rope
DIVERGENT technocratic_paradigm_vs_human_primacy T=9 ctx=context(agent_power(analytical),time_horizon(civilizational),exit_options(trapped),spatial_scope(national)) sub=0.62/snare interp=0.58/tangled_rope
DIVERGENT technocratic_paradigm_vs_human_primacy T=9 ctx=context(agent_power(analytical),time_horizon(civilizational),exit_options(trapped),spatial_scope(global)) sub=0.62/snare interp=0.58/tangled_rope
DIVERGENT technocratic_paradigm_vs_human_primacy T=9 ctx=context(agent_power(analytical),time_horizon(civilizational),exit_options(constrained),spatial_scope(global)) sub=0.62/snare interp=0.58/tangled_rope
DIVERGENT technocratic_paradigm_vs_human_primacy T=9 ctx=context(agent_power(analytical),time_horizon(civilizational),exit_options(mobile),spatial_scope(global)) sub=0.62/snare interp=0.58/tangled_rope
DIVERGENT technocratic_paradigm_vs_human_primacy T=9 ctx=context(agent_power(analytical),time_horizon(civilizational),exit_options(arbitrage),spatial_scope(global)) sub=0.62/snare interp=0.58/tangled_rope
DIVERGENT technocratic_paradigm_vs_human_primacy T=9 ctx=context(agent_power(analytical),time_horizon(civilizational),exit_options(analytical),spatial_scope(global)) sub=0.62/snare interp=0.58/tangled_rope
DIVERGENT truth_democracy_disinformation T=2 ctx=context(agent_power(powerless),time_horizon(biographical),exit_options(trapped),spatial_scope(global)) sub=0.72/snare interp=0.56/tangled_rope
DIVERGENT truth_democracy_disinformation T=2 ctx=context(agent_power(powerless),time_horizon(biographical),exit_options(constrained),spatial_scope(global)) sub=0.72/snare interp=0.56/tangled_rope
DIVERGENT truth_democracy_disinformation T=2 ctx=context(agent_power(powerless),time_horizon(biographical),exit_options(mobile),spatial_scope(global)) sub=0.72/snare interp=0.56/tangled_rope
DIVERGENT truth_democracy_disinformation T=2 ctx=context(agent_power(powerless),time_horizon(biographical),exit_options(arbitrage),spatial_scope(global)) sub=0.72/snare interp=0.56/tangled_rope
DIVERGENT truth_democracy_disinformation T=2 ctx=context(agent_power(powerless),time_horizon(generational),exit_options(trapped),spatial_scope(global)) sub=0.72/snare interp=0.56/tangled_rope
DIVERGENT truth_democracy_disinformation T=2 ctx=context(agent_power(powerless),time_horizon(generational),exit_options(constrained),spatial_scope(global)) sub=0.72/snare interp=0.56/tangled_rope
DIVERGENT truth_democracy_disinformation T=2 ctx=context(agent_power(powerless),time_horizon(generational),exit_options(mobile),spatial_scope(global)) sub=0.72/snare interp=0.56/tangled_rope
DIVERGENT truth_democracy_disinformation T=2 ctx=context(agent_power(powerless),time_horizon(generational),exit_options(arbitrage),spatial_scope(global)) sub=0.72/snare interp=0.56/tangled_rope
DIVERGENT truth_democracy_disinformation T=2 ctx=context(agent_power(powerless),time_horizon(civilizational),exit_options(trapped),spatial_scope(global)) sub=0.72/snare interp=0.56/tangled_rope
DIVERGENT truth_democracy_disinformation T=2 ctx=context(agent_power(powerless),time_horizon(civilizational),exit_options(constrained),spatial_scope(global)) sub=0.72/snare interp=0.56/tangled_rope
DIVERGENT truth_democracy_disinformation T=2 ctx=context(agent_power(powerless),time_horizon(civilizational),exit_options(mobile),spatial_scope(global)) sub=0.72/snare interp=0.56/tangled_rope
DIVERGENT truth_democracy_disinformation T=2 ctx=context(agent_power(powerless),time_horizon(civilizational),exit_options(arbitrage),spatial_scope(global)) sub=0.72/snare interp=0.56/tangled_rope
DIVERGENT truth_democracy_disinformation T=2 ctx=context(agent_power(powerless),time_horizon(civilizational),exit_options(analytical),spatial_scope(global)) sub=0.72/snare interp=0.56/tangled_rope
DIVERGENT truth_democracy_disinformation T=2 ctx=context(agent_power(moderate),time_horizon(biographical),exit_options(trapped),spatial_scope(global)) sub=0.72/snare interp=0.56/tangled_rope
DIVERGENT truth_democracy_disinformation T=2 ctx=context(agent_power(moderate),time_horizon(generational),exit_options(trapped),spatial_scope(global)) sub=0.72/snare interp=0.56/tangled_rope
DIVERGENT truth_democracy_disinformation T=2 ctx=context(agent_power(moderate),time_horizon(civilizational),exit_options(trapped),spatial_scope(global)) sub=0.72/snare interp=0.56/tangled_rope
DIVERGENT truth_democracy_disinformation T=2 ctx=context(agent_power(analytical),time_horizon(biographical),exit_options(trapped),spatial_scope(global)) sub=0.72/snare interp=0.56/tangled_rope
DIVERGENT truth_democracy_disinformation T=2 ctx=context(agent_power(analytical),time_horizon(biographical),exit_options(constrained),spatial_scope(global)) sub=0.72/snare interp=0.56/tangled_rope
DIVERGENT truth_democracy_disinformation T=2 ctx=context(agent_power(analytical),time_horizon(generational),exit_options(trapped),spatial_scope(global)) sub=0.72/snare interp=0.56/tangled_rope
DIVERGENT truth_democracy_disinformation T=2 ctx=context(agent_power(analytical),time_horizon(generational),exit_options(constrained),spatial_scope(global)) sub=0.72/snare interp=0.56/tangled_rope
DIVERGENT truth_democracy_disinformation T=2 ctx=context(agent_power(analytical),time_horizon(civilizational),exit_options(trapped),spatial_scope(global)) sub=0.72/snare interp=0.56/tangled_rope
DIVERGENT truth_democracy_disinformation T=2 ctx=context(agent_power(analytical),time_horizon(civilizational),exit_options(constrained),spatial_scope(global)) sub=0.72/snare interp=0.56/tangled_rope

TOTAL cells(row x ctx)=3588 divergent_cells=181
