
====================================================
   STRUCTURAL ANALYSIS STACK INITIALIZED             
====================================================
Control:    Scenario Manager Active
Usage:      run_scenario('file.pl', interval_id).
====================================================
C1 interp-identity: 215 authored points checked, 0 mismatches []
--- agenda_conditioning scalar=0.72 series=[0-0.55,20-0.62,40-0.7,50-0.72] misaligned=[10,30]
  T=10 sub=0.72 interp=0.58 type_sub=snare type_interp=tangled_rope pathctl=ok DIVERGENT
  T=30 sub=0.72 interp=0.66 type_sub=snare type_interp=snare pathctl=ok same
--- digital_colonialism_data_extraction scalar=0.82 series=[0-0.68,6-0.76,12-0.82] misaligned=[3,9]
  T=3 sub=0.82 interp=0.72 type_sub=snare type_interp=snare pathctl=ok same
  T=9 sub=0.82 interp=0.79 type_sub=snare type_interp=snare pathctl=ok same
--- institutional_trust_erosion scalar=0.20 series=[0-0.15,20-0.18,40-0.2] misaligned=[10,30]
  T=10 sub=0.20 interp=0.16 type_sub=scaffold type_interp=scaffold pathctl=ok same
  T=30 sub=0.20 interp=0.19 type_sub=scaffold type_interp=scaffold pathctl=ok same
--- post_1998_convergence scalar=0.72 series=[0-0.4,9-0.48,18-0.65,28-0.72,33-0.7] misaligned=[13,23]
  T=13 sub=0.72 interp=0.56 type_sub=snare type_interp=tangled_rope pathctl=ok DIVERGENT
  T=23 sub=0.72 interp=0.69 type_sub=snare type_interp=snare pathctl=ok same
--- scale_ceiling scalar=0.08 series=[0-0.05,30-0.08,60-0.12,75-0.08] misaligned=[15,45]
  T=15 sub=0.08 interp=0.07 type_sub=rope type_interp=rope pathctl=ok same
  T=45 sub=0.08 interp=0.10 type_sub=rope type_interp=rope pathctl=ok same
--- substantive_employment_reading scalar=0.67 series=[0-0.45,6-0.58,12-0.67] misaligned=[3,9]
  T=3 sub=0.67 interp=0.52 type_sub=tangled_rope type_interp=tangled_rope pathctl=ok same
  T=9 sub=0.67 interp=0.62 type_sub=snare type_interp=snare pathctl=ok same
--- techno_optimist_reading scalar=0.42 series=[0-0.3,5-0.38,10-0.42] misaligned=[3,6]
  T=3 sub=0.42 interp=0.35 type_sub=unknown type_interp=unknown pathctl=ok same
  T=6 sub=0.42 interp=0.39 type_sub=unknown type_interp=unknown pathctl=ok same
--- technocratic_paradigm_vs_human_primacy scalar=0.62 series=[0-0.45,6-0.55,12-0.62] misaligned=[3,9]
  T=3 sub=0.62 interp=0.50 type_sub=tangled_rope type_interp=tangled_rope pathctl=ok same
  T=9 sub=0.62 interp=0.58 type_sub=snare type_interp=tangled_rope pathctl=ok DIVERGENT
--- truth_democracy_disinformation scalar=0.72 series=[0-0.5,4-0.62,8-0.72] misaligned=[2,6]
  T=2 sub=0.72 interp=0.56 type_sub=tangled_rope type_interp=tangled_rope pathctl=ok same
  T=6 sub=0.72 interp=0.67 type_sub=snare type_interp=snare pathctl=ok same
--- wage_convergence_mechanism scalar=0.42 series=[0-0.3,6-0.38,12-0.42] misaligned=[3,9]
  T=3 sub=0.42 interp=0.34 type_sub=scaffold type_interp=scaffold pathctl=ok same
  T=9 sub=0.42 interp=0.40 type_sub=scaffold type_interp=scaffold pathctl=ok same
--- wage_convergence_sustainability scalar=0.35 series=[0-0.2,6-0.35] misaligned=[2,4,8]
  T=2 sub=0.35 interp=0.25 type_sub=scaffold type_interp=scaffold pathctl=ok same
  T=4 sub=0.35 interp=0.30 type_sub=scaffold type_interp=scaffold pathctl=ok same
  T=8 sub=0.35 interp=0.35 type_sub=scaffold type_interp=scaffold pathctl=ok same

TOTAL misaligned_rows=23 host_constraints=11 divergent_rows=3 path_control_failures=0
